<?xml version="1.0" encoding="ISO-8859-1" ?>
<link_info>
   <banner>TMS320C2000 Linker PC v22.6.1.LTS</banner>
   <copyright>Copyright (c) 1996-2018 Texas Instruments Incorporated</copyright>
   <link_time>0x6909acb9</link_time>
   <link_errors>0x0</link_errors>
   <output_file>empty_sysconfig_176ptp.out</output_file>
   <entry_point>
      <name>code_start</name>
      <address>0x0</address>
   </entry_point>
   <input_file_list>
      <input_file id="fl-2">
         <path>.\</path>
         <kind>object</kind>
         <file>asin.obj</file>
         <name>asin.obj</name>
      </input_file>
      <input_file id="fl-3">
         <path>.\syscfg\</path>
         <kind>object</kind>
         <file>board.obj</file>
         <name>board.obj</name>
      </input_file>
      <input_file id="fl-4">
         <path>.\syscfg\</path>
         <kind>object</kind>
         <file>c2000ware_libraries.obj</file>
         <name>c2000ware_libraries.obj</name>
      </input_file>
      <input_file id="fl-5">
         <path>.\</path>
         <kind>object</kind>
         <file>empty_sysconfig_main.obj</file>
         <name>empty_sysconfig_main.obj</name>
      </input_file>
      <input_file id="fl-6">
         <path>.\device\</path>
         <kind>object</kind>
         <file>F2837xS_CodeStartBranch.obj</file>
         <name>F2837xS_CodeStartBranch.obj</name>
      </input_file>
      <input_file id="fl-7">
         <path>.\device\</path>
         <kind>object</kind>
         <file>device.obj</file>
         <name>device.obj</name>
      </input_file>
      <input_file id="fl-c">
         <kind>object</kind>
         <file>&lt;internal&gt;</file>
         <name>&lt;internal&gt;</name>
      </input_file>
      <input_file id="fl-10">
         <path>C:\ti\c2000\C2000Ware_5_01_00_00\driverlib\f2837xs\driverlib\ccs\Debug\</path>
         <kind>archive</kind>
         <file>driverlib_eabi.lib</file>
         <name>cla.obj</name>
      </input_file>
      <input_file id="fl-11">
         <path>C:\ti\c2000\C2000Ware_5_01_00_00\driverlib\f2837xs\driverlib\ccs\Debug\</path>
         <kind>archive</kind>
         <file>driverlib_eabi.lib</file>
         <name>interrupt.obj</name>
      </input_file>
      <input_file id="fl-12">
         <path>C:\ti\c2000\C2000Ware_5_01_00_00\driverlib\f2837xs\driverlib\ccs\Debug\</path>
         <kind>archive</kind>
         <file>driverlib_eabi.lib</file>
         <name>memcfg.obj</name>
      </input_file>
      <input_file id="fl-13">
         <path>C:\ti\c2000\C2000Ware_5_01_00_00\driverlib\f2837xs\driverlib\ccs\Debug\</path>
         <kind>archive</kind>
         <file>driverlib_eabi.lib</file>
         <name>sysctl.obj</name>
      </input_file>
      <input_file id="fl-1f">
         <path>C:\ti\ccs1271\ccs\tools\compiler\ti-cgt-c2000_22.6.1.LTS\lib\</path>
         <kind>archive</kind>
         <file>rts2800_fpu32_eabi.lib</file>
         <name>boot28.asm.obj</name>
      </input_file>
      <input_file id="fl-20">
         <path>C:\ti\ccs1271\ccs\tools\compiler\ti-cgt-c2000_22.6.1.LTS\lib\</path>
         <kind>archive</kind>
         <file>rts2800_fpu32_eabi.lib</file>
         <name>fs_div28.asm.obj</name>
      </input_file>
      <input_file id="fl-21">
         <path>C:\ti\ccs1271\ccs\tools\compiler\ti-cgt-c2000_22.6.1.LTS\lib\</path>
         <kind>archive</kind>
         <file>rts2800_fpu32_eabi.lib</file>
         <name>pre_init.c.obj</name>
      </input_file>
      <input_file id="fl-22">
         <path>C:\ti\ccs1271\ccs\tools\compiler\ti-cgt-c2000_22.6.1.LTS\lib\</path>
         <kind>archive</kind>
         <file>rts2800_fpu32_eabi.lib</file>
         <name>autoinit.c.obj</name>
      </input_file>
      <input_file id="fl-23">
         <path>C:\ti\ccs1271\ccs\tools\compiler\ti-cgt-c2000_22.6.1.LTS\lib\</path>
         <kind>archive</kind>
         <file>rts2800_fpu32_eabi.lib</file>
         <name>copy_zero_init.c.obj</name>
      </input_file>
      <input_file id="fl-24">
         <path>C:\ti\ccs1271\ccs\tools\compiler\ti-cgt-c2000_22.6.1.LTS\lib\</path>
         <kind>archive</kind>
         <file>rts2800_fpu32_eabi.lib</file>
         <name>copy_decompress_none.c.obj</name>
      </input_file>
      <input_file id="fl-25">
         <path>C:\ti\ccs1271\ccs\tools\compiler\ti-cgt-c2000_22.6.1.LTS\lib\</path>
         <kind>archive</kind>
         <file>rts2800_fpu32_eabi.lib</file>
         <name>copy_decompress_lzss.c.obj</name>
      </input_file>
      <input_file id="fl-26">
         <path>C:\ti\ccs1271\ccs\tools\compiler\ti-cgt-c2000_22.6.1.LTS\lib\</path>
         <kind>archive</kind>
         <file>rts2800_fpu32_eabi.lib</file>
         <name>exit.c.obj</name>
      </input_file>
      <input_file id="fl-27">
         <path>C:\ti\ccs1271\ccs\tools\compiler\ti-cgt-c2000_22.6.1.LTS\lib\</path>
         <kind>archive</kind>
         <file>rts2800_fpu32_eabi.lib</file>
         <name>_lock.c.obj</name>
      </input_file>
      <input_file id="fl-28">
         <path>C:\ti\ccs1271\ccs\tools\compiler\ti-cgt-c2000_22.6.1.LTS\lib\</path>
         <kind>archive</kind>
         <file>rts2800_fpu32_eabi.lib</file>
         <name>args_main.c.obj</name>
      </input_file>
      <input_file id="fl-29">
         <path>C:\ti\ccs1271\ccs\tools\compiler\ti-cgt-c2000_22.6.1.LTS\lib\</path>
         <kind>archive</kind>
         <file>rts2800_fpu32_eabi.lib</file>
         <name>memset.c.obj</name>
      </input_file>
      <input_file id="fl-2a">
         <path>C:\ti\ccs1271\ccs\tools\compiler\ti-cgt-c2000_22.6.1.LTS\lib\</path>
         <kind>archive</kind>
         <file>rts2800_fpu32_eabi.lib</file>
         <name>cpy_tbl.c.obj</name>
      </input_file>
      <input_file id="fl-2b">
         <path>C:\ti\ccs1271\ccs\tools\compiler\ti-cgt-c2000_22.6.1.LTS\lib\</path>
         <kind>archive</kind>
         <file>rts2800_fpu32_eabi.lib</file>
         <name>memcpy.c.obj</name>
      </input_file>
      <input_file id="fl-2c">
         <path>C:\ti\ccs1271\ccs\tools\compiler\ti-cgt-c2000_22.6.1.LTS\lib\</path>
         <kind>archive</kind>
         <file>rts2800_fpu32_eabi.lib</file>
         <name>startup.c.obj</name>
      </input_file>
   </input_file_list>
   <object_component_list>
      <object_component id="oc-2d">
         <name>codestart</name>
         <load_address>0x0</load_address>
         <run_address>0x0</run_address>
         <size>0x2</size>
         <input_file_ref idref="fl-6"/>
      </object_component>
      <object_component id="oc-34">
         <name>.text</name>
         <load_address>0xb000</load_address>
         <run_address>0xb000</run_address>
         <size>0x27e</size>
         <input_file_ref idref="fl-3"/>
      </object_component>
      <object_component id="oc-62">
         <name>.text</name>
         <load_address>0xb27e</load_address>
         <run_address>0xb27e</run_address>
         <size>0x244</size>
         <input_file_ref idref="fl-7"/>
      </object_component>
      <object_component id="oc-df">
         <name>.text:SysCtl_setClock</name>
         <load_address>0xb4c2</load_address>
         <run_address>0xb4c2</run_address>
         <size>0x206</size>
         <input_file_ref idref="fl-13"/>
      </object_component>
      <object_component id="oc-32">
         <name>.text:retain</name>
         <load_address>0xb6c8</load_address>
         <run_address>0xb6c8</run_address>
         <size>0xb8</size>
         <input_file_ref idref="fl-5"/>
      </object_component>
      <object_component id="oc-a4">
         <name>.text:MemCfg_initSections</name>
         <load_address>0xb780</load_address>
         <run_address>0xb780</run_address>
         <size>0x7c</size>
         <input_file_ref idref="fl-12"/>
      </object_component>
      <object_component id="oc-127">
         <name>.text</name>
         <load_address>0xb7fc</load_address>
         <run_address>0xb7fc</run_address>
         <size>0x2</size>
         <input_file_ref idref="fl-21"/>
      </object_component>
      <object_component id="oc-1bd">
         <name>.text</name>
         <load_address>0xb7fe</load_address>
         <run_address>0xb7fe</run_address>
         <size>0x1</size>
         <input_file_ref idref="fl-2c"/>
      </object_component>
      <object_component id="oc-aa">
         <name>.text:MemCfg_getInitStatus</name>
         <load_address>0xb800</load_address>
         <run_address>0xb800</run_address>
         <size>0x91</size>
         <input_file_ref idref="fl-12"/>
      </object_component>
      <object_component id="oc-b6">
         <name>.text:MemCfg_setProtection</name>
         <load_address>0xb891</load_address>
         <run_address>0xb891</run_address>
         <size>0x8b</size>
         <input_file_ref idref="fl-12"/>
      </object_component>
      <object_component id="oc-1b1">
         <name>.text:SysCtl_selectXTAL</name>
         <load_address>0xb91c</load_address>
         <run_address>0xb91c</run_address>
         <size>0x8a</size>
         <input_file_ref idref="fl-13"/>
      </object_component>
      <object_component id="oc-151">
         <name>.text</name>
         <load_address>0xb9a6</load_address>
         <run_address>0xb9a6</run_address>
         <size>0x88</size>
         <input_file_ref idref="fl-20"/>
      </object_component>
      <object_component id="oc-d9">
         <name>.text:SysCtl_getDeviceParametric</name>
         <load_address>0xba2e</load_address>
         <run_address>0xba2e</run_address>
         <size>0x68</size>
         <input_file_ref idref="fl-13"/>
      </object_component>
      <object_component id="oc-e5">
         <name>.text:SysCtl_getClock</name>
         <load_address>0xba96</load_address>
         <run_address>0xba96</run_address>
         <size>0x51</size>
         <input_file_ref idref="fl-13"/>
      </object_component>
      <object_component id="oc-144">
         <name>.text:SysCtl_selectOscSource</name>
         <load_address>0xbae7</load_address>
         <run_address>0xbae7</run_address>
         <size>0x48</size>
         <input_file_ref idref="fl-13"/>
      </object_component>
      <object_component id="oc-9e">
         <name>.text:Interrupt_enable</name>
         <load_address>0xbb2f</load_address>
         <run_address>0xbb2f</run_address>
         <size>0x37</size>
         <input_file_ref idref="fl-11"/>
      </object_component>
      <object_component id="oc-b0">
         <name>.text:MemCfg_setLSRAMControllerSel</name>
         <load_address>0xbb66</load_address>
         <run_address>0xbb66</run_address>
         <size>0x37</size>
         <input_file_ref idref="fl-12"/>
      </object_component>
      <object_component id="oc-5b">
         <name>.text</name>
         <load_address>0xbb9d</load_address>
         <run_address>0xbb9d</run_address>
         <size>0x36</size>
         <input_file_ref idref="fl-5"/>
      </object_component>
      <object_component id="oc-20">
         <name>.text:decompress:lzss</name>
         <load_address>0xbbd3</load_address>
         <run_address>0xbbd3</run_address>
         <size>0x30</size>
         <input_file_ref idref="fl-25"/>
      </object_component>
      <object_component id="oc-173">
         <name>.text:__TI_auto_init_nobinit_nopinit</name>
         <load_address>0xbc03</load_address>
         <run_address>0xbc03</run_address>
         <size>0x2b</size>
         <input_file_ref idref="fl-22"/>
      </object_component>
      <object_component id="oc-134">
         <name>.text</name>
         <load_address>0xbc2e</load_address>
         <run_address>0xbc2e</run_address>
         <size>0x29</size>
         <input_file_ref idref="fl-26"/>
      </object_component>
      <object_component id="oc-6e">
         <name>.text:CLA_setTriggerSource</name>
         <load_address>0xbc57</load_address>
         <run_address>0xbc57</run_address>
         <size>0x26</size>
         <input_file_ref idref="fl-10"/>
      </object_component>
      <object_component id="oc-1f5">
         <name>.text:CPUTimer_selectClockSource</name>
         <load_address>0xbc7d</load_address>
         <run_address>0xbc7d</run_address>
         <size>0x21</size>
         <input_file_ref idref="fl-13"/>
      </object_component>
      <object_component id="oc-22e">
         <name>.text:CPUTimer_getTimerOverflowStatus</name>
         <load_address>0xbc9e</load_address>
         <run_address>0xbc9e</run_address>
         <size>0x1f</size>
         <input_file_ref idref="fl-13"/>
      </object_component>
      <object_component id="oc-41">
         <name>.text</name>
         <load_address>0xbcbd</load_address>
         <run_address>0xbcbd</run_address>
         <size>0x1d</size>
         <input_file_ref idref="fl-2b"/>
      </object_component>
      <object_component id="oc-201">
         <name>.text:CPUTimer_startTimer</name>
         <load_address>0xbcda</load_address>
         <run_address>0xbcda</run_address>
         <size>0x1a</size>
         <input_file_ref idref="fl-13"/>
      </object_component>
      <object_component id="oc-ec">
         <name>.text:SysCtl_getLowSpeedClock</name>
         <load_address>0xbcf4</load_address>
         <run_address>0xbcf4</run_address>
         <size>0x1a</size>
         <input_file_ref idref="fl-13"/>
      </object_component>
      <object_component id="oc-222">
         <name>.text:CPUTimer_isBaseValid</name>
         <load_address>0xbd0e</load_address>
         <run_address>0xbd0e</run_address>
         <size>0x17</size>
         <input_file_ref idref="fl-13"/>
      </object_component>
      <object_component id="oc-d1">
         <name>.text</name>
         <load_address>0xbd25</load_address>
         <run_address>0xbd25</run_address>
         <size>0x17</size>
         <input_file_ref idref="fl-1f"/>
      </object_component>
      <object_component id="oc-1e9">
         <name>.text:CPUTimer_stopTimer</name>
         <load_address>0xbd3c</load_address>
         <run_address>0xbd3c</run_address>
         <size>0x14</size>
         <input_file_ref idref="fl-13"/>
      </object_component>
      <object_component id="oc-1fb">
         <name>.text:CPUTimer_clearOverflowFlag</name>
         <load_address>0xbd50</load_address>
         <run_address>0xbd50</run_address>
         <size>0x12</size>
         <input_file_ref idref="fl-13"/>
      </object_component>
      <object_component id="oc-1e3">
         <name>.text:CPUTimer_disableInterrupt</name>
         <load_address>0xbd62</load_address>
         <run_address>0xbd62</run_address>
         <size>0x12</size>
         <input_file_ref idref="fl-13"/>
      </object_component>
      <object_component id="oc-1ef">
         <name>.text:CPUTimer_setPeriod</name>
         <load_address>0xbd74</load_address>
         <run_address>0xbd74</run_address>
         <size>0x11</size>
         <input_file_ref idref="fl-13"/>
      </object_component>
      <object_component id="oc-207">
         <name>.text:SysCtl_pollCpuTimer</name>
         <load_address>0xbd85</load_address>
         <run_address>0xbd85</run_address>
         <size>0xf</size>
         <input_file_ref idref="fl-13"/>
      </object_component>
      <object_component id="oc-105">
         <name>.text:Interrupt_disableGlobal</name>
         <load_address>0xbd94</load_address>
         <run_address>0xbd94</run_address>
         <size>0xd</size>
         <input_file_ref idref="fl-11"/>
      </object_component>
      <object_component id="oc-10b">
         <name>.text:Interrupt_enableGlobal</name>
         <load_address>0xbda1</load_address>
         <run_address>0xbda1</run_address>
         <size>0xd</size>
         <input_file_ref idref="fl-11"/>
      </object_component>
      <object_component id="oc-49">
         <name>.text:decompress:ZI:__TI_zero_init_nomemset</name>
         <load_address>0xbdae</load_address>
         <run_address>0xbdae</run_address>
         <size>0xd</size>
         <input_file_ref idref="fl-23"/>
      </object_component>
      <object_component id="oc-12e">
         <name>.text</name>
         <load_address>0xbdbb</load_address>
         <run_address>0xbdbb</run_address>
         <size>0xc</size>
         <input_file_ref idref="fl-28"/>
      </object_component>
      <object_component id="oc-13e">
         <name>.text:SysCtl_isMCDClockFailureDetected</name>
         <load_address>0xbdc7</load_address>
         <run_address>0xbdc7</run_address>
         <size>0xb</size>
         <input_file_ref idref="fl-13"/>
      </object_component>
      <object_component id="oc-14b">
         <name>.text:SysCtl_serviceWatchdog</name>
         <load_address>0xbdd2</load_address>
         <run_address>0xbdd2</run_address>
         <size>0x9</size>
         <input_file_ref idref="fl-13"/>
      </object_component>
      <object_component id="oc-1d7">
         <name>.text</name>
         <load_address>0xbddb</load_address>
         <run_address>0xbddb</run_address>
         <size>0x9</size>
         <input_file_ref idref="fl-27"/>
      </object_component>
      <object_component id="oc-55">
         <name>.text</name>
         <load_address>0xbde4</load_address>
         <run_address>0xbde4</run_address>
         <size>0x8</size>
         <input_file_ref idref="fl-6"/>
      </object_component>
      <object_component id="oc-26">
         <name>.text:decompress:none</name>
         <load_address>0xbdec</load_address>
         <run_address>0xbdec</run_address>
         <size>0x8</size>
         <input_file_ref idref="fl-24"/>
      </object_component>
      <object_component id="oc-20d">
         <name>.text:SysCtl_resetMCD</name>
         <load_address>0xbdf4</load_address>
         <run_address>0xbdf4</run_address>
         <size>0x7</size>
         <input_file_ref idref="fl-13"/>
      </object_component>
      <object_component id="oc-275">
         <name>.cinit..data.load</name>
         <load_address>0x128</load_address>
         <run_address>0x128</run_address>
         <size>0x9</size>
      </object_component>
      <object_component id="oc-273">
         <name>__TI_handler_table</name>
         <load_address>0x132</load_address>
         <run_address>0x132</run_address>
         <size>0x6</size>
      </object_component>
      <object_component id="oc-276">
         <name>.cinit.Cla1ToCpuMsgRAM.load</name>
         <load_address>0x138</load_address>
         <run_address>0x138</run_address>
         <size>0x4</size>
      </object_component>
      <object_component id="oc-274">
         <name>__TI_cinit_table</name>
         <load_address>0x13c</load_address>
         <run_address>0x13c</run_address>
         <size>0x8</size>
      </object_component>
      <object_component id="oc-3e">
         <name>.stack</name>
         <uninitialized>true</uninitialized>
         <run_address>0x400</run_address>
         <size>0x0</size>
         <input_file_ref idref="fl-1f"/>
      </object_component>
      <object_component id="oc-277">
         <name>.stack</name>
         <uninitialized>true</uninitialized>
         <run_address>0x400</run_address>
         <size>0x0</size>
      </object_component>
      <object_component id="oc-13d">
         <name>.const:.string</name>
         <load_address>0x9800</load_address>
         <run_address>0x9800</run_address>
         <size>0xc2</size>
         <input_file_ref idref="fl-13"/>
      </object_component>
      <object_component id="oc-61">
         <name>.const:.string</name>
         <load_address>0x98c2</load_address>
         <run_address>0x98c2</run_address>
         <size>0x8a</size>
         <input_file_ref idref="fl-3"/>
      </object_component>
      <object_component id="oc-113">
         <name>.const:.string</name>
         <load_address>0x994c</load_address>
         <run_address>0x994c</run_address>
         <size>0x60</size>
         <input_file_ref idref="fl-12"/>
      </object_component>
      <object_component id="oc-d7">
         <name>.const:.string</name>
         <load_address>0x99ac</load_address>
         <run_address>0x99ac</run_address>
         <size>0x43</size>
         <input_file_ref idref="fl-5"/>
      </object_component>
      <object_component id="oc-eb">
         <name>.const:.string</name>
         <load_address>0x99f0</load_address>
         <run_address>0x99f0</run_address>
         <size>0x13</size>
         <input_file_ref idref="fl-7"/>
      </object_component>
      <object_component id="oc-f2">
         <name>.data</name>
         <load_address>0x9a04</load_address>
         <run_address>0x9a04</run_address>
         <size>0x6</size>
         <input_file_ref idref="fl-7"/>
      </object_component>
      <object_component id="oc-1a5">
         <name>.data</name>
         <load_address>0x9a0a</load_address>
         <run_address>0x9a0a</run_address>
         <size>0x6</size>
         <input_file_ref idref="fl-26"/>
      </object_component>
      <object_component id="oc-1a8">
         <name>.data:_lock</name>
         <load_address>0x9a10</load_address>
         <run_address>0x9a10</run_address>
         <size>0x2</size>
         <input_file_ref idref="fl-27"/>
      </object_component>
      <object_component id="oc-21b">
         <name>.data:_unlock</name>
         <load_address>0x9a12</load_address>
         <run_address>0x9a12</run_address>
         <size>0x2</size>
         <input_file_ref idref="fl-27"/>
      </object_component>
      <object_component id="oc-68">
         <name>Cla1Prog:Cla1Task1</name>
         <load_address>0xa000</load_address>
         <run_address>0xa000</run_address>
         <size>0xe</size>
         <input_file_ref idref="fl-2"/>
      </object_component>
      <object_component id="oc-74">
         <name>Cla1Prog:Cla1Task2</name>
         <load_address>0xa00e</load_address>
         <run_address>0xa00e</run_address>
         <size>0x8</size>
         <input_file_ref idref="fl-2"/>
      </object_component>
      <object_component id="oc-7a">
         <name>Cla1Prog:Cla1Task3</name>
         <load_address>0xa016</load_address>
         <run_address>0xa016</run_address>
         <size>0x8</size>
         <input_file_ref idref="fl-2"/>
      </object_component>
      <object_component id="oc-80">
         <name>Cla1Prog:Cla1Task4</name>
         <load_address>0xa01e</load_address>
         <run_address>0xa01e</run_address>
         <size>0x8</size>
         <input_file_ref idref="fl-2"/>
      </object_component>
      <object_component id="oc-86">
         <name>Cla1Prog:Cla1Task5</name>
         <load_address>0xa026</load_address>
         <run_address>0xa026</run_address>
         <size>0x8</size>
         <input_file_ref idref="fl-2"/>
      </object_component>
      <object_component id="oc-8c">
         <name>Cla1Prog:Cla1Task6</name>
         <load_address>0xa02e</load_address>
         <run_address>0xa02e</run_address>
         <size>0x8</size>
         <input_file_ref idref="fl-2"/>
      </object_component>
      <object_component id="oc-92">
         <name>Cla1Prog:Cla1Task7</name>
         <load_address>0xa036</load_address>
         <run_address>0xa036</run_address>
         <size>0x8</size>
         <input_file_ref idref="fl-2"/>
      </object_component>
      <object_component id="oc-98">
         <name>Cla1Prog:Cla1Task8</name>
         <load_address>0xa03e</load_address>
         <run_address>0xa03e</run_address>
         <size>0x8</size>
         <input_file_ref idref="fl-2"/>
      </object_component>
      <object_component id="oc-f7">
         <name>Cla1ToCpuMsgRAM</name>
         <uninitialized>true</uninitialized>
         <run_address>0x1480</run_address>
         <size>0x2</size>
         <input_file_ref idref="fl-5"/>
      </object_component>
      <object_component id="oc-14a">
         <name>.TI.ramfunc</name>
         <load_address>0x123</load_address>
         <run_address>0x123</run_address>
         <size>0x4</size>
         <input_file_ref idref="fl-13"/>
      </object_component>
      <object_component id="oc-fb">
         <name>.debug_types</name>
         <load_address>0x0</load_address>
         <run_address>0x0</run_address>
         <size>0x2d9</size>
         <input_file_ref idref="fl-2"/>
      </object_component>
      <object_component id="oc-bd">
         <name>.debug_types</name>
         <load_address>0x2d9</load_address>
         <run_address>0x2d9</run_address>
         <size>0xc48</size>
         <input_file_ref idref="fl-3"/>
      </object_component>
      <object_component id="oc-bf">
         <name>.debug_types</name>
         <load_address>0x0</load_address>
         <run_address>0x0</run_address>
         <size>0x0</size>
         <input_file_ref idref="fl-5"/>
      </object_component>
      <object_component id="oc-f6">
         <name>.debug_types</name>
         <load_address>0xf21</load_address>
         <run_address>0xf21</run_address>
         <size>0xbbc</size>
         <input_file_ref idref="fl-7"/>
      </object_component>
      <object_component id="oc-fd">
         <name>.debug_types</name>
         <load_address>0x0</load_address>
         <run_address>0x0</run_address>
         <size>0x0</size>
         <input_file_ref idref="fl-10"/>
      </object_component>
      <object_component id="oc-112">
         <name>.debug_types</name>
         <load_address>0x0</load_address>
         <run_address>0x0</run_address>
         <size>0x0</size>
         <input_file_ref idref="fl-11"/>
      </object_component>
      <object_component id="oc-115">
         <name>.debug_types</name>
         <load_address>0x1add</load_address>
         <run_address>0x1add</run_address>
         <size>0xdf</size>
         <input_file_ref idref="fl-12"/>
      </object_component>
      <object_component id="oc-13c">
         <name>.debug_types</name>
         <load_address>0x1bbc</load_address>
         <run_address>0x1bbc</run_address>
         <size>0x254</size>
         <input_file_ref idref="fl-13"/>
      </object_component>
      <object_component id="oc-172">
         <name>.debug_types</name>
         <load_address>0x0</load_address>
         <run_address>0x0</run_address>
         <size>0x0</size>
         <input_file_ref idref="fl-21"/>
      </object_component>
      <object_component id="oc-1c4">
         <name>.debug_types</name>
         <load_address>0x1e10</load_address>
         <run_address>0x1e10</run_address>
         <size>0x49b</size>
         <input_file_ref idref="fl-22"/>
      </object_component>
      <object_component id="oc-c9">
         <name>.debug_types</name>
         <load_address>0x22ab</load_address>
         <run_address>0x22ab</run_address>
         <size>0x1f3</size>
         <input_file_ref idref="fl-23"/>
      </object_component>
      <object_component id="oc-48">
         <name>.debug_types</name>
         <load_address>0x0</load_address>
         <run_address>0x0</run_address>
         <size>0x0</size>
         <input_file_ref idref="fl-24"/>
      </object_component>
      <object_component id="oc-40">
         <name>.debug_types</name>
         <load_address>0x249e</load_address>
         <run_address>0x249e</run_address>
         <size>0x191</size>
         <input_file_ref idref="fl-25"/>
      </object_component>
      <object_component id="oc-1ac">
         <name>.debug_types</name>
         <load_address>0x262f</load_address>
         <run_address>0x262f</run_address>
         <size>0xbf</size>
         <input_file_ref idref="fl-26"/>
      </object_component>
      <object_component id="oc-1df">
         <name>.debug_types</name>
         <load_address>0x26ee</load_address>
         <run_address>0x26ee</run_address>
         <size>0x2f</size>
         <input_file_ref idref="fl-27"/>
      </object_component>
      <object_component id="oc-1a4">
         <name>.debug_types</name>
         <load_address>0x271d</load_address>
         <run_address>0x271d</run_address>
         <size>0xe1</size>
         <input_file_ref idref="fl-28"/>
      </object_component>
      <object_component id="oc-c4">
         <name>.debug_types</name>
         <load_address>0x27fe</load_address>
         <run_address>0x27fe</run_address>
         <size>0xb8</size>
         <input_file_ref idref="fl-2b"/>
      </object_component>
      <object_component id="oc-215">
         <name>.debug_types</name>
         <load_address>0x0</load_address>
         <run_address>0x0</run_address>
         <size>0x0</size>
         <input_file_ref idref="fl-2c"/>
      </object_component>
      <object_component id="oc-6c">
         <name>.debug_info</name>
         <load_address>0x0</load_address>
         <run_address>0x0</run_address>
         <size>0x11d</size>
         <input_file_ref idref="fl-2"/>
      </object_component>
      <object_component id="oc-78">
         <name>.debug_info</name>
         <load_address>0x11d</load_address>
         <run_address>0x11d</run_address>
         <size>0x11d</size>
         <input_file_ref idref="fl-2"/>
      </object_component>
      <object_component id="oc-7e">
         <name>.debug_info</name>
         <load_address>0x23a</load_address>
         <run_address>0x23a</run_address>
         <size>0x11d</size>
         <input_file_ref idref="fl-2"/>
      </object_component>
      <object_component id="oc-82">
         <name>.debug_info</name>
         <load_address>0x357</load_address>
         <run_address>0x357</run_address>
         <size>0x11d</size>
         <input_file_ref idref="fl-2"/>
      </object_component>
      <object_component id="oc-88">
         <name>.debug_info</name>
         <load_address>0x474</load_address>
         <run_address>0x474</run_address>
         <size>0x11d</size>
         <input_file_ref idref="fl-2"/>
      </object_component>
      <object_component id="oc-90">
         <name>.debug_info</name>
         <load_address>0x591</load_address>
         <run_address>0x591</run_address>
         <size>0x11d</size>
         <input_file_ref idref="fl-2"/>
      </object_component>
      <object_component id="oc-96">
         <name>.debug_info</name>
         <load_address>0x6ae</load_address>
         <run_address>0x6ae</run_address>
         <size>0x11d</size>
         <input_file_ref idref="fl-2"/>
      </object_component>
      <object_component id="oc-9a">
         <name>.debug_info</name>
         <load_address>0x7cb</load_address>
         <run_address>0x7cb</run_address>
         <size>0x11d</size>
         <input_file_ref idref="fl-2"/>
      </object_component>
      <object_component id="oc-37">
         <name>.debug_info</name>
         <load_address>0x8e8</load_address>
         <run_address>0x8e8</run_address>
         <size>0x1278</size>
         <input_file_ref idref="fl-3"/>
      </object_component>
      <object_component id="oc-f8">
         <name>.debug_info</name>
         <load_address>0x1b60</load_address>
         <run_address>0x1b60</run_address>
         <size>0xf3</size>
         <input_file_ref idref="fl-5"/>
      </object_component>
      <object_component id="oc-5f">
         <name>.debug_info</name>
         <load_address>0x1c53</load_address>
         <run_address>0x1c53</run_address>
         <size>0x37e</size>
         <input_file_ref idref="fl-5"/>
      </object_component>
      <object_component id="oc-3a">
         <name>.debug_info</name>
         <load_address>0x1fd1</load_address>
         <run_address>0x1fd1</run_address>
         <size>0x33b</size>
         <input_file_ref idref="fl-5"/>
      </object_component>
      <object_component id="oc-2f">
         <name>.debug_info</name>
         <load_address>0x230c</load_address>
         <run_address>0x230c</run_address>
         <size>0x111</size>
         <input_file_ref idref="fl-6"/>
      </object_component>
      <object_component id="oc-57">
         <name>.debug_info</name>
         <load_address>0x241d</load_address>
         <run_address>0x241d</run_address>
         <size>0x112</size>
         <input_file_ref idref="fl-6"/>
      </object_component>
      <object_component id="oc-f3">
         <name>.debug_info</name>
         <load_address>0x252f</load_address>
         <run_address>0x252f</run_address>
         <size>0x15c</size>
         <input_file_ref idref="fl-7"/>
      </object_component>
      <object_component id="oc-63">
         <name>.debug_info</name>
         <load_address>0x268b</load_address>
         <run_address>0x268b</run_address>
         <size>0x13f8</size>
         <input_file_ref idref="fl-7"/>
      </object_component>
      <object_component id="oc-70">
         <name>.debug_info</name>
         <load_address>0x3a83</load_address>
         <run_address>0x3a83</run_address>
         <size>0x265</size>
         <input_file_ref idref="fl-10"/>
      </object_component>
      <object_component id="oc-10c">
         <name>.debug_info</name>
         <load_address>0x3ce8</load_address>
         <run_address>0x3ce8</run_address>
         <size>0x1fe</size>
         <input_file_ref idref="fl-11"/>
      </object_component>
      <object_component id="oc-108">
         <name>.debug_info</name>
         <load_address>0x3ee6</load_address>
         <run_address>0x3ee6</run_address>
         <size>0x202</size>
         <input_file_ref idref="fl-11"/>
      </object_component>
      <object_component id="oc-9f">
         <name>.debug_info</name>
         <load_address>0x40e8</load_address>
         <run_address>0x40e8</run_address>
         <size>0x2b2</size>
         <input_file_ref idref="fl-11"/>
      </object_component>
      <object_component id="oc-b7">
         <name>.debug_info</name>
         <load_address>0x439a</load_address>
         <run_address>0x439a</run_address>
         <size>0x2aa</size>
         <input_file_ref idref="fl-12"/>
      </object_component>
      <object_component id="oc-b1">
         <name>.debug_info</name>
         <load_address>0x4644</load_address>
         <run_address>0x4644</run_address>
         <size>0x293</size>
         <input_file_ref idref="fl-12"/>
      </object_component>
      <object_component id="oc-a5">
         <name>.debug_info</name>
         <load_address>0x48d7</load_address>
         <run_address>0x48d7</run_address>
         <size>0x22a</size>
         <input_file_ref idref="fl-12"/>
      </object_component>
      <object_component id="oc-ac">
         <name>.debug_info</name>
         <load_address>0x4b01</load_address>
         <run_address>0x4b01</run_address>
         <size>0x247</size>
         <input_file_ref idref="fl-12"/>
      </object_component>
      <object_component id="oc-14e">
         <name>.debug_info</name>
         <load_address>0x4d48</load_address>
         <run_address>0x4d48</run_address>
         <size>0x1f2</size>
         <input_file_ref idref="fl-13"/>
      </object_component>
      <object_component id="oc-141">
         <name>.debug_info</name>
         <load_address>0x4f3a</load_address>
         <run_address>0x4f3a</run_address>
         <size>0x20e</size>
         <input_file_ref idref="fl-13"/>
      </object_component>
      <object_component id="oc-20f">
         <name>.debug_info</name>
         <load_address>0x5148</load_address>
         <run_address>0x5148</run_address>
         <size>0x1e4</size>
         <input_file_ref idref="fl-13"/>
      </object_component>
      <object_component id="oc-225">
         <name>.debug_info</name>
         <load_address>0x532c</load_address>
         <run_address>0x532c</run_address>
         <size>0x217</size>
         <input_file_ref idref="fl-13"/>
      </object_component>
      <object_component id="oc-1fe">
         <name>.debug_info</name>
         <load_address>0x5543</load_address>
         <run_address>0x5543</run_address>
         <size>0x244</size>
         <input_file_ref idref="fl-13"/>
      </object_component>
      <object_component id="oc-1e6">
         <name>.debug_info</name>
         <load_address>0x5787</load_address>
         <run_address>0x5787</run_address>
         <size>0x242</size>
         <input_file_ref idref="fl-13"/>
      </object_component>
      <object_component id="oc-1ec">
         <name>.debug_info</name>
         <load_address>0x59c9</load_address>
         <run_address>0x59c9</run_address>
         <size>0x24a</size>
         <input_file_ref idref="fl-13"/>
      </object_component>
      <object_component id="oc-204">
         <name>.debug_info</name>
         <load_address>0x5c13</load_address>
         <run_address>0x5c13</run_address>
         <size>0x24d</size>
         <input_file_ref idref="fl-13"/>
      </object_component>
      <object_component id="oc-1f2">
         <name>.debug_info</name>
         <load_address>0x5e60</load_address>
         <run_address>0x5e60</run_address>
         <size>0x24e</size>
         <input_file_ref idref="fl-13"/>
      </object_component>
      <object_component id="oc-231">
         <name>.debug_info</name>
         <load_address>0x60ae</load_address>
         <run_address>0x60ae</run_address>
         <size>0x258</size>
         <input_file_ref idref="fl-13"/>
      </object_component>
      <object_component id="oc-1f8">
         <name>.debug_info</name>
         <load_address>0x6306</load_address>
         <run_address>0x6306</run_address>
         <size>0x27c</size>
         <input_file_ref idref="fl-13"/>
      </object_component>
      <object_component id="oc-20a">
         <name>.debug_info</name>
         <load_address>0x6582</load_address>
         <run_address>0x6582</run_address>
         <size>0x241</size>
         <input_file_ref idref="fl-13"/>
      </object_component>
      <object_component id="oc-e8">
         <name>.debug_info</name>
         <load_address>0x67c3</load_address>
         <run_address>0x67c3</run_address>
         <size>0x277</size>
         <input_file_ref idref="fl-13"/>
      </object_component>
      <object_component id="oc-e2">
         <name>.debug_info</name>
         <load_address>0x6a3a</load_address>
         <run_address>0x6a3a</run_address>
         <size>0x51a</size>
         <input_file_ref idref="fl-13"/>
      </object_component>
      <object_component id="oc-1b4">
         <name>.debug_info</name>
         <load_address>0x6f54</load_address>
         <run_address>0x6f54</run_address>
         <size>0x3ba</size>
         <input_file_ref idref="fl-13"/>
      </object_component>
      <object_component id="oc-147">
         <name>.debug_info</name>
         <load_address>0x730e</load_address>
         <run_address>0x730e</run_address>
         <size>0x243</size>
         <input_file_ref idref="fl-13"/>
      </object_component>
      <object_component id="oc-ef">
         <name>.debug_info</name>
         <load_address>0x7551</load_address>
         <run_address>0x7551</run_address>
         <size>0x251</size>
         <input_file_ref idref="fl-13"/>
      </object_component>
      <object_component id="oc-dc">
         <name>.debug_info</name>
         <load_address>0x77a2</load_address>
         <run_address>0x77a2</run_address>
         <size>0x241</size>
         <input_file_ref idref="fl-13"/>
      </object_component>
      <object_component id="oc-d4">
         <name>.debug_info</name>
         <load_address>0x79e3</load_address>
         <run_address>0x79e3</run_address>
         <size>0x158</size>
         <input_file_ref idref="fl-1f"/>
      </object_component>
      <object_component id="oc-152">
         <name>.debug_info</name>
         <load_address>0x7b3b</load_address>
         <run_address>0x7b3b</run_address>
         <size>0x127</size>
         <input_file_ref idref="fl-20"/>
      </object_component>
      <object_component id="oc-128">
         <name>.debug_info</name>
         <load_address>0x7c62</load_address>
         <run_address>0x7c62</run_address>
         <size>0x14d</size>
         <input_file_ref idref="fl-21"/>
      </object_component>
      <object_component id="oc-174">
         <name>.debug_info</name>
         <load_address>0x7daf</load_address>
         <run_address>0x7daf</run_address>
         <size>0x1bf</size>
         <input_file_ref idref="fl-22"/>
      </object_component>
      <object_component id="oc-4a">
         <name>.debug_info</name>
         <load_address>0x7f6e</load_address>
         <run_address>0x7f6e</run_address>
         <size>0x1b6</size>
         <input_file_ref idref="fl-23"/>
      </object_component>
      <object_component id="oc-28">
         <name>.debug_info</name>
         <load_address>0x8124</load_address>
         <run_address>0x8124</run_address>
         <size>0x1b7</size>
         <input_file_ref idref="fl-24"/>
      </object_component>
      <object_component id="oc-22">
         <name>.debug_info</name>
         <load_address>0x82db</load_address>
         <run_address>0x82db</run_address>
         <size>0x219</size>
         <input_file_ref idref="fl-25"/>
      </object_component>
      <object_component id="oc-1a6">
         <name>.debug_info</name>
         <load_address>0x84f4</load_address>
         <run_address>0x84f4</run_address>
         <size>0x19e</size>
         <input_file_ref idref="fl-26"/>
      </object_component>
      <object_component id="oc-135">
         <name>.debug_info</name>
         <load_address>0x8692</load_address>
         <run_address>0x8692</run_address>
         <size>0x1a9</size>
         <input_file_ref idref="fl-26"/>
      </object_component>
      <object_component id="oc-1a9">
         <name>.debug_info</name>
         <load_address>0x883b</load_address>
         <run_address>0x883b</run_address>
         <size>0x107</size>
         <input_file_ref idref="fl-27"/>
      </object_component>
      <object_component id="oc-21c">
         <name>.debug_info</name>
         <load_address>0x8942</load_address>
         <run_address>0x8942</run_address>
         <size>0x10b</size>
         <input_file_ref idref="fl-27"/>
      </object_component>
      <object_component id="oc-1d8">
         <name>.debug_info</name>
         <load_address>0x8a4d</load_address>
         <run_address>0x8a4d</run_address>
         <size>0x203</size>
         <input_file_ref idref="fl-27"/>
      </object_component>
      <object_component id="oc-12f">
         <name>.debug_info</name>
         <load_address>0x8c50</load_address>
         <run_address>0x8c50</run_address>
         <size>0x15d</size>
         <input_file_ref idref="fl-28"/>
      </object_component>
      <object_component id="oc-42">
         <name>.debug_info</name>
         <load_address>0x8dad</load_address>
         <run_address>0x8dad</run_address>
         <size>0x19b</size>
         <input_file_ref idref="fl-2b"/>
      </object_component>
      <object_component id="oc-1c0">
         <name>.debug_info</name>
         <load_address>0x8f48</load_address>
         <run_address>0x8f48</run_address>
         <size>0x147</size>
         <input_file_ref idref="fl-2c"/>
      </object_component>
      <object_component id="oc-27a">
         <name>.debug_info</name>
         <load_address>0x908f</load_address>
         <run_address>0x908f</run_address>
         <size>0xb1</size>
      </object_component>
      <object_component id="oc-6a">
         <name>.debug_line</name>
         <load_address>0x0</load_address>
         <run_address>0x0</run_address>
         <size>0x43</size>
         <input_file_ref idref="fl-2"/>
      </object_component>
      <object_component id="oc-76">
         <name>.debug_line</name>
         <load_address>0x43</load_address>
         <run_address>0x43</run_address>
         <size>0x3e</size>
         <input_file_ref idref="fl-2"/>
      </object_component>
      <object_component id="oc-7c">
         <name>.debug_line</name>
         <load_address>0x81</load_address>
         <run_address>0x81</run_address>
         <size>0x3e</size>
         <input_file_ref idref="fl-2"/>
      </object_component>
      <object_component id="oc-85">
         <name>.debug_line</name>
         <load_address>0xbf</load_address>
         <run_address>0xbf</run_address>
         <size>0x3e</size>
         <input_file_ref idref="fl-2"/>
      </object_component>
      <object_component id="oc-87">
         <name>.debug_line</name>
         <load_address>0xfd</load_address>
         <run_address>0xfd</run_address>
         <size>0x3e</size>
         <input_file_ref idref="fl-2"/>
      </object_component>
      <object_component id="oc-8f">
         <name>.debug_line</name>
         <load_address>0x13b</load_address>
         <run_address>0x13b</run_address>
         <size>0x3e</size>
         <input_file_ref idref="fl-2"/>
      </object_component>
      <object_component id="oc-94">
         <name>.debug_line</name>
         <load_address>0x179</load_address>
         <run_address>0x179</run_address>
         <size>0x3e</size>
         <input_file_ref idref="fl-2"/>
      </object_component>
      <object_component id="oc-9d">
         <name>.debug_line</name>
         <load_address>0x1b7</load_address>
         <run_address>0x1b7</run_address>
         <size>0x3e</size>
         <input_file_ref idref="fl-2"/>
      </object_component>
      <object_component id="oc-161">
         <name>.debug_line</name>
         <load_address>0x1f5</load_address>
         <run_address>0x1f5</run_address>
         <size>0x21</size>
         <input_file_ref idref="fl-2"/>
      </object_component>
      <object_component id="oc-39">
         <name>.debug_line</name>
         <load_address>0x216</load_address>
         <run_address>0x216</run_address>
         <size>0x32f</size>
         <input_file_ref idref="fl-3"/>
      </object_component>
      <object_component id="oc-11a">
         <name>.debug_line</name>
         <load_address>0x545</load_address>
         <run_address>0x545</run_address>
         <size>0xc1</size>
         <input_file_ref idref="fl-3"/>
      </object_component>
      <object_component id="oc-15f">
         <name>.debug_line</name>
         <load_address>0x606</load_address>
         <run_address>0x606</run_address>
         <size>0x3e</size>
         <input_file_ref idref="fl-5"/>
      </object_component>
      <object_component id="oc-5d">
         <name>.debug_line</name>
         <load_address>0x644</load_address>
         <run_address>0x644</run_address>
         <size>0x13b</size>
         <input_file_ref idref="fl-5"/>
      </object_component>
      <object_component id="oc-3c">
         <name>.debug_line</name>
         <load_address>0x77f</load_address>
         <run_address>0x77f</run_address>
         <size>0x100</size>
         <input_file_ref idref="fl-5"/>
      </object_component>
      <object_component id="oc-11d">
         <name>.debug_line</name>
         <load_address>0x87f</load_address>
         <run_address>0x87f</run_address>
         <size>0x21</size>
         <input_file_ref idref="fl-5"/>
      </object_component>
      <object_component id="oc-2e">
         <name>.debug_line</name>
         <load_address>0x8a0</load_address>
         <run_address>0x8a0</run_address>
         <size>0x55</size>
         <input_file_ref idref="fl-6"/>
      </object_component>
      <object_component id="oc-59">
         <name>.debug_line</name>
         <load_address>0x8f5</load_address>
         <run_address>0x8f5</run_address>
         <size>0x5d</size>
         <input_file_ref idref="fl-6"/>
      </object_component>
      <object_component id="oc-15a">
         <name>.debug_line</name>
         <load_address>0x952</load_address>
         <run_address>0x952</run_address>
         <size>0x37</size>
         <input_file_ref idref="fl-7"/>
      </object_component>
      <object_component id="oc-67">
         <name>.debug_line</name>
         <load_address>0x989</load_address>
         <run_address>0x989</run_address>
         <size>0x30d</size>
         <input_file_ref idref="fl-7"/>
      </object_component>
      <object_component id="oc-15c">
         <name>.debug_line</name>
         <load_address>0xc96</load_address>
         <run_address>0xc96</run_address>
         <size>0x6a</size>
         <input_file_ref idref="fl-7"/>
      </object_component>
      <object_component id="oc-6f">
         <name>.debug_line</name>
         <load_address>0xd00</load_address>
         <run_address>0xd00</run_address>
         <size>0xa1</size>
         <input_file_ref idref="fl-10"/>
      </object_component>
      <object_component id="oc-164">
         <name>.debug_line</name>
         <load_address>0xda1</load_address>
         <run_address>0xda1</run_address>
         <size>0xe1</size>
         <input_file_ref idref="fl-10"/>
      </object_component>
      <object_component id="oc-110">
         <name>.debug_line</name>
         <load_address>0xe82</load_address>
         <run_address>0xe82</run_address>
         <size>0x9d</size>
         <input_file_ref idref="fl-11"/>
      </object_component>
      <object_component id="oc-106">
         <name>.debug_line</name>
         <load_address>0xf1f</load_address>
         <run_address>0xf1f</run_address>
         <size>0x9d</size>
         <input_file_ref idref="fl-11"/>
      </object_component>
      <object_component id="oc-a2">
         <name>.debug_line</name>
         <load_address>0xfbc</load_address>
         <run_address>0xfbc</run_address>
         <size>0xb1</size>
         <input_file_ref idref="fl-11"/>
      </object_component>
      <object_component id="oc-169">
         <name>.debug_line</name>
         <load_address>0x106d</load_address>
         <run_address>0x106d</run_address>
         <size>0x21</size>
         <input_file_ref idref="fl-11"/>
      </object_component>
      <object_component id="oc-bb">
         <name>.debug_line</name>
         <load_address>0x108e</load_address>
         <run_address>0x108e</run_address>
         <size>0xc9</size>
         <input_file_ref idref="fl-12"/>
      </object_component>
      <object_component id="oc-b4">
         <name>.debug_line</name>
         <load_address>0x1157</load_address>
         <run_address>0x1157</run_address>
         <size>0xab</size>
         <input_file_ref idref="fl-12"/>
      </object_component>
      <object_component id="oc-a8">
         <name>.debug_line</name>
         <load_address>0x1202</load_address>
         <run_address>0x1202</run_address>
         <size>0xc1</size>
         <input_file_ref idref="fl-12"/>
      </object_component>
      <object_component id="oc-af">
         <name>.debug_line</name>
         <load_address>0x12c3</load_address>
         <run_address>0x12c3</run_address>
         <size>0xbf</size>
         <input_file_ref idref="fl-12"/>
      </object_component>
      <object_component id="oc-16c">
         <name>.debug_line</name>
         <load_address>0x1382</load_address>
         <run_address>0x1382</run_address>
         <size>0x149</size>
         <input_file_ref idref="fl-12"/>
      </object_component>
      <object_component id="oc-150">
         <name>.debug_line</name>
         <load_address>0x14cb</load_address>
         <run_address>0x14cb</run_address>
         <size>0x9d</size>
         <input_file_ref idref="fl-13"/>
      </object_component>
      <object_component id="oc-140">
         <name>.debug_line</name>
         <load_address>0x1568</load_address>
         <run_address>0x1568</run_address>
         <size>0x9a</size>
         <input_file_ref idref="fl-13"/>
      </object_component>
      <object_component id="oc-212">
         <name>.debug_line</name>
         <load_address>0x1602</load_address>
         <run_address>0x1602</run_address>
         <size>0x9c</size>
         <input_file_ref idref="fl-13"/>
      </object_component>
      <object_component id="oc-224">
         <name>.debug_line</name>
         <load_address>0x169e</load_address>
         <run_address>0x169e</run_address>
         <size>0x9c</size>
         <input_file_ref idref="fl-13"/>
      </object_component>
      <object_component id="oc-1fc">
         <name>.debug_line</name>
         <load_address>0x173a</load_address>
         <run_address>0x173a</run_address>
         <size>0x9d</size>
         <input_file_ref idref="fl-13"/>
      </object_component>
      <object_component id="oc-1e5">
         <name>.debug_line</name>
         <load_address>0x17d7</load_address>
         <run_address>0x17d7</run_address>
         <size>0x9d</size>
         <input_file_ref idref="fl-13"/>
      </object_component>
      <object_component id="oc-1eb">
         <name>.debug_line</name>
         <load_address>0x1874</load_address>
         <run_address>0x1874</run_address>
         <size>0xa1</size>
         <input_file_ref idref="fl-13"/>
      </object_component>
      <object_component id="oc-202">
         <name>.debug_line</name>
         <load_address>0x1915</load_address>
         <run_address>0x1915</run_address>
         <size>0xa2</size>
         <input_file_ref idref="fl-13"/>
      </object_component>
      <object_component id="oc-1f1">
         <name>.debug_line</name>
         <load_address>0x19b7</load_address>
         <run_address>0x19b7</run_address>
         <size>0x9d</size>
         <input_file_ref idref="fl-13"/>
      </object_component>
      <object_component id="oc-230">
         <name>.debug_line</name>
         <load_address>0x1a54</load_address>
         <run_address>0x1a54</run_address>
         <size>0x9d</size>
         <input_file_ref idref="fl-13"/>
      </object_component>
      <object_component id="oc-1f6">
         <name>.debug_line</name>
         <load_address>0x1af1</load_address>
         <run_address>0x1af1</run_address>
         <size>0xa5</size>
         <input_file_ref idref="fl-13"/>
      </object_component>
      <object_component id="oc-209">
         <name>.debug_line</name>
         <load_address>0x1b96</load_address>
         <run_address>0x1b96</run_address>
         <size>0xa1</size>
         <input_file_ref idref="fl-13"/>
      </object_component>
      <object_component id="oc-e6">
         <name>.debug_line</name>
         <load_address>0x1c37</load_address>
         <run_address>0x1c37</run_address>
         <size>0xb4</size>
         <input_file_ref idref="fl-13"/>
      </object_component>
      <object_component id="oc-e0">
         <name>.debug_line</name>
         <load_address>0x1ceb</load_address>
         <run_address>0x1ceb</run_address>
         <size>0x19c</size>
         <input_file_ref idref="fl-13"/>
      </object_component>
      <object_component id="oc-1b2">
         <name>.debug_line</name>
         <load_address>0x1e87</load_address>
         <run_address>0x1e87</run_address>
         <size>0xd0</size>
         <input_file_ref idref="fl-13"/>
      </object_component>
      <object_component id="oc-145">
         <name>.debug_line</name>
         <load_address>0x1f57</load_address>
         <run_address>0x1f57</run_address>
         <size>0xbe</size>
         <input_file_ref idref="fl-13"/>
      </object_component>
      <object_component id="oc-ee">
         <name>.debug_line</name>
         <load_address>0x2015</load_address>
         <run_address>0x2015</run_address>
         <size>0xa1</size>
         <input_file_ref idref="fl-13"/>
      </object_component>
      <object_component id="oc-da">
         <name>.debug_line</name>
         <load_address>0x20b6</load_address>
         <run_address>0x20b6</run_address>
         <size>0xc7</size>
         <input_file_ref idref="fl-13"/>
      </object_component>
      <object_component id="oc-1ae">
         <name>.debug_line</name>
         <load_address>0x217d</load_address>
         <run_address>0x217d</run_address>
         <size>0x14b</size>
         <input_file_ref idref="fl-13"/>
      </object_component>
      <object_component id="oc-d3">
         <name>.debug_line</name>
         <load_address>0x22c8</load_address>
         <run_address>0x22c8</run_address>
         <size>0x4f</size>
         <input_file_ref idref="fl-1f"/>
      </object_component>
      <object_component id="oc-155">
         <name>.debug_line</name>
         <load_address>0x2317</load_address>
         <run_address>0x2317</run_address>
         <size>0xae</size>
         <input_file_ref idref="fl-20"/>
      </object_component>
      <object_component id="oc-12b">
         <name>.debug_line</name>
         <load_address>0x23c5</load_address>
         <run_address>0x23c5</run_address>
         <size>0x3f</size>
         <input_file_ref idref="fl-21"/>
      </object_component>
      <object_component id="oc-1bb">
         <name>.debug_line</name>
         <load_address>0x2404</load_address>
         <run_address>0x2404</run_address>
         <size>0x21</size>
         <input_file_ref idref="fl-21"/>
      </object_component>
      <object_component id="oc-177">
         <name>.debug_line</name>
         <load_address>0x2425</load_address>
         <run_address>0x2425</run_address>
         <size>0x74</size>
         <input_file_ref idref="fl-22"/>
      </object_component>
      <object_component id="oc-217">
         <name>.debug_line</name>
         <load_address>0x2499</load_address>
         <run_address>0x2499</run_address>
         <size>0x21</size>
         <input_file_ref idref="fl-22"/>
      </object_component>
      <object_component id="oc-4d">
         <name>.debug_line</name>
         <load_address>0x24ba</load_address>
         <run_address>0x24ba</run_address>
         <size>0x4d</size>
         <input_file_ref idref="fl-23"/>
      </object_component>
      <object_component id="oc-123">
         <name>.debug_line</name>
         <load_address>0x2507</load_address>
         <run_address>0x2507</run_address>
         <size>0x21</size>
         <input_file_ref idref="fl-23"/>
      </object_component>
      <object_component id="oc-2b">
         <name>.debug_line</name>
         <load_address>0x2528</load_address>
         <run_address>0x2528</run_address>
         <size>0x57</size>
         <input_file_ref idref="fl-24"/>
      </object_component>
      <object_component id="oc-c6">
         <name>.debug_line</name>
         <load_address>0x257f</load_address>
         <run_address>0x257f</run_address>
         <size>0x21</size>
         <input_file_ref idref="fl-24"/>
      </object_component>
      <object_component id="oc-25">
         <name>.debug_line</name>
         <load_address>0x25a0</load_address>
         <run_address>0x25a0</run_address>
         <size>0x95</size>
         <input_file_ref idref="fl-25"/>
      </object_component>
      <object_component id="oc-c1">
         <name>.debug_line</name>
         <load_address>0x2635</load_address>
         <run_address>0x2635</run_address>
         <size>0x21</size>
         <input_file_ref idref="fl-25"/>
      </object_component>
      <object_component id="oc-1d6">
         <name>.debug_line</name>
         <load_address>0x2656</load_address>
         <run_address>0x2656</run_address>
         <size>0x2b</size>
         <input_file_ref idref="fl-26"/>
      </object_component>
      <object_component id="oc-138">
         <name>.debug_line</name>
         <load_address>0x2681</load_address>
         <run_address>0x2681</run_address>
         <size>0x66</size>
         <input_file_ref idref="fl-26"/>
      </object_component>
      <object_component id="oc-1e1">
         <name>.debug_line</name>
         <load_address>0x26e7</load_address>
         <run_address>0x26e7</run_address>
         <size>0x21</size>
         <input_file_ref idref="fl-26"/>
      </object_component>
      <object_component id="oc-1de">
         <name>.debug_line</name>
         <load_address>0x2708</load_address>
         <run_address>0x2708</run_address>
         <size>0x2c</size>
         <input_file_ref idref="fl-27"/>
      </object_component>
      <object_component id="oc-23d">
         <name>.debug_line</name>
         <load_address>0x2734</load_address>
         <run_address>0x2734</run_address>
         <size>0x2c</size>
         <input_file_ref idref="fl-27"/>
      </object_component>
      <object_component id="oc-1dc">
         <name>.debug_line</name>
         <load_address>0x2760</load_address>
         <run_address>0x2760</run_address>
         <size>0x5f</size>
         <input_file_ref idref="fl-27"/>
      </object_component>
      <object_component id="oc-220">
         <name>.debug_line</name>
         <load_address>0x27bf</load_address>
         <run_address>0x27bf</run_address>
         <size>0x21</size>
         <input_file_ref idref="fl-27"/>
      </object_component>
      <object_component id="oc-132">
         <name>.debug_line</name>
         <load_address>0x27e0</load_address>
         <run_address>0x27e0</run_address>
         <size>0x4e</size>
         <input_file_ref idref="fl-28"/>
      </object_component>
      <object_component id="oc-1d3">
         <name>.debug_line</name>
         <load_address>0x282e</load_address>
         <run_address>0x282e</run_address>
         <size>0x30</size>
         <input_file_ref idref="fl-28"/>
      </object_component>
      <object_component id="oc-46">
         <name>.debug_line</name>
         <load_address>0x285e</load_address>
         <run_address>0x285e</run_address>
         <size>0x63</size>
         <input_file_ref idref="fl-2b"/>
      </object_component>
      <object_component id="oc-120">
         <name>.debug_line</name>
         <load_address>0x28c1</load_address>
         <run_address>0x28c1</run_address>
         <size>0x21</size>
         <input_file_ref idref="fl-2b"/>
      </object_component>
      <object_component id="oc-1c2">
         <name>.debug_line</name>
         <load_address>0x28e2</load_address>
         <run_address>0x28e2</run_address>
         <size>0x3b</size>
         <input_file_ref idref="fl-2c"/>
      </object_component>
      <object_component id="oc-237">
         <name>.debug_line</name>
         <load_address>0x291d</load_address>
         <run_address>0x291d</run_address>
         <size>0x21</size>
         <input_file_ref idref="fl-2c"/>
      </object_component>
      <object_component id="oc-69">
         <name>.debug_frame</name>
         <load_address>0x0</load_address>
         <run_address>0x0</run_address>
         <size>0x24</size>
         <input_file_ref idref="fl-2"/>
      </object_component>
      <object_component id="oc-77">
         <name>.debug_frame</name>
         <load_address>0x24</load_address>
         <run_address>0x24</run_address>
         <size>0x24</size>
         <input_file_ref idref="fl-2"/>
      </object_component>
      <object_component id="oc-7b">
         <name>.debug_frame</name>
         <load_address>0x48</load_address>
         <run_address>0x48</run_address>
         <size>0x24</size>
         <input_file_ref idref="fl-2"/>
      </object_component>
      <object_component id="oc-81">
         <name>.debug_frame</name>
         <load_address>0x6c</load_address>
         <run_address>0x6c</run_address>
         <size>0x24</size>
         <input_file_ref idref="fl-2"/>
      </object_component>
      <object_component id="oc-8b">
         <name>.debug_frame</name>
         <load_address>0x90</load_address>
         <run_address>0x90</run_address>
         <size>0x24</size>
         <input_file_ref idref="fl-2"/>
      </object_component>
      <object_component id="oc-8e">
         <name>.debug_frame</name>
         <load_address>0xb4</load_address>
         <run_address>0xb4</run_address>
         <size>0x24</size>
         <input_file_ref idref="fl-2"/>
      </object_component>
      <object_component id="oc-95">
         <name>.debug_frame</name>
         <load_address>0xd8</load_address>
         <run_address>0xd8</run_address>
         <size>0x24</size>
         <input_file_ref idref="fl-2"/>
      </object_component>
      <object_component id="oc-9c">
         <name>.debug_frame</name>
         <load_address>0xfc</load_address>
         <run_address>0xfc</run_address>
         <size>0x24</size>
         <input_file_ref idref="fl-2"/>
      </object_component>
      <object_component id="oc-35">
         <name>.debug_frame</name>
         <load_address>0x120</load_address>
         <run_address>0x120</run_address>
         <size>0x1d0</size>
         <input_file_ref idref="fl-3"/>
      </object_component>
      <object_component id="oc-5e">
         <name>.debug_frame</name>
         <load_address>0x2f0</load_address>
         <run_address>0x2f0</run_address>
         <size>0x94</size>
         <input_file_ref idref="fl-5"/>
      </object_component>
      <object_component id="oc-3d">
         <name>.debug_frame</name>
         <load_address>0x384</load_address>
         <run_address>0x384</run_address>
         <size>0x220</size>
         <input_file_ref idref="fl-5"/>
      </object_component>
      <object_component id="oc-66">
         <name>.debug_frame</name>
         <load_address>0x5a4</load_address>
         <run_address>0x5a4</run_address>
         <size>0x1d8</size>
         <input_file_ref idref="fl-7"/>
      </object_component>
      <object_component id="oc-73">
         <name>.debug_frame</name>
         <load_address>0x77c</load_address>
         <run_address>0x77c</run_address>
         <size>0x44</size>
         <input_file_ref idref="fl-10"/>
      </object_component>
      <object_component id="oc-10f">
         <name>.debug_frame</name>
         <load_address>0x7c0</load_address>
         <run_address>0x7c0</run_address>
         <size>0x40</size>
         <input_file_ref idref="fl-11"/>
      </object_component>
      <object_component id="oc-107">
         <name>.debug_frame</name>
         <load_address>0x800</load_address>
         <run_address>0x800</run_address>
         <size>0x40</size>
         <input_file_ref idref="fl-11"/>
      </object_component>
      <object_component id="oc-a3">
         <name>.debug_frame</name>
         <load_address>0x840</load_address>
         <run_address>0x840</run_address>
         <size>0x44</size>
         <input_file_ref idref="fl-11"/>
      </object_component>
      <object_component id="oc-ba">
         <name>.debug_frame</name>
         <load_address>0x884</load_address>
         <run_address>0x884</run_address>
         <size>0x44</size>
         <input_file_ref idref="fl-12"/>
      </object_component>
      <object_component id="oc-b5">
         <name>.debug_frame</name>
         <load_address>0x8c8</load_address>
         <run_address>0x8c8</run_address>
         <size>0x44</size>
         <input_file_ref idref="fl-12"/>
      </object_component>
      <object_component id="oc-a9">
         <name>.debug_frame</name>
         <load_address>0x90c</load_address>
         <run_address>0x90c</run_address>
         <size>0x44</size>
         <input_file_ref idref="fl-12"/>
      </object_component>
      <object_component id="oc-ae">
         <name>.debug_frame</name>
         <load_address>0x950</load_address>
         <run_address>0x950</run_address>
         <size>0x44</size>
         <input_file_ref idref="fl-12"/>
      </object_component>
      <object_component id="oc-14c">
         <name>.debug_frame</name>
         <load_address>0x994</load_address>
         <run_address>0x994</run_address>
         <size>0x40</size>
         <input_file_ref idref="fl-13"/>
      </object_component>
      <object_component id="oc-13f">
         <name>.debug_frame</name>
         <load_address>0x9d4</load_address>
         <run_address>0x9d4</run_address>
         <size>0x40</size>
         <input_file_ref idref="fl-13"/>
      </object_component>
      <object_component id="oc-20e">
         <name>.debug_frame</name>
         <load_address>0xa14</load_address>
         <run_address>0xa14</run_address>
         <size>0x40</size>
         <input_file_ref idref="fl-13"/>
      </object_component>
      <object_component id="oc-223">
         <name>.debug_frame</name>
         <load_address>0xa54</load_address>
         <run_address>0xa54</run_address>
         <size>0x44</size>
         <input_file_ref idref="fl-13"/>
      </object_component>
      <object_component id="oc-1fd">
         <name>.debug_frame</name>
         <load_address>0xa98</load_address>
         <run_address>0xa98</run_address>
         <size>0x44</size>
         <input_file_ref idref="fl-13"/>
      </object_component>
      <object_component id="oc-1e4">
         <name>.debug_frame</name>
         <load_address>0xadc</load_address>
         <run_address>0xadc</run_address>
         <size>0x44</size>
         <input_file_ref idref="fl-13"/>
      </object_component>
      <object_component id="oc-1ea">
         <name>.debug_frame</name>
         <load_address>0xb20</load_address>
         <run_address>0xb20</run_address>
         <size>0x44</size>
         <input_file_ref idref="fl-13"/>
      </object_component>
      <object_component id="oc-203">
         <name>.debug_frame</name>
         <load_address>0xb64</load_address>
         <run_address>0xb64</run_address>
         <size>0x44</size>
         <input_file_ref idref="fl-13"/>
      </object_component>
      <object_component id="oc-1f0">
         <name>.debug_frame</name>
         <load_address>0xba8</load_address>
         <run_address>0xba8</run_address>
         <size>0x44</size>
         <input_file_ref idref="fl-13"/>
      </object_component>
      <object_component id="oc-22f">
         <name>.debug_frame</name>
         <load_address>0xbec</load_address>
         <run_address>0xbec</run_address>
         <size>0x44</size>
         <input_file_ref idref="fl-13"/>
      </object_component>
      <object_component id="oc-1f7">
         <name>.debug_frame</name>
         <load_address>0xc30</load_address>
         <run_address>0xc30</run_address>
         <size>0x44</size>
         <input_file_ref idref="fl-13"/>
      </object_component>
      <object_component id="oc-208">
         <name>.debug_frame</name>
         <load_address>0xc74</load_address>
         <run_address>0xc74</run_address>
         <size>0x40</size>
         <input_file_ref idref="fl-13"/>
      </object_component>
      <object_component id="oc-e7">
         <name>.debug_frame</name>
         <load_address>0xcb4</load_address>
         <run_address>0xcb4</run_address>
         <size>0x44</size>
         <input_file_ref idref="fl-13"/>
      </object_component>
      <object_component id="oc-e1">
         <name>.debug_frame</name>
         <load_address>0xcf8</load_address>
         <run_address>0xcf8</run_address>
         <size>0x50</size>
         <input_file_ref idref="fl-13"/>
      </object_component>
      <object_component id="oc-1b3">
         <name>.debug_frame</name>
         <load_address>0xd48</load_address>
         <run_address>0xd48</run_address>
         <size>0x44</size>
         <input_file_ref idref="fl-13"/>
      </object_component>
      <object_component id="oc-146">
         <name>.debug_frame</name>
         <load_address>0xd8c</load_address>
         <run_address>0xd8c</run_address>
         <size>0x44</size>
         <input_file_ref idref="fl-13"/>
      </object_component>
      <object_component id="oc-ed">
         <name>.debug_frame</name>
         <load_address>0xdd0</load_address>
         <run_address>0xdd0</run_address>
         <size>0x44</size>
         <input_file_ref idref="fl-13"/>
      </object_component>
      <object_component id="oc-db">
         <name>.debug_frame</name>
         <load_address>0xe14</load_address>
         <run_address>0xe14</run_address>
         <size>0x44</size>
         <input_file_ref idref="fl-13"/>
      </object_component>
      <object_component id="oc-12c">
         <name>.debug_frame</name>
         <load_address>0xe58</load_address>
         <run_address>0xe58</run_address>
         <size>0x40</size>
         <input_file_ref idref="fl-21"/>
      </object_component>
      <object_component id="oc-178">
         <name>.debug_frame</name>
         <load_address>0xe98</load_address>
         <run_address>0xe98</run_address>
         <size>0x58</size>
         <input_file_ref idref="fl-22"/>
      </object_component>
      <object_component id="oc-4e">
         <name>.debug_frame</name>
         <load_address>0xef0</load_address>
         <run_address>0xef0</run_address>
         <size>0x40</size>
         <input_file_ref idref="fl-23"/>
      </object_component>
      <object_component id="oc-2a">
         <name>.debug_frame</name>
         <load_address>0xf30</load_address>
         <run_address>0xf30</run_address>
         <size>0x40</size>
         <input_file_ref idref="fl-24"/>
      </object_component>
      <object_component id="oc-24">
         <name>.debug_frame</name>
         <load_address>0xf70</load_address>
         <run_address>0xf70</run_address>
         <size>0x48</size>
         <input_file_ref idref="fl-25"/>
      </object_component>
      <object_component id="oc-139">
         <name>.debug_frame</name>
         <load_address>0xfb8</load_address>
         <run_address>0xfb8</run_address>
         <size>0x60</size>
         <input_file_ref idref="fl-26"/>
      </object_component>
      <object_component id="oc-1db">
         <name>.debug_frame</name>
         <load_address>0x1018</load_address>
         <run_address>0x1018</run_address>
         <size>0x70</size>
         <input_file_ref idref="fl-27"/>
      </object_component>
      <object_component id="oc-133">
         <name>.debug_frame</name>
         <load_address>0x1088</load_address>
         <run_address>0x1088</run_address>
         <size>0x40</size>
         <input_file_ref idref="fl-28"/>
      </object_component>
      <object_component id="oc-45">
         <name>.debug_frame</name>
         <load_address>0x10c8</load_address>
         <run_address>0x10c8</run_address>
         <size>0x40</size>
         <input_file_ref idref="fl-2b"/>
      </object_component>
      <object_component id="oc-1be">
         <name>.debug_frame</name>
         <load_address>0x1108</load_address>
         <run_address>0x1108</run_address>
         <size>0x40</size>
         <input_file_ref idref="fl-2c"/>
      </object_component>
      <object_component id="oc-fa">
         <name>.debug_abbrev</name>
         <load_address>0x0</load_address>
         <run_address>0x0</run_address>
         <size>0x49</size>
         <input_file_ref idref="fl-2"/>
      </object_component>
      <object_component id="oc-fe">
         <name>.debug_abbrev</name>
         <load_address>0x49</load_address>
         <run_address>0x49</run_address>
         <size>0x49</size>
         <input_file_ref idref="fl-2"/>
      </object_component>
      <object_component id="oc-ff">
         <name>.debug_abbrev</name>
         <load_address>0x92</load_address>
         <run_address>0x92</run_address>
         <size>0x49</size>
         <input_file_ref idref="fl-2"/>
      </object_component>
      <object_component id="oc-100">
         <name>.debug_abbrev</name>
         <load_address>0xdb</load_address>
         <run_address>0xdb</run_address>
         <size>0x49</size>
         <input_file_ref idref="fl-2"/>
      </object_component>
      <object_component id="oc-101">
         <name>.debug_abbrev</name>
         <load_address>0x124</load_address>
         <run_address>0x124</run_address>
         <size>0x49</size>
         <input_file_ref idref="fl-2"/>
      </object_component>
      <object_component id="oc-102">
         <name>.debug_abbrev</name>
         <load_address>0x16d</load_address>
         <run_address>0x16d</run_address>
         <size>0x49</size>
         <input_file_ref idref="fl-2"/>
      </object_component>
      <object_component id="oc-103">
         <name>.debug_abbrev</name>
         <load_address>0x1b6</load_address>
         <run_address>0x1b6</run_address>
         <size>0x49</size>
         <input_file_ref idref="fl-2"/>
      </object_component>
      <object_component id="oc-104">
         <name>.debug_abbrev</name>
         <load_address>0x1ff</load_address>
         <run_address>0x1ff</run_address>
         <size>0x49</size>
         <input_file_ref idref="fl-2"/>
      </object_component>
      <object_component id="oc-160">
         <name>.debug_abbrev</name>
         <load_address>0x248</load_address>
         <run_address>0x248</run_address>
         <size>0x1c</size>
         <input_file_ref idref="fl-2"/>
      </object_component>
      <object_component id="oc-bc">
         <name>.debug_abbrev</name>
         <load_address>0x264</load_address>
         <run_address>0x264</run_address>
         <size>0xf2</size>
         <input_file_ref idref="fl-3"/>
      </object_component>
      <object_component id="oc-119">
         <name>.debug_abbrev</name>
         <load_address>0x356</load_address>
         <run_address>0x356</run_address>
         <size>0x67</size>
         <input_file_ref idref="fl-3"/>
      </object_component>
      <object_component id="oc-15e">
         <name>.debug_abbrev</name>
         <load_address>0x3bd</load_address>
         <run_address>0x3bd</run_address>
         <size>0x28</size>
         <input_file_ref idref="fl-5"/>
      </object_component>
      <object_component id="oc-d8">
         <name>.debug_abbrev</name>
         <load_address>0x3e5</load_address>
         <run_address>0x3e5</run_address>
         <size>0xae</size>
         <input_file_ref idref="fl-5"/>
      </object_component>
      <object_component id="oc-be">
         <name>.debug_abbrev</name>
         <load_address>0x493</load_address>
         <run_address>0x493</run_address>
         <size>0x57</size>
         <input_file_ref idref="fl-5"/>
      </object_component>
      <object_component id="oc-11c">
         <name>.debug_abbrev</name>
         <load_address>0x4ea</load_address>
         <run_address>0x4ea</run_address>
         <size>0x44</size>
         <input_file_ref idref="fl-5"/>
      </object_component>
      <object_component id="oc-5a">
         <name>.debug_abbrev</name>
         <load_address>0x52e</load_address>
         <run_address>0x52e</run_address>
         <size>0x25</size>
         <input_file_ref idref="fl-6"/>
      </object_component>
      <object_component id="oc-d6">
         <name>.debug_abbrev</name>
         <load_address>0x553</load_address>
         <run_address>0x553</run_address>
         <size>0x25</size>
         <input_file_ref idref="fl-6"/>
      </object_component>
      <object_component id="oc-159">
         <name>.debug_abbrev</name>
         <load_address>0x578</load_address>
         <run_address>0x578</run_address>
         <size>0x28</size>
         <input_file_ref idref="fl-7"/>
      </object_component>
      <object_component id="oc-f5">
         <name>.debug_abbrev</name>
         <load_address>0x5a0</load_address>
         <run_address>0x5a0</run_address>
         <size>0x101</size>
         <input_file_ref idref="fl-7"/>
      </object_component>
      <object_component id="oc-15b">
         <name>.debug_abbrev</name>
         <load_address>0x6a1</load_address>
         <run_address>0x6a1</run_address>
         <size>0xa5</size>
         <input_file_ref idref="fl-7"/>
      </object_component>
      <object_component id="oc-fc">
         <name>.debug_abbrev</name>
         <load_address>0x746</load_address>
         <run_address>0x746</run_address>
         <size>0x5c</size>
         <input_file_ref idref="fl-10"/>
      </object_component>
      <object_component id="oc-163">
         <name>.debug_abbrev</name>
         <load_address>0x7a2</load_address>
         <run_address>0x7a2</run_address>
         <size>0x49</size>
         <input_file_ref idref="fl-10"/>
      </object_component>
      <object_component id="oc-167">
         <name>.debug_abbrev</name>
         <load_address>0x7eb</load_address>
         <run_address>0x7eb</run_address>
         <size>0x46</size>
         <input_file_ref idref="fl-11"/>
      </object_component>
      <object_component id="oc-166">
         <name>.debug_abbrev</name>
         <load_address>0x831</load_address>
         <run_address>0x831</run_address>
         <size>0x46</size>
         <input_file_ref idref="fl-11"/>
      </object_component>
[...]
         <length>0x1000</length>
         <used_space>0x0</used_space>
         <unused_space>0x1000</unused_space>
         <attributes>RWIX</attributes>
         <usage_details>
         </usage_details>
      </memory_area>
      <memory_area display="yes" color="green">
         <name>RAMGS8</name>
         <page_id>0x1</page_id>
         <origin>0x14000</origin>
         <length>0x1000</length>
         <used_space>0x0</used_space>
         <unused_space>0x1000</unused_space>
         <attributes>RWIX</attributes>
         <usage_details>
         </usage_details>
      </memory_area>
      <memory_area display="yes" color="green">
         <name>RAMGS9</name>
         <page_id>0x1</page_id>
         <origin>0x15000</origin>
         <length>0x1000</length>
         <used_space>0x0</used_space>
         <unused_space>0x1000</unused_space>
         <attributes>RWIX</attributes>
         <usage_details>
         </usage_details>
      </memory_area>
      <memory_area display="yes" color="green">
         <name>RAMGS10</name>
         <page_id>0x1</page_id>
         <origin>0x16000</origin>
         <length>0x1000</length>
         <used_space>0x0</used_space>
         <unused_space>0x1000</unused_space>
         <attributes>RWIX</attributes>
         <usage_details>
         </usage_details>
      </memory_area>
      <memory_area display="yes" color="green">
         <name>RAMGS11</name>
         <page_id>0x1</page_id>
         <origin>0x17000</origin>
         <length>0x1000</length>
         <used_space>0x0</used_space>
         <unused_space>0x1000</unused_space>
         <attributes>RWIX</attributes>
         <usage_details>
         </usage_details>
      </memory_area>
      <memory_area display="yes" color="green">
         <name>RAMGS12</name>
         <page_id>0x1</page_id>
         <origin>0x18000</origin>
         <length>0x1000</length>
         <used_space>0x0</used_space>
         <unused_space>0x1000</unused_space>
         <attributes>RWIX</attributes>
         <usage_details>
         </usage_details>
      </memory_area>
      <memory_area display="yes" color="green">
         <name>RAMGS13</name>
         <page_id>0x1</page_id>
         <origin>0x19000</origin>
         <length>0x1000</length>
         <used_space>0x0</used_space>
         <unused_space>0x1000</unused_space>
         <attributes>RWIX</attributes>
         <usage_details>
         </usage_details>
      </memory_area>
      <memory_area display="yes" color="green">
         <name>RAMGS14</name>
         <page_id>0x1</page_id>
         <origin>0x1a000</origin>
         <length>0x1000</length>
         <used_space>0x0</used_space>
         <unused_space>0x1000</unused_space>
         <attributes>RWIX</attributes>
         <usage_details>
         </usage_details>
      </memory_area>
      <memory_area display="yes" color="green">
         <name>RAMGS15</name>
         <page_id>0x1</page_id>
         <origin>0x1b000</origin>
         <length>0xff8</length>
         <used_space>0x0</used_space>
         <unused_space>0xff8</unused_space>
         <attributes>RWIX</attributes>
         <usage_details>
         </usage_details>
      </memory_area>
      <memory_area display="yes" color="green">
         <name>CANA_MSG_RAM</name>
         <page_id>0x1</page_id>
         <origin>0x49000</origin>
         <length>0x800</length>
         <used_space>0x0</used_space>
         <unused_space>0x800</unused_space>
         <attributes>RWIX</attributes>
         <usage_details>
         </usage_details>
      </memory_area>
      <memory_area display="yes" color="green">
         <name>CANB_MSG_RAM</name>
         <page_id>0x1</page_id>
         <origin>0x4b000</origin>
         <length>0x800</length>
         <used_space>0x0</used_space>
         <unused_space>0x800</unused_space>
         <attributes>RWIX</attributes>
         <usage_details>
         </usage_details>
      </memory_area>
      <memory_area display="yes" color="green">
         <name>EMIF1_CS2n</name>
         <page_id>0x1</page_id>
         <origin>0x100000</origin>
         <length>0x200000</length>
         <used_space>0x0</used_space>
         <unused_space>0x200000</unused_space>
         <attributes>RWIX</attributes>
         <usage_details>
         </usage_details>
      </memory_area>
      <memory_area display="yes" color="green">
         <name>EMIF1_CS3n</name>
         <page_id>0x1</page_id>
         <origin>0x300000</origin>
         <length>0x80000</length>
         <used_space>0x0</used_space>
         <unused_space>0x80000</unused_space>
         <attributes>RWIX</attributes>
         <usage_details>
         </usage_details>
      </memory_area>
      <memory_area display="yes" color="green">
         <name>EMIF1_CS4n</name>
         <page_id>0x1</page_id>
         <origin>0x380000</origin>
         <length>0x60000</length>
         <used_space>0x0</used_space>
         <unused_space>0x60000</unused_space>
         <attributes>RWIX</attributes>
         <usage_details>
         </usage_details>
      </memory_area>
      <memory_area display="yes" color="green">
         <name>EMIF1_CS0n</name>
         <page_id>0x1</page_id>
         <origin>0x80000000</origin>
         <length>0x10000000</length>
         <used_space>0x0</used_space>
         <unused_space>0x10000000</unused_space>
         <attributes>RWIX</attributes>
         <usage_details>
         </usage_details>
      </memory_area>
      <memory_area display="yes" color="green">
         <name>EMIF2_CS0n</name>
         <page_id>0x1</page_id>
         <origin>0x90000000</origin>
         <length>0x10000000</length>
         <used_space>0x0</used_space>
         <unused_space>0x10000000</unused_space>
         <attributes>RWIX</attributes>
         <usage_details>
         </usage_details>
      </memory_area>
   </placement_map>
   <cptbl_list>
      <cptbl>
         <name>__TI_cinit_table</name>
         <cprec>
            <name>.data</name>
            <load_address>0x128</load_address>
            <load_size>0x9</load_size>
            <run_address>0x9a04</run_address>
            <run_size>0x10</run_size>
            <compression>lzss</compression>
         </cprec>
         <cprec>
            <name>Cla1ToCpuMsgRAM</name>
            <load_address>0x138</load_address>
            <load_size>0x4</load_size>
            <run_address>0x1480</run_address>
            <run_size>0x2</run_size>
            <compression>zero_init</compression>
         </cprec>
      </cptbl>
   </cptbl_list>
   <handler_table>
      <handler_table_name>__TI_handler_table</handler_table_name>
      <handler>
         <index>0x0</index>
         <name>__TI_decompress_lzss</name>
      </handler>
      <handler>
         <index>0x1</index>
         <name>__TI_decompress_none</name>
      </handler>
      <handler>
         <index>0x2</index>
         <name>__TI_zero_init</name>
      </handler>
   </handler_table>
   <symbol_table>
      <symbol id="sm-1">
         <name>__TI_CINIT_Base</name>
         <value>0x13c</value>
      </symbol>
      <symbol id="sm-2">
         <name>__TI_CINIT_Limit</name>
         <value>0x144</value>
      </symbol>
      <symbol id="sm-3">
         <name>__TI_CINIT_Warm</name>
         <value>0x144</value>
      </symbol>
      <symbol id="sm-4">
         <name>__TI_Handler_Table_Base</name>
         <value>0x132</value>
      </symbol>
      <symbol id="sm-5">
         <name>__TI_Handler_Table_Limit</name>
         <value>0x138</value>
      </symbol>
      <symbol id="sm-6">
         <name>__TI_STACK_SIZE</name>
         <value>0x3f8</value>
      </symbol>
      <symbol id="sm-7">
         <name>__TI_STACK_END</name>
         <value>0x7f8</value>
      </symbol>
      <symbol id="sm-8">
         <name>__TI_pprof_out_hndl</name>
         <value>0xffffffff</value>
      </symbol>
      <symbol id="sm-9">
         <name>__TI_prof_data_start</name>
         <value>0xffffffff</value>
      </symbol>
      <symbol id="sm-a">
         <name>__TI_prof_data_size</name>
         <value>0xffffffff</value>
      </symbol>
      <symbol id="sm-77">
         <name>Cla1Task2</name>
         <value>0xa00e</value>
         <object_component_ref idref="oc-74"/>
      </symbol>
      <symbol id="sm-78">
         <name>Cla1Task3</name>
         <value>0xa016</value>
         <object_component_ref idref="oc-7a"/>
      </symbol>
      <symbol id="sm-79">
         <name>Cla1Task1</name>
         <value>0xa000</value>
         <object_component_ref idref="oc-68"/>
      </symbol>
      <symbol id="sm-7a">
         <name>Cla1Task6</name>
         <value>0xa02e</value>
         <object_component_ref idref="oc-8c"/>
      </symbol>
      <symbol id="sm-7b">
         <name>Cla1Task7</name>
         <value>0xa036</value>
         <object_component_ref idref="oc-92"/>
      </symbol>
      <symbol id="sm-7c">
         <name>Cla1Task4</name>
         <value>0xa01e</value>
         <object_component_ref idref="oc-80"/>
      </symbol>
      <symbol id="sm-7d">
         <name>Cla1Task5</name>
         <value>0xa026</value>
         <object_component_ref idref="oc-86"/>
      </symbol>
      <symbol id="sm-7e">
         <name>Cla1Task8</name>
         <value>0xa03e</value>
         <object_component_ref idref="oc-98"/>
      </symbol>
      <symbol id="sm-a2">
         <name>INTERRUPT_init</name>
         <value>0xb11a</value>
         <object_component_ref idref="oc-34"/>
      </symbol>
      <symbol id="sm-a3">
         <name>PinMux_init</name>
         <value>0xb0b4</value>
         <object_component_ref idref="oc-34"/>
      </symbol>
      <symbol id="sm-a4">
         <name>Board_init</name>
         <value>0xb0a9</value>
         <object_component_ref idref="oc-34"/>
      </symbol>
      <symbol id="sm-a5">
         <name>MEMCFG_init</name>
         <value>0xb17b</value>
         <object_component_ref idref="oc-34"/>
      </symbol>
      <symbol id="sm-a6">
         <name>CLA_init</name>
         <value>0xb117</value>
         <object_component_ref idref="oc-34"/>
      </symbol>
      <symbol id="sm-a7">
         <name>myCLA0_init</name>
         <value>0xb0b5</value>
         <object_component_ref idref="oc-34"/>
      </symbol>
      <symbol id="sm-ca">
         <name>fResult</name>
         <value>0x1480</value>
         <object_component_ref idref="oc-f7"/>
      </symbol>
      <symbol id="sm-cb">
         <name>main</name>
         <value>0xbbc8</value>
         <object_component_ref idref="oc-5b"/>
      </symbol>
      <symbol id="sm-cc">
         <name>cla1Isr4</name>
         <value>0xb715</value>
         <object_component_ref idref="oc-32"/>
      </symbol>
      <symbol id="sm-cd">
         <name>cla1Isr5</name>
         <value>0xb724</value>
         <object_component_ref idref="oc-32"/>
      </symbol>
      <symbol id="sm-ce">
         <name>cla1Isr6</name>
         <value>0xb733</value>
         <object_component_ref idref="oc-32"/>
      </symbol>
      <symbol id="sm-cf">
         <name>cla1Isr7</name>
         <value>0xb742</value>
         <object_component_ref idref="oc-32"/>
      </symbol>
      <symbol id="sm-d0">
         <name>cla1Isr1</name>
         <value>0xb6c8</value>
         <object_component_ref idref="oc-32"/>
      </symbol>
      <symbol id="sm-d1">
         <name>cla1Isr2</name>
         <value>0xb6f7</value>
         <object_component_ref idref="oc-32"/>
      </symbol>
      <symbol id="sm-d2">
         <name>cla1Isr3</name>
         <value>0xb706</value>
         <object_component_ref idref="oc-32"/>
      </symbol>
      <symbol id="sm-d3">
         <name>cla1Isr8</name>
         <value>0xb751</value>
         <object_component_ref idref="oc-32"/>
      </symbol>
      <symbol id="sm-e2">
         <name>code_start</name>
         <value>0x0</value>
         <object_component_ref idref="oc-2d"/>
      </symbol>
      <symbol id="sm-102">
         <name>Device_enableAllPeripherals</name>
         <value>0xb32d</value>
         <object_component_ref idref="oc-62"/>
      </symbol>
      <symbol id="sm-103">
         <name>Device_initGPIO</name>
         <value>0xb418</value>
         <object_component_ref idref="oc-62"/>
      </symbol>
      <symbol id="sm-104">
         <name>Example_Fail</name>
         <value>0x9a08</value>
         <object_component_ref idref="oc-f2"/>
      </symbol>
      <symbol id="sm-105">
         <name>Example_setResultFail</name>
         <value>0xb4bc</value>
         <object_component_ref idref="oc-62"/>
      </symbol>
      <symbol id="sm-106">
         <name>Device_init</name>
         <value>0xb2eb</value>
         <object_component_ref idref="oc-62"/>
      </symbol>
      <symbol id="sm-107">
         <name>Example_Result</name>
         <value>0x9a04</value>
         <object_component_ref idref="oc-f2"/>
      </symbol>
      <symbol id="sm-108">
         <name>Device_enableUnbondedGPIOPullups</name>
         <value>0xb469</value>
         <object_component_ref idref="oc-62"/>
      </symbol>
      <symbol id="sm-109">
         <name>__error__</name>
         <value>0xb4b0</value>
         <object_component_ref idref="oc-62"/>
      </symbol>
      <symbol id="sm-10a">
         <name>Example_setResultPass</name>
         <value>0xb4b7</value>
         <object_component_ref idref="oc-62"/>
      </symbol>
      <symbol id="sm-10b">
         <name>Device_configureTMXAnalogTrim</name>
         <value>0xb47f</value>
         <object_component_ref idref="oc-62"/>
      </symbol>
      <symbol id="sm-10c">
         <name>Device_enableUnbondedGPIOPullupsFor176Pin</name>
         <value>0xb439</value>
         <object_component_ref idref="oc-62"/>
      </symbol>
      <symbol id="sm-10d">
         <name>Example_done</name>
         <value>0xb4c1</value>
         <object_component_ref idref="oc-62"/>
      </symbol>
      <symbol id="sm-10e">
         <name>Example_PassCount</name>
         <value>0x9a06</value>
         <object_component_ref idref="oc-f2"/>
      </symbol>
      <symbol id="sm-10f">
         <name>Device_enableUnbondedGPIOPullupsFor100Pin</name>
         <value>0xb44c</value>
         <object_component_ref idref="oc-62"/>
      </symbol>
      <symbol id="sm-11e">
         <name>CLA_setTriggerSource</name>
         <value>0xbc57</value>
         <object_component_ref idref="oc-6e"/>
      </symbol>
      <symbol id="sm-144">
         <name>Interrupt_enable</name>
         <value>0xbb2f</value>
         <object_component_ref idref="oc-9e"/>
      </symbol>
      <symbol id="sm-188">
         <name>MemCfg_initSections</name>
         <value>0xb780</value>
         <object_component_ref idref="oc-a4"/>
      </symbol>
      <symbol id="sm-189">
         <name>MemCfg_setLSRAMControllerSel</name>
         <value>0xbb66</value>
         <object_component_ref idref="oc-b0"/>
      </symbol>
      <symbol id="sm-18a">
         <name>MemCfg_setProtection</name>
         <value>0xb891</value>
         <object_component_ref idref="oc-b6"/>
      </symbol>
      <symbol id="sm-18b">
         <name>MemCfg_getInitStatus</name>
         <value>0xb800</value>
         <object_component_ref idref="oc-aa"/>
      </symbol>
      <symbol id="sm-264">
         <name>SysCtl_delay</name>
         <value>0x123</value>
         <object_component_ref idref="oc-14a"/>
      </symbol>
      <symbol id="sm-265">
         <name>SysCtl_getDeviceParametric</name>
         <value>0xba2e</value>
         <object_component_ref idref="oc-d9"/>
      </symbol>
      <symbol id="sm-266">
         <name>SysCtl_selectXTAL</name>
         <value>0xb91c</value>
         <object_component_ref idref="oc-1b1"/>
      </symbol>
      <symbol id="sm-267">
         <name>SysCtl_selectOscSource</name>
         <value>0xbae7</value>
         <object_component_ref idref="oc-144"/>
      </symbol>
      <symbol id="sm-268">
         <name>SysCtl_getLowSpeedClock</name>
         <value>0xbcf4</value>
         <object_component_ref idref="oc-ec"/>
      </symbol>
      <symbol id="sm-269">
         <name>SysCtl_setClock</name>
         <value>0xb4c2</value>
         <object_component_ref idref="oc-df"/>
      </symbol>
      <symbol id="sm-26a">
         <name>SysCtl_getClock</name>
         <value>0xba96</value>
         <object_component_ref idref="oc-e5"/>
      </symbol>
      <symbol id="sm-274">
         <name>_c_int00</name>
         <value>0xbd25</value>
         <object_component_ref idref="oc-d1"/>
      </symbol>
      <symbol id="sm-275">
         <name>__stack</name>
         <value>0x400</value>
         <object_component_ref idref="oc-3e"/>
      </symbol>
      <symbol id="sm-282">
         <name>__c28xabi_divf</name>
         <value>0xb9a6</value>
         <object_component_ref idref="oc-151"/>
      </symbol>
      <symbol id="sm-28f">
         <name>_system_pre_init</name>
         <value>0xb7fc</value>
         <object_component_ref idref="oc-127"/>
      </symbol>
      <symbol id="sm-29e">
         <name>__TI_auto_init_nobinit_nopinit</name>
         <value>0xbc03</value>
         <object_component_ref idref="oc-173"/>
      </symbol>
      <symbol id="sm-2ad">
         <name>__TI_zero_init_nomemset</name>
         <value>0xbdae</value>
         <object_component_ref idref="oc-49"/>
      </symbol>
      <symbol id="sm-2ba">
         <name>__TI_decompress_none</name>
         <value>0xbdec</value>
         <object_component_ref idref="oc-26"/>
      </symbol>
      <symbol id="sm-2ce">
         <name>__TI_decompress_lzss</name>
         <value>0xbbd3</value>
         <object_component_ref idref="oc-20"/>
      </symbol>
      <symbol id="sm-2e4">
         <name>C$$EXIT</name>
         <value>0xbc2e</value>
         <object_component_ref idref="oc-134"/>
      </symbol>
      <symbol id="sm-2e5">
         <name>abort</name>
         <value>0xbc2e</value>
         <object_component_ref idref="oc-134"/>
      </symbol>
      <symbol id="sm-2e6">
         <name>exit</name>
         <value>0xbc30</value>
         <object_component_ref idref="oc-134"/>
      </symbol>
      <symbol id="sm-2e7">
         <name>__TI_dtors_ptr</name>
         <value>0x9a0e</value>
         <object_component_ref idref="oc-1a5"/>
      </symbol>
      <symbol id="sm-2e8">
         <name>__TI_cleanup_ptr</name>
         <value>0x9a0c</value>
         <object_component_ref idref="oc-1a5"/>
      </symbol>
      <symbol id="sm-2e9">
         <name>__TI_enable_exit_profile_output</name>
         <value>0x9a0a</value>
         <object_component_ref idref="oc-1a5"/>
      </symbol>
      <symbol id="sm-300">
         <name>_nop</name>
         <value>0xbde3</value>
         <object_component_ref idref="oc-1d7"/>
      </symbol>
      <symbol id="sm-301">
         <name>_lock</name>
         <value>0x9a10</value>
         <object_component_ref idref="oc-1a8"/>
      </symbol>
      <symbol id="sm-302">
         <name>_unlock</name>
         <value>0x9a12</value>
         <object_component_ref idref="oc-21b"/>
      </symbol>
      <symbol id="sm-303">
         <name>_register_lock</name>
         <value>0xbddf</value>
         <object_component_ref idref="oc-1d7"/>
      </symbol>
      <symbol id="sm-304">
         <name>_register_unlock</name>
         <value>0xbddb</value>
         <object_component_ref idref="oc-1d7"/>
      </symbol>
      <symbol id="sm-313">
         <name>_args_main</name>
         <value>0xbdbb</value>
         <object_component_ref idref="oc-12e"/>
      </symbol>
      <symbol id="sm-327">
         <name>memcpy</name>
         <value>0xbcbd</value>
         <object_component_ref idref="oc-41"/>
      </symbol>
      <symbol id="sm-334">
         <name>_system_post_cinit</name>
         <value>0xb7fe</value>
         <object_component_ref idref="oc-1bd"/>
      </symbol>
      <symbol id="sm-336">
         <name>__c_args__</name>
         <value>0x0</value>
      </symbol>
   </symbol_table>
   <title>Link successful</title>
</link_info>
