******************************************************************************
             TMS320C2000 Linker PC v22.6.1                     
******************************************************************************
>> Linked Tue Nov  4 15:35:21 2025

OUTPUT FILE NAME:   <empty_sysconfig_176ptp.out>
ENTRY POINT SYMBOL: "code_start"  address: 00000000


MEMORY CONFIGURATION

         name            origin    length      used     unused   attr    fill
----------------------  --------  ---------  --------  --------  ----  --------
PAGE 0:
  BEGIN                 00000000   00000002  00000002  00000000  RWIX
  RAMM0                 00000123   000002dd  00000020  000002bd  RWIX
  RAMLS4_5              0000a000   00001000  00000046  00000fba  RWIX
  RAMD0                 0000b000   00000800  000007ff  00000001  RWIX
  RAMD1                 0000b800   00000800  000005fb  00000205  RWIX
  RAMGS5                00011000   00001000  00000000  00001000  RWIX
  RESET                 003fffc0   00000002  00000000  00000002  RWIX

PAGE 1:
  BOOT_RSVD             00000002   00000121  00000000  00000121  RWIX
  RAMM1                 00000400   000003f8  000003f8  00000000  RWIX
  CLA1_MSGRAMLOW        00001480   00000080  00000002  0000007e  RWIX
  CLA1_MSGRAMHIGH       00001500   00000080  00000000  00000080  RWIX
  EMIF2_CS2n            00002000   00001000  00000000  00001000  RWIX
  RAMLS0                00008000   00000800  00000000  00000800  RWIX
  RAMLS1                00008800   00000800  00000000  00000800  RWIX
  RAMLS2                00009000   00000800  00000000  00000800  RWIX
  RAMLS3                00009800   00000800  00000213  000005ed  RWIX
  RAMGS0                0000c000   00001000  00000000  00001000  RWIX
  RAMGS1                0000d000   00001000  00000000  00001000  RWIX
  RAMGS2                0000e000   00001000  00000000  00001000  RWIX
  RAMGS3                0000f000   00001000  00000000  00001000  RWIX
  RAMGS4                00010000   00001000  00000000  00001000  RWIX
  RAMGS6                00012000   00001000  00000000  00001000  RWIX
  RAMGS7                00013000   00001000  00000000  00001000  RWIX
  RAMGS8                00014000   00001000  00000000  00001000  RWIX
  RAMGS9                00015000   00001000  00000000  00001000  RWIX
  RAMGS10               00016000   00001000  00000000  00001000  RWIX
  RAMGS11               00017000   00001000  00000000  00001000  RWIX
  RAMGS12               00018000   00001000  00000000  00001000  RWIX
  RAMGS13               00019000   00001000  00000000  00001000  RWIX
  RAMGS14               0001a000   00001000  00000000  00001000  RWIX
  RAMGS15               0001b000   00000ff8  00000000  00000ff8  RWIX
  CANA_MSG_RAM          00049000   00000800  00000000  00000800  RWIX
  CANB_MSG_RAM          0004b000   00000800  00000000  00000800  RWIX
  EMIF1_CS2n            00100000   00200000  00000000  00200000  RWIX
  EMIF1_CS3n            00300000   00080000  00000000  00080000  RWIX
  EMIF1_CS4n            00380000   00060000  00000000  00060000  RWIX
  EMIF1_CS0n            80000000   10000000  00000000  10000000  RWIX
  EMIF2_CS0n            90000000   10000000  00000000  10000000  RWIX


SECTION ALLOCATION MAP

 output                                  attributes/
section   page    origin      length       input sections
--------  ----  ----------  ----------   ----------------
codestart 
*          0    00000000    00000002     
                  00000000    00000002     F2837xS_CodeStartBranch.obj (codestart)

.cinit     0    00000128    0000001c     
                  00000128    00000009     (.cinit..data.load) [load image, compression = lzss]
                  00000131    00000001     --HOLE-- [fill = 0]
                  00000132    00000006     (__TI_handler_table)
                  00000138    00000004     (.cinit.Cla1ToCpuMsgRAM.load) [load image, compression = zero_init]
                  0000013c    00000008     (__TI_cinit_table)

.reset     0    003fffc0    00000000     DSECT

.stack     1    00000400    000003f8     UNINITIALIZED
                  00000400    000003f8     --HOLE--

.init_array 
*          0    00000123    00000000     UNINITIALIZED

.const     1    00009800    00000203     
                  00009800    000000c2     driverlib_eabi.lib : sysctl.obj (.const:.string)
                  000098c2    0000008a     board.obj (.const:.string)
                  0000994c    00000060     driverlib_eabi.lib : memcfg.obj (.const:.string)
                  000099ac    00000043     empty_sysconfig_main.obj (.const:.string)
                  000099ef    00000001     --HOLE-- [fill = 0]
                  000099f0    00000013     device.obj (.const:.string)

.data      1    00009a04    00000010     UNINITIALIZED
                  00009a04    00000006     device.obj (.data)
                  00009a0a    00000006     rts2800_fpu32_eabi.lib : exit.c.obj (.data)
                  00009a10    00000002                            : _lock.c.obj (.data:_lock)
                  00009a12    00000002                            : _lock.c.obj (.data:_unlock)

Cla1Prog   0    0000a000    00000046     
                  0000a000    0000000e     asin.obj (Cla1Prog:Cla1Task1)
                  0000a00e    00000008     asin.obj (Cla1Prog:Cla1Task2)
                  0000a016    00000008     asin.obj (Cla1Prog:Cla1Task3)
                  0000a01e    00000008     asin.obj (Cla1Prog:Cla1Task4)
                  0000a026    00000008     asin.obj (Cla1Prog:Cla1Task5)
                  0000a02e    00000008     asin.obj (Cla1Prog:Cla1Task6)
                  0000a036    00000008     asin.obj (Cla1Prog:Cla1Task7)
                  0000a03e    00000008     asin.obj (Cla1Prog:Cla1Task8)

Cla1ToCpuMsgRAM 
*          1    00001480    00000002     UNINITIALIZED
                  00001480    00000002     empty_sysconfig_main.obj (Cla1ToCpuMsgRAM)

.TI.ramfunc 
*          0    00000123    00000004     
                  00000123    00000004     driverlib_eabi.lib : sysctl.obj (.TI.ramfunc)

.text.1    0    0000b000    000007ff     
                  0000b000    0000027e     board.obj (.text)
                  0000b27e    00000244     device.obj (.text)
                  0000b4c2    00000206     driverlib_eabi.lib : sysctl.obj (.text:SysCtl_setClock)
                  0000b6c8    000000b8     empty_sysconfig_main.obj (.text:retain)
                  0000b780    0000007c     driverlib_eabi.lib : memcfg.obj (.text:MemCfg_initSections)
                  0000b7fc    00000002     rts2800_fpu32_eabi.lib : pre_init.c.obj (.text)
                  0000b7fe    00000001                            : startup.c.obj (.text)

.text.2    0    0000b800    000005fb     
                  0000b800    00000091     driverlib_eabi.lib : memcfg.obj (.text:MemCfg_getInitStatus)
                  0000b891    0000008b                        : memcfg.obj (.text:MemCfg_setProtection)
                  0000b91c    0000008a                        : sysctl.obj (.text:SysCtl_selectXTAL)
                  0000b9a6    00000088     rts2800_fpu32_eabi.lib : fs_div28.asm.obj (.text)
                  0000ba2e    00000068     driverlib_eabi.lib : sysctl.obj (.text:SysCtl_getDeviceParametric)
                  0000ba96    00000051                        : sysctl.obj (.text:SysCtl_getClock)
                  0000bae7    00000048                        : sysctl.obj (.text:SysCtl_selectOscSource)
                  0000bb2f    00000037                        : interrupt.obj (.text:Interrupt_enable)
                  0000bb66    00000037                        : memcfg.obj (.text:MemCfg_setLSRAMControllerSel)
                  0000bb9d    00000036     empty_sysconfig_main.obj (.text)
                  0000bbd3    00000030     rts2800_fpu32_eabi.lib : copy_decompress_lzss.c.obj (.text:decompress:lzss)
                  0000bc03    0000002b                            : autoinit.c.obj (.text:__TI_auto_init_nobinit_nopinit)
                  0000bc2e    00000029                            : exit.c.obj (.text)
                  0000bc57    00000026     driverlib_eabi.lib : cla.obj (.text:CLA_setTriggerSource)
                  0000bc7d    00000021                        : sysctl.obj (.text:CPUTimer_selectClockSource)
                  0000bc9e    0000001f                        : sysctl.obj (.text:CPUTimer_getTimerOverflowStatus)
                  0000bcbd    0000001d     rts2800_fpu32_eabi.lib : memcpy.c.obj (.text)
                  0000bcda    0000001a     driverlib_eabi.lib : sysctl.obj (.text:CPUTimer_startTimer)
                  0000bcf4    0000001a                        : sysctl.obj (.text:SysCtl_getLowSpeedClock)
                  0000bd0e    00000017                        : sysctl.obj (.text:CPUTimer_isBaseValid)
                  0000bd25    00000017     rts2800_fpu32_eabi.lib : boot28.asm.obj (.text)
                  0000bd3c    00000014     driverlib_eabi.lib : sysctl.obj (.text:CPUTimer_stopTimer)
                  0000bd50    00000012                        : sysctl.obj (.text:CPUTimer_clearOverflowFlag)
                  0000bd62    00000012                        : sysctl.obj (.text:CPUTimer_disableInterrupt)
                  0000bd74    00000011                        : sysctl.obj (.text:CPUTimer_setPeriod)
                  0000bd85    0000000f                        : sysctl.obj (.text:SysCtl_pollCpuTimer)
                  0000bd94    0000000d                        : interrupt.obj (.text:Interrupt_disableGlobal)
                  0000bda1    0000000d                        : interrupt.obj (.text:Interrupt_enableGlobal)
                  0000bdae    0000000d     rts2800_fpu32_eabi.lib : copy_zero_init.c.obj (.text:decompress:ZI:__TI_zero_init_nomemset)
                  0000bdbb    0000000c                            : args_main.c.obj (.text)
                  0000bdc7    0000000b     driverlib_eabi.lib : sysctl.obj (.text:SysCtl_isMCDClockFailureDetected)
                  0000bdd2    00000009                        : sysctl.obj (.text:SysCtl_serviceWatchdog)
                  0000bddb    00000009     rts2800_fpu32_eabi.lib : _lock.c.obj (.text)
                  0000bde4    00000008     F2837xS_CodeStartBranch.obj (.text)
                  0000bdec    00000008     rts2800_fpu32_eabi.lib : copy_decompress_none.c.obj (.text:decompress:none)
                  0000bdf4    00000007     driverlib_eabi.lib : sysctl.obj (.text:SysCtl_resetMCD)

MODULE SUMMARY

       Module                        code   ro data   rw data
       ------                        ----   -------   -------
    .\
       empty_sysconfig_main.obj      238    67        2      
       asin.obj                      70     0         0      
    +--+-----------------------------+------+---------+---------+
       Total:                        308    67        2      
                                                             
    .\device\
       device.obj                    580    19        6      
       F2837xS_CodeStartBranch.obj   10     0         0      
    +--+-----------------------------+------+---------+---------+
       Total:                        590    19        6      
                                                             
    .\syscfg\
       board.obj                     638    138       0      
    +--+-----------------------------+------+---------+---------+
       Total:                        638    138       0      
                                                             
    C:\ti\c2000\C2000Ware_5_01_00_00\driverlib\f2837xs\driverlib\ccs\Debug\driverlib_eabi.lib
       sysctl.obj                    1171   194       0      
       memcfg.obj                    463    96        0      
       interrupt.obj                 81     0         0      
       cla.obj                       38     0         0      
    +--+-----------------------------+------+---------+---------+
       Total:                        1753   290       0      
                                                             
    C:\ti\ccs1271\ccs\tools\compiler\ti-cgt-c2000_22.6.1.LTS\lib\rts2800_fpu32_eabi.lib
       fs_div28.asm.obj              136    0         0      
       copy_decompress_lzss.c.obj    48     0         0      
       exit.c.obj                    41     0         6      
       autoinit.c.obj                43     0         0      
       memcpy.c.obj                  29     0         0      
       boot28.asm.obj                23     0         0      
       _lock.c.obj                   9      0         4      
       copy_zero_init.c.obj          13     0         0      
       args_main.c.obj               12     0         0      
       copy_decompress_none.c.obj    8      0         0      
       pre_init.c.obj                2      0         0      
       startup.c.obj                 1      0         0      
    +--+-----------------------------+------+---------+---------+
       Total:                        365    0         10     
                                                             
       Stack:                        0      0         1016   
       Linker Generated:             0      27        0      
    +--+-----------------------------+------+---------+---------+
       Grand Total:                  3654   541       1034   


LINKER GENERATED COPY TABLES

__TI_cinit_table @ 0000013c records: 2, size/record: 4, table size: 8
	.data: load addr=00000128, load size=00000009 bytes, run addr=00009a04, run size=00000010 bytes, compression=lzss
	Cla1ToCpuMsgRAM: load addr=00000138, load size=00000004 bytes, run addr=00001480, run size=00000002 bytes, compression=zero_init


LINKER GENERATED HANDLER TABLE

__TI_handler_table @ 00000132 records: 3, size/record: 2, table size: 6
	index: 0, handler: __TI_decompress_lzss
	index: 1, handler: __TI_decompress_none
	index: 2, handler: __TI_zero_init


GLOBAL DATA SYMBOLS: SORTED BY DATA PAGE

address     data page           name
--------    ----------------    ----
00000400      10 (00000400)     __stack

00001480      52 (00001480)     fResult

00009a04     268 (00009a00)     Example_Result
00009a06     268 (00009a00)     Example_PassCount
00009a08     268 (00009a00)     Example_Fail
00009a0a     268 (00009a00)     __TI_enable_exit_profile_output
00009a0c     268 (00009a00)     __TI_cleanup_ptr
00009a0e     268 (00009a00)     __TI_dtors_ptr
00009a10     268 (00009a00)     _lock
00009a12     268 (00009a00)     _unlock


GLOBAL SYMBOLS: SORTED ALPHABETICALLY BY Name 

page  address   name                                     
----  -------   ----                                     
0     0000b0a9  Board_init                               
0     0000bc2e  C$$EXIT                                  
0     0000b117  CLA_init                                 
0     0000bc57  CLA_setTriggerSource                     
0     0000a000  Cla1Task1                                
0     0000a00e  Cla1Task2                                
0     0000a016  Cla1Task3                                
0     0000a01e  Cla1Task4                                
0     0000a026  Cla1Task5                                
0     0000a02e  Cla1Task6                                
0     0000a036  Cla1Task7                                
0     0000a03e  Cla1Task8                                
0     0000b47f  Device_configureTMXAnalogTrim            
0     0000b32d  Device_enableAllPeripherals              
0     0000b469  Device_enableUnbondedGPIOPullups         
0     0000b44c  Device_enableUnbondedGPIOPullupsFor100Pin
0     0000b439  Device_enableUnbondedGPIOPullupsFor176Pin
0     0000b2eb  Device_init                              
0     0000b418  Device_initGPIO                          
1     00009a08  Example_Fail                             
1     00009a06  Example_PassCount                        
1     00009a04  Example_Result                           
0     0000b4c1  Example_done                             
0     0000b4bc  Example_setResultFail                    
0     0000b4b7  Example_setResultPass                    
0     0000b11a  INTERRUPT_init                           
0     0000bb2f  Interrupt_enable                         
0     0000b17b  MEMCFG_init                              
0     0000b800  MemCfg_getInitStatus                     
0     0000b780  MemCfg_initSections                      
0     0000bb66  MemCfg_setLSRAMControllerSel             
0     0000b891  MemCfg_setProtection                     
0     0000b0b4  PinMux_init                              
0     00000123  SysCtl_delay                             
0     0000ba96  SysCtl_getClock                          
0     0000ba2e  SysCtl_getDeviceParametric               
0     0000bcf4  SysCtl_getLowSpeedClock                  
0     0000bae7  SysCtl_selectOscSource                   
0     0000b91c  SysCtl_selectXTAL                        
0     0000b4c2  SysCtl_setClock                          
0     0000013c  __TI_CINIT_Base                          
0     00000144  __TI_CINIT_Limit                         
0     00000144  __TI_CINIT_Warm                          
0     00000132  __TI_Handler_Table_Base                  
0     00000138  __TI_Handler_Table_Limit                 
1     000007f8  __TI_STACK_END                           
abs   000003f8  __TI_STACK_SIZE                          
0     0000bc03  __TI_auto_init_nobinit_nopinit           
1     00009a0c  __TI_cleanup_ptr                         
0     0000bbd3  __TI_decompress_lzss                     
0     0000bdec  __TI_decompress_none                     
1     00009a0e  __TI_dtors_ptr                           
1     00009a0a  __TI_enable_exit_profile_output          
abs   ffffffff  __TI_pprof_out_hndl                      
abs   ffffffff  __TI_prof_data_size                      
abs   ffffffff  __TI_prof_data_start                     
0     0000bdae  __TI_zero_init_nomemset                  
0     0000b9a6  __c28xabi_divf                           
n/a   UNDEFED   __c_args__                               
0     0000b4b0  __error__                                
1     00000400  __stack                                  
0     0000bdbb  _args_main                               
0     0000bd25  _c_int00                                 
1     00009a10  _lock                                    
0     0000bde3  _nop                                     
0     0000bddf  _register_lock                           
0     0000bddb  _register_unlock                         
0     0000b7fe  _system_post_cinit                       
0     0000b7fc  _system_pre_init                         
1     00009a12  _unlock                                  
0     0000bc2e  abort                                    
0     0000b6c8  cla1Isr1                                 
0     0000b6f7  cla1Isr2                                 
0     0000b706  cla1Isr3                                 
0     0000b715  cla1Isr4                                 
0     0000b724  cla1Isr5                                 
0     0000b733  cla1Isr6                                 
0     0000b742  cla1Isr7                                 
0     0000b751  cla1Isr8                                 
0     00000000  code_start                               
0     0000bc30  exit                                     
1     00001480  fResult                                  
0     0000bbc8  main                                     
0     0000bcbd  memcpy                                   
0     0000b0b5  myCLA0_init                              


GLOBAL SYMBOLS: SORTED BY Symbol Address 

page  address   name                                     
----  -------   ----                                     
0     00000000  code_start                               
0     00000123  SysCtl_delay                             
0     00000132  __TI_Handler_Table_Base                  
0     00000138  __TI_Handler_Table_Limit                 
0     0000013c  __TI_CINIT_Base                          
0     00000144  __TI_CINIT_Limit                         
0     00000144  __TI_CINIT_Warm                          
0     0000a000  Cla1Task1                                
0     0000a00e  Cla1Task2                                
0     0000a016  Cla1Task3                                
0     0000a01e  Cla1Task4                                
0     0000a026  Cla1Task5                                
0     0000a02e  Cla1Task6                                
0     0000a036  Cla1Task7                                
0     0000a03e  Cla1Task8                                
0     0000b0a9  Board_init                               
0     0000b0b4  PinMux_init                              
0     0000b0b5  myCLA0_init                              
0     0000b117  CLA_init                                 
0     0000b11a  INTERRUPT_init                           
0     0000b17b  MEMCFG_init                              
0     0000b2eb  Device_init                              
0     0000b32d  Device_enableAllPeripherals              
0     0000b418  Device_initGPIO                          
0     0000b439  Device_enableUnbondedGPIOPullupsFor176Pin
0     0000b44c  Device_enableUnbondedGPIOPullupsFor100Pin
0     0000b469  Device_enableUnbondedGPIOPullups         
0     0000b47f  Device_configureTMXAnalogTrim            
0     0000b4b0  __error__                                
0     0000b4b7  Example_setResultPass                    
0     0000b4bc  Example_setResultFail                    
0     0000b4c1  Example_done                             
0     0000b4c2  SysCtl_setClock                          
0     0000b6c8  cla1Isr1                                 
0     0000b6f7  cla1Isr2                                 
0     0000b706  cla1Isr3                                 
0     0000b715  cla1Isr4                                 
0     0000b724  cla1Isr5                                 
0     0000b733  cla1Isr6                                 
0     0000b742  cla1Isr7                                 
0     0000b751  cla1Isr8                                 
0     0000b780  MemCfg_initSections                      
0     0000b7fc  _system_pre_init                         
0     0000b7fe  _system_post_cinit                       
0     0000b800  MemCfg_getInitStatus                     
0     0000b891  MemCfg_setProtection                     
0     0000b91c  SysCtl_selectXTAL                        
0     0000b9a6  __c28xabi_divf                           
0     0000ba2e  SysCtl_getDeviceParametric               
0     0000ba96  SysCtl_getClock                          
0     0000bae7  SysCtl_selectOscSource                   
0     0000bb2f  Interrupt_enable                         
0     0000bb66  MemCfg_setLSRAMControllerSel             
0     0000bbc8  main                                     
0     0000bbd3  __TI_decompress_lzss                     
0     0000bc03  __TI_auto_init_nobinit_nopinit           
0     0000bc2e  C$$EXIT                                  
0     0000bc2e  abort                                    
0     0000bc30  exit                                     
0     0000bc57  CLA_setTriggerSource                     
0     0000bcbd  memcpy                                   
0     0000bcf4  SysCtl_getLowSpeedClock                  
0     0000bd25  _c_int00                                 
0     0000bdae  __TI_zero_init_nomemset                  
0     0000bdbb  _args_main                               
0     0000bddb  _register_unlock                         
0     0000bddf  _register_lock                           
0     0000bde3  _nop                                     
0     0000bdec  __TI_decompress_none                     
1     00000400  __stack                                  
1     000007f8  __TI_STACK_END                           
1     00001480  fResult                                  
1     00009a04  Example_Result                           
1     00009a06  Example_PassCount                        
1     00009a08  Example_Fail                             
1     00009a0a  __TI_enable_exit_profile_output          
1     00009a0c  __TI_cleanup_ptr                         
1     00009a0e  __TI_dtors_ptr                           
1     00009a10  _lock                                    
1     00009a12  _unlock                                  
abs   000003f8  __TI_STACK_SIZE                          
abs   ffffffff  __TI_pprof_out_hndl                      
abs   ffffffff  __TI_prof_data_size                      
abs   ffffffff  __TI_prof_data_start                     
n/a   UNDEFED   __c_args__                               

[85 symbols]
