******************************************************************************
             TMS320C2000 Linker Unix v22.6.1                   
******************************************************************************
>> Linked Mon Dec 29 04:24:55 2025

OUTPUT FILE NAME:   <Crystal＿Test.out>
ENTRY POINT SYMBOL: "code_start"  address: 00000000


MEMORY CONFIGURATION

         name            origin    length      used     unused   attr    fill
----------------------  --------  ---------  --------  --------  ----  --------
PAGE 0:
  BEGIN                 00000000   00000002  00000002  00000000  RWIX
  RAMM0                 000000f6   0000030a  00000014  000002f6  RWIX
  RAMLS0                00008000   00000800  00000800  00000000  RWIX
  RAMLS1                00008800   00000800  00000631  000001cf  RWIX
  RAMLS2                00009000   00000800  00000000  00000800  RWIX
  RAMLS3                00009800   00000800  00000000  00000800  RWIX
  RAMLS4                0000a000   00000800  00000000  00000800  RWIX
  FLASH_BANK0_SEC0      00080000   00001000  00000000  00001000  RWIX
  FLASH_BANK0_SEC1      00081000   00001000  00000000  00001000  RWIX
  FLASH_BANK0_SEC2      00082000   00001000  00000000  00001000  RWIX
  FLASH_BANK0_SEC3      00083000   00001000  00000000  00001000  RWIX
  FLASH_BANK0_SEC4      00084000   00001000  00000000  00001000  RWIX
  FLASH_BANK0_SEC5      00085000   00001000  00000000  00001000  RWIX
  FLASH_BANK0_SEC6      00086000   00001000  00000000  00001000  RWIX
  FLASH_BANK0_SEC7      00087000   00001000  00000000  00001000  RWIX
  FLASH_BANK0_SEC8      00088000   00001000  00000000  00001000  RWIX
  FLASH_BANK0_SEC9      00089000   00001000  00000000  00001000  RWIX
  FLASH_BANK0_SEC10     0008a000   00001000  00000000  00001000  RWIX
  FLASH_BANK0_SEC11     0008b000   00001000  00000000  00001000  RWIX
  FLASH_BANK0_SEC12     0008c000   00001000  00000000  00001000  RWIX
  FLASH_BANK0_SEC13     0008d000   00001000  00000000  00001000  RWIX
  FLASH_BANK0_SEC14     0008e000   00001000  00000000  00001000  RWIX
  FLASH_BANK0_SEC15     0008f000   00001000  00000000  00001000  RWIX
  FLASH_BANK1_SEC0      00090000   00001000  00000000  00001000  RWIX
  FLASH_BANK1_SEC1      00091000   00001000  00000000  00001000  RWIX
  FLASH_BANK1_SEC2      00092000   00001000  00000000  00001000  RWIX
  FLASH_BANK1_SEC3      00093000   00001000  00000000  00001000  RWIX
  FLASH_BANK1_SEC4      00094000   00001000  00000000  00001000  RWIX
  FLASH_BANK1_SEC5      00095000   00001000  00000000  00001000  RWIX
  FLASH_BANK1_SEC6      00096000   00001000  00000000  00001000  RWIX
  FLASH_BANK1_SEC7      00097000   00001000  00000000  00001000  RWIX
  FLASH_BANK1_SEC8      00098000   00001000  00000000  00001000  RWIX
  FLASH_BANK1_SEC9      00099000   00001000  00000000  00001000  RWIX
  FLASH_BANK1_SEC10     0009a000   00001000  00000000  00001000  RWIX
  FLASH_BANK1_SEC11     0009b000   00001000  00000000  00001000  RWIX
  FLASH_BANK1_SEC12     0009c000   00001000  00000000  00001000  RWIX
  FLASH_BANK1_SEC13     0009d000   00001000  00000000  00001000  RWIX
  FLASH_BANK1_SEC14     0009e000   00001000  00000000  00001000  RWIX
  FLASH_BANK1_SEC15     0009f000   00001000  00000000  00001000  RWIX
  RESET                 003fffc0   00000002  00000000  00000002  RWIX

PAGE 1:
  BOOT_RSVD             00000002   000000f1  00000000  000000f1  RWIX
  RAMM1                 00000400   000003f8  000003f8  00000000  RWIX
  RAMLS5                0000a800   00000800  00000241  000005bf  RWIX
  RAMLS6                0000b000   00000800  00000000  00000800  RWIX
  RAMLS7                0000b800   00000800  00000000  00000800  RWIX
  RAMGS0                0000c000   00002000  00000000  00002000  RWIX
  RAMGS1                0000e000   00002000  00000000  00002000  RWIX
  RAMGS2                00010000   00002000  00000000  00002000  RWIX
  RAMGS3                00012000   00001ff8  00000000  00001ff8  RWIX


SECTION ALLOCATION MAP

 output                                  attributes/
section   page    origin      length       input sections
--------  ----  ----------  ----------   ----------------
codestart 
*          0    00000000    00000002     
                  00000000    00000002     f28004x_codestartbranch.obj (codestart)

.TI.ramfunc 
*          0    000000f6    00000004     
                  000000f6    00000004     driverlib_eabi.lib : sysctl.obj (.TI.ramfunc)

.cinit     0    000000fa    00000010     
                  000000fa    00000008     (.cinit..data.load) [load image, compression = lzss]
                  00000102    00000004     (__TI_handler_table)
                  00000106    00000004     (__TI_cinit_table)

.reset     0    003fffc0    00000000     DSECT

.stack     1    00000400    000003f8     UNINITIALIZED
                  00000400    000003f8     --HOLE--

.init_array 
*          0    000000f6    00000000     UNINITIALIZED

.const     1    0000a800    00000237     
                  0000a800    0000009a     driverlib_eabi.lib : sysctl.obj (.const:.string)
                  0000a89a    00000098                        : gpio.obj (.const:.string)
                  0000a932    00000065     device.obj (.const:.string)
                  0000a997    00000001     --HOLE-- [fill = 0]
                  0000a998    0000004f     board.obj (.const:.string)
                  0000a9e7    00000001     --HOLE-- [fill = 0]
                  0000a9e8    0000004f     main.obj (.const:.string)

.data      1    0000aa38    0000000a     UNINITIALIZED
                  0000aa38    00000006     rts2800_fpu32_eabi.lib : exit.c.obj (.data)
                  0000aa3e    00000002                            : _lock.c.obj (.data:_lock)
                  0000aa40    00000002                            : _lock.c.obj (.data:_unlock)

.text.1    0    00008000    00000800     
                  00008000    000000e0     device.obj (.text:Device_enableAllPeripherals)
                  000080e0    000000c8     driverlib_eabi.lib : sysctl.obj (.text:SysCtl_setClock)
                  000081a8    000000bd                        : sysctl.obj (.text:SysCtl_isPLLValid)
                  00008265    000000b7     board.obj (.text:EPWM_init)
                  0000831c    00000073     driverlib_eabi.lib : sysctl.obj (.text:DCC_setCounterSeeds)
                  0000838f    0000005e                        : sysctl.obj (.text:SysCtl_getClock)
                  000083ed    00000052                        : gpio.obj (.text:GPIO_setPadConfig)
                  0000843f    00000051     device.obj (.text:Device_init)
                  00008490    0000004d     driverlib_eabi.lib : sysctl.obj (.text:SysCtl_selectOscSource)
                  000084dd    0000004b     board.obj (.text:EPWM_setInterruptSource)
                  00008528    00000045     driverlib_eabi.lib : sysctl.obj (.text:SysCtl_pollX1Counter)
                  0000856d    00000040     board.obj (.text:EPWM_setActionQualifierAction)
                  000085ad    00000040     main.obj (.text:EPWM_setActionQualifierAction)
                  000085ed    00000040     driverlib_eabi.lib : sysctl.obj (.text:SysCtl_selectXTAL)
                  0000862d    0000003e     board.obj (.text:EPWM_setCounterCompareShadowLoadMode)
                  0000866b    0000003d     driverlib_eabi.lib : interrupt.obj (.text:Interrupt_initModule)
                  000086a8    0000003a                        : gpio.obj (.text:GPIO_setAnalogMode)
                  000086e2    00000037                        : gpio.obj (.text:GPIO_setControllerCore)
                  00008719    00000037                        : gpio.obj (.text:GPIO_setPinConfig)
                  00008750    00000037                        : gpio.obj (.text:GPIO_setQualificationMode)
                  00008787    00000037                        : interrupt.obj (.text:Interrupt_enable)
                  000087be    00000032     main.obj (.text:INT_myEPWM0_ISR)
                  000087f0    00000010     driverlib_eabi.lib : sysctl.obj (.text:DCC_isBaseValid)

.text.2    0    00008800    00000631     
                  00008800    00000031     driverlib_eabi.lib : gpio.obj (.text:GPIO_setDirectionMode)
                  00008831    00000030     rts2800_fpu32_eabi.lib : copy_decompress_lzss.c.obj (.text:decompress:lzss)
                  00008861    0000002b     board.obj (.text:EPWM_isBaseValid)
                  0000888c    0000002b     main.obj (.text:EPWM_isBaseValid)
                  000088b7    0000002b     rts2800_fpu32_eabi.lib : autoinit.c.obj (.text:__TI_auto_init_nobinit_nopinit)
                  000088e2    00000029                            : exit.c.obj (.text)
                  0000890b    00000028     board.obj (.text:EPWM_setInterruptEventCount)
                  00008933    00000027     board.obj (.text:SysCtl_setSyncInputConfig)
                  0000895a    00000027     main.obj (.text:main)
                  00008981    00000025     driverlib_eabi.lib : sysctl.obj (.text:SysCtl_selectXTALSingleEnded)
                  000089a6    00000024                        : sysctl.obj (.text:DCC_enableSingleShotMode)
                  000089ca    00000023     board.obj (.text:PinMux_init)
                  000089ed    00000022     board.obj (.text:EPWM_setCounterCompareValue)
                  00008a0f    0000001f     board.obj (.text:EPWM_setFallingEdgeDelayCountShadowLoadMode)
                  00008a2e    0000001f     board.obj (.text:EPWM_setRisingEdgeDelayCountShadowLoadMode)
                  00008a4d    0000001e     driverlib_eabi.lib : sysctl.obj (.text:DCC_setCounter1ClkSource)
                  00008a6b    0000001e     board.obj (.text:EPWM_setPhaseShift)
                  00008a89    0000001e     driverlib_eabi.lib : interrupt.obj (.text:Interrupt_initVectorTable)
                  00008aa7    0000001e     board.obj (.text:SYNC_init)
                  00008ac5    0000001d     rts2800_fpu32_eabi.lib : memcpy.c.obj (.text)
                  00008ae2    0000001c     driverlib_eabi.lib : sysctl.obj (.text:DCC_setCounter0ClkSource)
                  00008afe    0000001c     board.obj (.text:EPWM_setClockPrescaler)
                  00008b1a    0000001a     driverlib_eabi.lib : sysctl.obj (.text:SysCtl_getLowSpeedClock)
                  00008b34    00000018     board.obj (.text:EPWM_disableFallingEdgeDelayCountShadowLoadMode)
                  00008b4c    00000018     board.obj (.text:EPWM_disableRisingEdgeDelayCountShadowLoadMode)
                  00008b64    00000017     device.obj (.text:SysCtl_enablePeripheral)
                  00008b7b    00000017     driverlib_eabi.lib : sysctl.obj (.text:SysCtl_enablePeripheral)
                  00008b92    00000017     rts2800_fpu32_eabi.lib : boot28.asm.obj (.text)
                  00008ba9    00000016     driverlib_eabi.lib : sysctl.obj (.text:DCC_disableDoneSignal)
                  00008bbf    00000016                        : sysctl.obj (.text:DCC_enableDoneSignal)
                  00008bd5    00000016                        : interrupt.obj (.text:Interrupt_defaultHandler)
                  00008beb    00000015                        : sysctl.obj (.text:DCC_clearDoneFlag)
                  00008c00    00000015                        : sysctl.obj (.text:DCC_clearErrorFlag)
                  00008c15    00000015                        : sysctl.obj (.text:DCC_disableErrorSignal)
                  00008c2a    00000015                        : sysctl.obj (.text:DCC_enableErrorSignal)
                  00008c3f    00000015     device.obj (.text:GPIO_unlockPortConfig)
                  00008c54    00000014     driverlib_eabi.lib : sysctl.obj (.text:DCC_disableModule)
                  00008c68    00000014                        : sysctl.obj (.text:DCC_enableModule)
                  00008c7c    00000014     board.obj (.text:EPWM_setTimeBaseCounterMode)
                  00008c90    00000014     board.obj (.text:EPWM_setTimeBasePeriod)
                  00008ca4    00000014     driverlib_eabi.lib : gpio.obj (.text:GPIO_isPinValid)
                  00008cb8    00000014     device.obj (.text:SysCtl_deviceCal)
                  00008ccc    00000014     board.obj (.text:myGPIO0_init)
                  00008ce0    00000013     main.obj (.text:EPWM_clearEventTriggerInterruptFlag)
                  00008cf3    00000013     board.obj (.text:EPWM_enableInterrupt)
                  00008d06    00000012     board.obj (.text:EPWM_setTimeBaseCounter)
                  00008d18    00000012     board.obj (.text:SysCtl_setSyncOutputConfig)
                  00008d2a    00000011     board.obj (.text:EPWM_disablePhaseShiftLoad)
                  00008d3b    00000011     main.obj (.text:SysCtl_selectClockOutSource)
                  00008d4c    00000010     device.obj (.text:Device_initGPIO)
                  00008d5c    0000000f     device.obj (.text:ASysCtl_disableDCDC)
                  00008d6b    0000000f     board.obj (.text:Interrupt_register)
                  00008d7a    0000000d     board.obj (.text:Board_init)
                  00008d87    0000000d     board.obj (.text:INTERRUPT_init)
                  00008d94    0000000d     driverlib_eabi.lib : interrupt.obj (.text:Interrupt_disableGlobal)
                  00008da1    0000000d                        : interrupt.obj (.text:Interrupt_enableGlobal)
                  00008dae    0000000d     device.obj (.text:SysCtl_setLowSpeedClock)
                  00008dbb    0000000c     board.obj (.text:SysCtl_enableExtADCSOCSource)
                  00008dc7    0000000c     rts2800_fpu32_eabi.lib : args_main.c.obj (.text)
                  00008dd3    0000000b     device.obj (.text:SysCtl_disableWatchdog)
                  00008dde    0000000b     driverlib_eabi.lib : sysctl.obj (.text:SysCtl_isMCDClockFailureDetected)
                  00008de9    0000000a                        : interrupt.obj (.text:Interrupt_illegalOperationHandler)
                  00008df3    0000000a                        : interrupt.obj (.text:Interrupt_nmiHandler)
                  00008dfd    00000009     rts2800_fpu32_eabi.lib : _lock.c.obj (.text)
                  00008e06    00000008                            : copy_decompress_none.c.obj (.text:decompress:none)
                  00008e0e    00000008     f28004x_codestartbranch.obj (.text)
                  00008e16    00000007     driverlib_eabi.lib : sysctl.obj (.text:SysCtl_resetMCD)
                  00008e1d    00000007     device.obj (.text:__error__)
                  00008e24    00000006     main.obj (.text:Interrupt_clearACKGroup)
                  00008e2a    00000003     board.obj (.text:GPIO_init)
                  00008e2d    00000002     rts2800_fpu32_eabi.lib : pre_init.c.obj (.text)
                  00008e2f    00000001     c2000ware_libraries.obj (.text:C2000Ware_libraries_init)
                  00008e30    00000001     rts2800_fpu32_eabi.lib : startup.c.obj (.text)

MODULE SUMMARY

       Module                        code   ro data   rw data
       ------                        ----   -------   -------
    ./
       main.obj                      238    79        0      
    +--+-----------------------------+------+---------+---------+
       Total:                        238    79        0      
                                                             
    ./device/
       device.obj                    431    101       0      
       f28004x_codestartbranch.obj   10     0         0      
    +--+-----------------------------+------+---------+---------+
       Total:                        441    101       0      
                                                             
    ./syscfg/
       board.obj                     961    79        0      
       c2000ware_libraries.obj       1      0         0      
    +--+-----------------------------+------+---------+---------+
       Total:                        962    79        0      
                                                             
    /Applications/ti/c2000/C2000Ware_5_03_00_00/driverlib/f28004x/driverlib/ccs/Debug/driverlib_eabi.lib
       sysctl.obj                    1194   154       0      
       gpio.obj                      374    152       0      
       interrupt.obj                 214    0         0      
    +--+-----------------------------+------+---------+---------+
       Total:                        1782   306       0      
                                                             
    /Applications/ti/ccs1260/ccs/tools/compiler/ti-cgt-c2000_22.6.1.LTS/lib/rts2800_fpu32_eabi.lib
       copy_decompress_lzss.c.obj    48     0         0      
       exit.c.obj                    41     0         6      
       autoinit.c.obj                43     0         0      
       memcpy.c.obj                  29     0         0      
       boot28.asm.obj                23     0         0      
       _lock.c.obj                   9      0         4      
       args_main.c.obj               12     0         0      
       copy_decompress_none.c.obj    8      0         0      
       pre_init.c.obj                2      0         0      
       startup.c.obj                 1      0         0      
    +--+-----------------------------+------+---------+---------+
       Total:                        216    0         10     
                                                             
       Stack:                        0      0         1016   
       Linker Generated:             0      16        0      
    +--+-----------------------------+------+---------+---------+
       Grand Total:                  3639   581       1026   


LINKER GENERATED COPY TABLES

__TI_cinit_table @ 00000106 records: 1, size/record: 4, table size: 4
	.data: load addr=000000fa, load size=00000008 bytes, run addr=0000aa38, run size=0000000a bytes, compression=lzss


LINKER GENERATED HANDLER TABLE

__TI_handler_table @ 00000102 records: 2, size/record: 2, table size: 4
	index: 0, handler: __TI_decompress_lzss
	index: 1, handler: __TI_decompress_none


GLOBAL DATA SYMBOLS: SORTED BY DATA PAGE

address     data page           name
--------    ----------------    ----
00000400      10 (00000400)     __stack

0000aa38     2a8 (0000aa00)     __TI_enable_exit_profile_output
0000aa3a     2a8 (0000aa00)     __TI_cleanup_ptr
0000aa3c     2a8 (0000aa00)     __TI_dtors_ptr
0000aa3e     2a8 (0000aa00)     _lock

0000aa40     2a9 (0000aa40)     _unlock


GLOBAL SYMBOLS: SORTED ALPHABETICALLY BY Name 

page  address   name                             
----  -------   ----                             
0     00008d7a  Board_init                       
0     000088e2  C$$EXIT                          
0     00008e2f  C2000Ware_libraries_init         
0     00008000  Device_enableAllPeripherals      
0     0000843f  Device_init                      
0     00008d4c  Device_initGPIO                  
0     00008265  EPWM_init                        
0     00008e2a  GPIO_init                        
0     000086a8  GPIO_setAnalogMode               
0     000086e2  GPIO_setControllerCore           
0     00008800  GPIO_setDirectionMode            
0     000083ed  GPIO_setPadConfig                
0     00008719  GPIO_setPinConfig                
0     00008750  GPIO_setQualificationMode        
0     00008d87  INTERRUPT_init                   
0     000087be  INT_myEPWM0_ISR                  
0     00008bd5  Interrupt_defaultHandler         
0     00008787  Interrupt_enable                 
0     00008de9  Interrupt_illegalOperationHandler
0     0000866b  Interrupt_initModule             
0     00008a89  Interrupt_initVectorTable        
0     00008df3  Interrupt_nmiHandler             
0     000089ca  PinMux_init                      
0     00008aa7  SYNC_init                        
0     000000f6  SysCtl_delay                     
0     0000838f  SysCtl_getClock                  
0     00008b1a  SysCtl_getLowSpeedClock          
0     000081a8  SysCtl_isPLLValid                
0     00008490  SysCtl_selectOscSource           
0     000085ed  SysCtl_selectXTAL                
0     00008981  SysCtl_selectXTALSingleEnded     
0     000080e0  SysCtl_setClock                  
0     00000106  __TI_CINIT_Base                  
0     0000010a  __TI_CINIT_Limit                 
0     0000010a  __TI_CINIT_Warm                  
0     00000102  __TI_Handler_Table_Base          
0     00000106  __TI_Handler_Table_Limit         
1     000007f8  __TI_STACK_END                   
abs   000003f8  __TI_STACK_SIZE                  
0     000088b7  __TI_auto_init_nobinit_nopinit   
1     0000aa3a  __TI_cleanup_ptr                 
0     00008831  __TI_decompress_lzss             
0     00008e06  __TI_decompress_none             
1     0000aa3c  __TI_dtors_ptr                   
1     0000aa38  __TI_enable_exit_profile_output  
abs   ffffffff  __TI_pprof_out_hndl              
abs   ffffffff  __TI_prof_data_size              
abs   ffffffff  __TI_prof_data_start             
n/a   UNDEFED   __c_args__                       
0     00008e1d  __error__                        
1     00000400  __stack                          
0     00008dc7  _args_main                       
0     00008b92  _c_int00                         
1     0000aa3e  _lock                            
0     00008e05  _nop                             
0     00008e01  _register_lock                   
0     00008dfd  _register_unlock                 
0     00008e30  _system_post_cinit               
0     00008e2d  _system_pre_init                 
1     0000aa40  _unlock                          
0     000088e2  abort                            
0     00000000  code_start                       
0     000088e4  exit                             
0     0000895a  main                             
0     00008ac5  memcpy                           
0     00008ccc  myGPIO0_init                     


GLOBAL SYMBOLS: SORTED BY Symbol Address 

page  address   name                             
----  -------   ----                             
0     00000000  code_start                       
0     000000f6  SysCtl_delay                     
0     00000102  __TI_Handler_Table_Base          
0     00000106  __TI_CINIT_Base                  
0     00000106  __TI_Handler_Table_Limit         
0     0000010a  __TI_CINIT_Limit                 
0     0000010a  __TI_CINIT_Warm                  
0     00008000  Device_enableAllPeripherals      
0     000080e0  SysCtl_setClock                  
0     000081a8  SysCtl_isPLLValid                
0     00008265  EPWM_init                        
0     0000838f  SysCtl_getClock                  
0     000083ed  GPIO_setPadConfig                
0     0000843f  Device_init                      
0     00008490  SysCtl_selectOscSource           
0     000085ed  SysCtl_selectXTAL                
0     0000866b  Interrupt_initModule             
0     000086a8  GPIO_setAnalogMode               
0     000086e2  GPIO_setControllerCore           
0     00008719  GPIO_setPinConfig                
0     00008750  GPIO_setQualificationMode        
0     00008787  Interrupt_enable                 
0     000087be  INT_myEPWM0_ISR                  
0     00008800  GPIO_setDirectionMode            
0     00008831  __TI_decompress_lzss             
0     000088b7  __TI_auto_init_nobinit_nopinit   
0     000088e2  C$$EXIT                          
0     000088e2  abort                            
0     000088e4  exit                             
0     0000895a  main                             
0     00008981  SysCtl_selectXTALSingleEnded     
0     000089ca  PinMux_init                      
0     00008a89  Interrupt_initVectorTable        
0     00008aa7  SYNC_init                        
0     00008ac5  memcpy                           
0     00008b1a  SysCtl_getLowSpeedClock          
0     00008b92  _c_int00                         
0     00008bd5  Interrupt_defaultHandler         
0     00008ccc  myGPIO0_init                     
0     00008d4c  Device_initGPIO                  
0     00008d7a  Board_init                       
0     00008d87  INTERRUPT_init                   
0     00008dc7  _args_main                       
0     00008de9  Interrupt_illegalOperationHandler
0     00008df3  Interrupt_nmiHandler             
0     00008dfd  _register_unlock                 
0     00008e01  _register_lock                   
0     00008e05  _nop                             
0     00008e06  __TI_decompress_none             
0     00008e1d  __error__                        
0     00008e2a  GPIO_init                        
0     00008e2d  _system_pre_init                 
0     00008e2f  C2000Ware_libraries_init         
0     00008e30  _system_post_cinit               
1     00000400  __stack                          
1     000007f8  __TI_STACK_END                   
1     0000aa38  __TI_enable_exit_profile_output  
1     0000aa3a  __TI_cleanup_ptr                 
1     0000aa3c  __TI_dtors_ptr                   
1     0000aa3e  _lock                            
1     0000aa40  _unlock                          
abs   000003f8  __TI_STACK_SIZE                  
abs   ffffffff  __TI_pprof_out_hndl              
abs   ffffffff  __TI_prof_data_size              
abs   ffffffff  __TI_prof_data_start             
n/a   UNDEFED   __c_args__                       

[66 symbols]
