******************************************************************************
             TMS320C2000 Linker Unix v22.6.1                   
******************************************************************************
>> Linked Mon Dec 29 03:56:32 2025

OUTPUT FILE NAME:   <empty_driverlib_project.out>
ENTRY POINT SYMBOL: "code_start"  address: 00000000


MEMORY CONFIGURATION

         name            origin    length      used     unused   attr    fill
----------------------  --------  ---------  --------  --------  ----  --------
PAGE 0:
  BEGIN                 00000000   00000002  00000002  00000000  RWIX
  RAMM0                 000000f6   0000030a  00000014  000002f6  RWIX
  RAMLS0                00008000   00000800  00000800  00000000  RWIX
  RAMLS1                00008800   00000800  00000616  000001ea  RWIX
  RAMLS2                00009000   00000800  00000000  00000800  RWIX
  RAMLS3                00009800   00000800  00000000  00000800  RWIX
  RAMLS4                0000a000   00000800  00000000  00000800  RWIX
  FLASH_BANK0_SEC0      00080000   00001000  00000000  00001000  RWIX
  FLASH_BANK0_SEC1      00081000   00001000  00000000  00001000  RWIX
  FLASH_BANK0_SEC2      00082000   00001000  00000000  00001000  RWIX
  FLASH_BANK0_SEC3      00083000   00001000  00000000  00001000  RWIX
  FLASH_BANK0_SEC4      00084000   00001000  00000000  00001000  RWIX
  FLASH_BANK0_SEC5      00085000   00001000  00000000  00001000  RWIX
  FLASH_BANK0_SEC6      00086000   00001000  00000000  00001000  RWIX
  FLASH_BANK0_SEC7      00087000   00001000  00000000  00001000  RWIX
  FLASH_BANK0_SEC8      00088000   00001000  00000000  00001000  RWIX
  FLASH_BANK0_SEC9      00089000   00001000  00000000  00001000  RWIX
  FLASH_BANK0_SEC10     0008a000   00001000  00000000  00001000  RWIX
  FLASH_BANK0_SEC11     0008b000   00001000  00000000  00001000  RWIX
  FLASH_BANK0_SEC12     0008c000   00001000  00000000  00001000  RWIX
  FLASH_BANK0_SEC13     0008d000   00001000  00000000  00001000  RWIX
  FLASH_BANK0_SEC14     0008e000   00001000  00000000  00001000  RWIX
  FLASH_BANK0_SEC15     0008f000   00001000  00000000  00001000  RWIX
  FLASH_BANK1_SEC0      00090000   00001000  00000000  00001000  RWIX
  FLASH_BANK1_SEC1      00091000   00001000  00000000  00001000  RWIX
  FLASH_BANK1_SEC2      00092000   00001000  00000000  00001000  RWIX
  FLASH_BANK1_SEC3      00093000   00001000  00000000  00001000  RWIX
  FLASH_BANK1_SEC4      00094000   00001000  00000000  00001000  RWIX
  FLASH_BANK1_SEC5      00095000   00001000  00000000  00001000  RWIX
  FLASH_BANK1_SEC6      00096000   00001000  00000000  00001000  RWIX
  FLASH_BANK1_SEC7      00097000   00001000  00000000  00001000  RWIX
  FLASH_BANK1_SEC8      00098000   00001000  00000000  00001000  RWIX
  FLASH_BANK1_SEC9      00099000   00001000  00000000  00001000  RWIX
  FLASH_BANK1_SEC10     0009a000   00001000  00000000  00001000  RWIX
  FLASH_BANK1_SEC11     0009b000   00001000  00000000  00001000  RWIX
  FLASH_BANK1_SEC12     0009c000   00001000  00000000  00001000  RWIX
  FLASH_BANK1_SEC13     0009d000   00001000  00000000  00001000  RWIX
  FLASH_BANK1_SEC14     0009e000   00001000  00000000  00001000  RWIX
  FLASH_BANK1_SEC15     0009f000   00001000  00000000  00001000  RWIX
  RESET                 003fffc0   00000002  00000000  00000002  RWIX

PAGE 1:
  BOOT_RSVD             00000002   000000f1  00000000  000000f1  RWIX
  RAMM1                 00000400   000003f8  000003f8  00000000  RWIX
  RAMLS5                0000a800   00000800  00000291  0000056f  RWIX
  RAMLS6                0000b000   00000800  00000000  00000800  RWIX
  RAMLS7                0000b800   00000800  00000000  00000800  RWIX
  RAMGS0                0000c000   00002000  00000000  00002000  RWIX
  RAMGS1                0000e000   00002000  00000000  00002000  RWIX
  RAMGS2                00010000   00002000  00000000  00002000  RWIX
  RAMGS3                00012000   00001ff8  00000000  00001ff8  RWIX


SECTION ALLOCATION MAP

 output                                  attributes/
section   page    origin      length       input sections
--------  ----  ----------  ----------   ----------------
codestart 
*          0    00000000    00000002     
                  00000000    00000002     f28004x_codestartbranch.obj (codestart)

.TI.ramfunc 
*          0    000000f6    00000004     
                  000000f6    00000004     driverlib_eabi.lib : sysctl.obj (.TI.ramfunc)

.cinit     0    000000fa    00000010     
                  000000fa    00000008     (.cinit..data.load) [load image, compression = lzss]
                  00000102    00000004     (__TI_handler_table)
                  00000106    00000004     (__TI_cinit_table)

.reset     0    003fffc0    00000000     DSECT

.stack     1    00000400    000003f8     UNINITIALIZED
                  00000400    000003f8     --HOLE--

.init_array 
*          0    000000f6    00000000     UNINITIALIZED

.const     1    0000a800    00000287     
                  0000a800    0000009f     empty_driverlib_main.obj (.const:.string)
                  0000a89f    00000001     --HOLE-- [fill = 0]
                  0000a8a0    0000009a     driverlib_eabi.lib : sysctl.obj (.const:.string)
                  0000a93a    00000098                        : gpio.obj (.const:.string)
                  0000a9d2    00000065     device.obj (.const:.string)
                  0000aa37    00000001     --HOLE-- [fill = 0]
                  0000aa38    0000004f     board.obj (.const:.string)

.data      1    0000aa88    0000000a     UNINITIALIZED
                  0000aa88    00000006     rts2800_fpu32_eabi.lib : exit.c.obj (.data)
                  0000aa8e    00000002                            : _lock.c.obj (.data:_lock)
                  0000aa90    00000002                            : _lock.c.obj (.data:_unlock)

.text.1    0    00008000    00000800     
                  00008000    000000e0     device.obj (.text:Device_enableAllPeripherals)
                  000080e0    000000c8     driverlib_eabi.lib : sysctl.obj (.text:SysCtl_setClock)
                  000081a8    000000bd                        : sysctl.obj (.text:SysCtl_isPLLValid)
                  00008265    000000b7     board.obj (.text:EPWM_init)
                  0000831c    00000073     driverlib_eabi.lib : sysctl.obj (.text:DCC_setCounterSeeds)
                  0000838f    0000005e                        : sysctl.obj (.text:SysCtl_getClock)
                  000083ed    00000052                        : gpio.obj (.text:GPIO_setPadConfig)
                  0000843f    00000051     device.obj (.text:Device_init)
                  00008490    0000004d     driverlib_eabi.lib : sysctl.obj (.text:SysCtl_selectOscSource)
                  000084dd    0000004b     board.obj (.text:EPWM_setInterruptSource)
                  00008528    00000045     driverlib_eabi.lib : sysctl.obj (.text:SysCtl_pollX1Counter)
                  0000856d    00000040     board.obj (.text:EPWM_setActionQualifierAction)
                  000085ad    00000040     driverlib_eabi.lib : sysctl.obj (.text:SysCtl_selectXTAL)
                  000085ed    0000003e     board.obj (.text:EPWM_setCounterCompareShadowLoadMode)
                  0000862b    0000003d     driverlib_eabi.lib : interrupt.obj (.text:Interrupt_initModule)
                  00008668    0000003a                        : gpio.obj (.text:GPIO_setAnalogMode)
                  000086a2    00000037                        : gpio.obj (.text:GPIO_setControllerCore)
                  000086d9    00000037                        : gpio.obj (.text:GPIO_setPinConfig)
                  00008710    00000037                        : gpio.obj (.text:GPIO_setQualificationMode)
                  00008747    00000037                        : interrupt.obj (.text:Interrupt_enable)
                  0000877e    00000035     empty_driverlib_main.obj (.text:INT_myEPWM0_ISR)
                  000087b3    00000031     driverlib_eabi.lib : gpio.obj (.text:GPIO_setDirectionMode)
                  000087e4    0000001c                        : sysctl.obj (.text:DCC_setCounter0ClkSource)

.text.2    0    00008800    00000616     
                  00008800    00000030     rts2800_fpu32_eabi.lib : copy_decompress_lzss.c.obj (.text:decompress:lzss)
                  00008830    0000002b     board.obj (.text:EPWM_isBaseValid)
                  0000885b    0000002b     empty_driverlib_main.obj (.text:EPWM_isBaseValid)
                  00008886    0000002b     rts2800_fpu32_eabi.lib : autoinit.c.obj (.text:__TI_auto_init_nobinit_nopinit)
                  000088b1    00000029                            : exit.c.obj (.text)
                  000088da    00000028     board.obj (.text:EPWM_setInterruptEventCount)
                  00008902    00000027     board.obj (.text:SysCtl_setSyncInputConfig)
                  00008929    00000025     driverlib_eabi.lib : sysctl.obj (.text:SysCtl_selectXTALSingleEnded)
                  0000894e    00000024                        : sysctl.obj (.text:DCC_enableSingleShotMode)
                  00008972    00000023     board.obj (.text:PinMux_init)
                  00008995    00000022     board.obj (.text:EPWM_setCounterCompareValue)
                  000089b7    0000001f     board.obj (.text:EPWM_setFallingEdgeDelayCountShadowLoadMode)
                  000089d6    0000001f     board.obj (.text:EPWM_setRisingEdgeDelayCountShadowLoadMode)
                  000089f5    0000001f     empty_driverlib_main.obj (.text:GPIO_togglePin)
                  00008a14    0000001e     driverlib_eabi.lib : sysctl.obj (.text:DCC_setCounter1ClkSource)
                  00008a32    0000001e     board.obj (.text:EPWM_setPhaseShift)
                  00008a50    0000001e     driverlib_eabi.lib : interrupt.obj (.text:Interrupt_initVectorTable)
                  00008a6e    0000001e     board.obj (.text:SYNC_init)
                  00008a8c    0000001d     rts2800_fpu32_eabi.lib : memcpy.c.obj (.text)
                  00008aa9    0000001c     board.obj (.text:EPWM_setClockPrescaler)
                  00008ac5    0000001a     driverlib_eabi.lib : sysctl.obj (.text:SysCtl_getLowSpeedClock)
                  00008adf    00000018     board.obj (.text:EPWM_disableFallingEdgeDelayCountShadowLoadMode)
                  00008af7    00000018     board.obj (.text:EPWM_disableRisingEdgeDelayCountShadowLoadMode)
                  00008b0f    00000017     device.obj (.text:SysCtl_enablePeripheral)
                  00008b26    00000017     driverlib_eabi.lib : sysctl.obj (.text:SysCtl_enablePeripheral)
                  00008b3d    00000017     empty_driverlib_main.obj (.text:main)
                  00008b54    00000017     rts2800_fpu32_eabi.lib : boot28.asm.obj (.text)
                  00008b6b    00000016     driverlib_eabi.lib : sysctl.obj (.text:DCC_disableDoneSignal)
                  00008b81    00000016                        : sysctl.obj (.text:DCC_enableDoneSignal)
                  00008b97    00000016                        : interrupt.obj (.text:Interrupt_defaultHandler)
                  00008bad    00000015                        : sysctl.obj (.text:DCC_clearDoneFlag)
                  00008bc2    00000015                        : sysctl.obj (.text:DCC_clearErrorFlag)
                  00008bd7    00000015                        : sysctl.obj (.text:DCC_disableErrorSignal)
                  00008bec    00000015                        : sysctl.obj (.text:DCC_enableErrorSignal)
                  00008c01    00000015     device.obj (.text:GPIO_unlockPortConfig)
                  00008c16    00000014     driverlib_eabi.lib : sysctl.obj (.text:DCC_disableModule)
                  00008c2a    00000014                        : sysctl.obj (.text:DCC_enableModule)
                  00008c3e    00000014     board.obj (.text:EPWM_setTimeBaseCounterMode)
                  00008c52    00000014     board.obj (.text:EPWM_setTimeBasePeriod)
                  00008c66    00000014     driverlib_eabi.lib : gpio.obj (.text:GPIO_isPinValid)
                  00008c7a    00000014     empty_driverlib_main.obj (.text:GPIO_isPinValid)
                  00008c8e    00000014     device.obj (.text:SysCtl_deviceCal)
                  00008ca2    00000013     empty_driverlib_main.obj (.text:EPWM_clearEventTriggerInterruptFlag)
                  00008cb5    00000013     board.obj (.text:EPWM_enableInterrupt)
                  00008cc8    00000013     board.obj (.text:myGPIO0_init)
                  00008cdb    00000012     board.obj (.text:EPWM_setTimeBaseCounter)
                  00008ced    00000012     board.obj (.text:SysCtl_setSyncOutputConfig)
                  00008cff    00000011     board.obj (.text:EPWM_disablePhaseShiftLoad)
                  00008d10    00000011     empty_driverlib_main.obj (.text:SysCtl_selectClockOutSource)
                  00008d21    00000010     driverlib_eabi.lib : sysctl.obj (.text:DCC_isBaseValid)
                  00008d31    00000010     device.obj (.text:Device_initGPIO)
                  00008d41    0000000f     device.obj (.text:ASysCtl_disableDCDC)
                  00008d50    0000000f     board.obj (.text:Interrupt_register)
                  00008d5f    0000000d     board.obj (.text:Board_init)
                  00008d6c    0000000d     board.obj (.text:INTERRUPT_init)
                  00008d79    0000000d     driverlib_eabi.lib : interrupt.obj (.text:Interrupt_disableGlobal)
                  00008d86    0000000d                        : interrupt.obj (.text:Interrupt_enableGlobal)
                  00008d93    0000000d     device.obj (.text:SysCtl_setLowSpeedClock)
                  00008da0    0000000c     board.obj (.text:SysCtl_enableExtADCSOCSource)
                  00008dac    0000000c     rts2800_fpu32_eabi.lib : args_main.c.obj (.text)
                  00008db8    0000000b     device.obj (.text:SysCtl_disableWatchdog)
                  00008dc3    0000000b     driverlib_eabi.lib : sysctl.obj (.text:SysCtl_isMCDClockFailureDetected)
                  00008dce    0000000a                        : interrupt.obj (.text:Interrupt_illegalOperationHandler)
                  00008dd8    0000000a                        : interrupt.obj (.text:Interrupt_nmiHandler)
                  00008de2    00000009     rts2800_fpu32_eabi.lib : _lock.c.obj (.text)
                  00008deb    00000008                            : copy_decompress_none.c.obj (.text:decompress:none)
                  00008df3    00000008     f28004x_codestartbranch.obj (.text)
                  00008dfb    00000007     driverlib_eabi.lib : sysctl.obj (.text:SysCtl_resetMCD)
                  00008e02    00000007     device.obj (.text:__error__)
                  00008e09    00000006     empty_driverlib_main.obj (.text:Interrupt_clearACKGroup)
                  00008e0f    00000003     board.obj (.text:GPIO_init)
                  00008e12    00000002     rts2800_fpu32_eabi.lib : pre_init.c.obj (.text)
                  00008e14    00000001     c2000ware_libraries.obj (.text:C2000Ware_libraries_init)
                  00008e15    00000001     rts2800_fpu32_eabi.lib : startup.c.obj (.text)

MODULE SUMMARY

       Module                        code   ro data   rw data
       ------                        ----   -------   -------
    ./
       empty_driverlib_main.obj      212    159       0      
    +--+-----------------------------+------+---------+---------+
       Total:                        212    159       0      
                                                             
    ./device/
       device.obj                    431    101       0      
       f28004x_codestartbranch.obj   10     0         0      
    +--+-----------------------------+------+---------+---------+
       Total:                        441    101       0      
                                                             
    ./syscfg/
       board.obj                     960    79        0      
       c2000ware_libraries.obj       1      0         0      
    +--+-----------------------------+------+---------+---------+
       Total:                        961    79        0      
                                                             
    /Applications/ti/c2000/C2000Ware_5_03_00_00/driverlib/f28004x/driverlib/ccs/Debug/driverlib_eabi.lib
       sysctl.obj                    1194   154       0      
       gpio.obj                      374    152       0      
       interrupt.obj                 214    0         0      
    +--+-----------------------------+------+---------+---------+
       Total:                        1782   306       0      
                                                             
    /Applications/ti/ccs1260/ccs/tools/compiler/ti-cgt-c2000_22.6.1.LTS/lib/rts2800_fpu32_eabi.lib
       copy_decompress_lzss.c.obj    48     0         0      
       exit.c.obj                    41     0         6      
       autoinit.c.obj                43     0         0      
       memcpy.c.obj                  29     0         0      
       boot28.asm.obj                23     0         0      
       _lock.c.obj                   9      0         4      
       args_main.c.obj               12     0         0      
       copy_decompress_none.c.obj    8      0         0      
       pre_init.c.obj                2      0         0      
       startup.c.obj                 1      0         0      
    +--+-----------------------------+------+---------+---------+
       Total:                        216    0         10     
                                                             
       Stack:                        0      0         1016   
       Linker Generated:             0      16        0      
    +--+-----------------------------+------+---------+---------+
       Grand Total:                  3612   661       1026   


LINKER GENERATED COPY TABLES

__TI_cinit_table @ 00000106 records: 1, size/record: 4, table size: 4
	.data: load addr=000000fa, load size=00000008 bytes, run addr=0000aa88, run size=0000000a bytes, compression=lzss


LINKER GENERATED HANDLER TABLE

__TI_handler_table @ 00000102 records: 2, size/record: 2, table size: 4
	index: 0, handler: __TI_decompress_lzss
	index: 1, handler: __TI_decompress_none


GLOBAL DATA SYMBOLS: SORTED BY DATA PAGE

address     data page           name
--------    ----------------    ----
00000400      10 (00000400)     __stack

0000aa88     2aa (0000aa80)     __TI_enable_exit_profile_output
0000aa8a     2aa (0000aa80)     __TI_cleanup_ptr
0000aa8c     2aa (0000aa80)     __TI_dtors_ptr
0000aa8e     2aa (0000aa80)     _lock
0000aa90     2aa (0000aa80)     _unlock


GLOBAL SYMBOLS: SORTED ALPHABETICALLY BY Name 

page  address   name                             
----  -------   ----                             
0     00008d5f  Board_init                       
0     000088b1  C$$EXIT                          
0     00008e14  C2000Ware_libraries_init         
0     00008000  Device_enableAllPeripherals      
0     0000843f  Device_init                      
0     00008d31  Device_initGPIO                  
0     00008265  EPWM_init                        
0     00008e0f  GPIO_init                        
0     00008668  GPIO_setAnalogMode               
0     000086a2  GPIO_setControllerCore           
0     000087b3  GPIO_setDirectionMode            
0     000083ed  GPIO_setPadConfig                
0     000086d9  GPIO_setPinConfig                
0     00008710  GPIO_setQualificationMode        
0     00008d6c  INTERRUPT_init                   
0     0000877e  INT_myEPWM0_ISR                  
0     00008b97  Interrupt_defaultHandler         
0     00008747  Interrupt_enable                 
0     00008dce  Interrupt_illegalOperationHandler
0     0000862b  Interrupt_initModule             
0     00008a50  Interrupt_initVectorTable        
0     00008dd8  Interrupt_nmiHandler             
0     00008972  PinMux_init                      
0     00008a6e  SYNC_init                        
0     000000f6  SysCtl_delay                     
0     0000838f  SysCtl_getClock                  
0     00008ac5  SysCtl_getLowSpeedClock          
0     000081a8  SysCtl_isPLLValid                
0     00008490  SysCtl_selectOscSource           
0     000085ad  SysCtl_selectXTAL                
0     00008929  SysCtl_selectXTALSingleEnded     
0     000080e0  SysCtl_setClock                  
0     00000106  __TI_CINIT_Base                  
0     0000010a  __TI_CINIT_Limit                 
0     0000010a  __TI_CINIT_Warm                  
0     00000102  __TI_Handler_Table_Base          
0     00000106  __TI_Handler_Table_Limit         
1     000007f8  __TI_STACK_END                   
abs   000003f8  __TI_STACK_SIZE                  
0     00008886  __TI_auto_init_nobinit_nopinit   
1     0000aa8a  __TI_cleanup_ptr                 
0     00008800  __TI_decompress_lzss             
0     00008deb  __TI_decompress_none             
1     0000aa8c  __TI_dtors_ptr                   
1     0000aa88  __TI_enable_exit_profile_output  
abs   ffffffff  __TI_pprof_out_hndl              
abs   ffffffff  __TI_prof_data_size              
abs   ffffffff  __TI_prof_data_start             
n/a   UNDEFED   __c_args__                       
0     00008e02  __error__                        
1     00000400  __stack                          
0     00008dac  _args_main                       
0     00008b54  _c_int00                         
1     0000aa8e  _lock                            
0     00008dea  _nop                             
0     00008de6  _register_lock                   
0     00008de2  _register_unlock                 
0     00008e15  _system_post_cinit               
0     00008e12  _system_pre_init                 
1     0000aa90  _unlock                          
0     000088b1  abort                            
0     00000000  code_start                       
0     000088b3  exit                             
0     00008b3d  main                             
0     00008a8c  memcpy                           
0     00008cc8  myGPIO0_init                     


GLOBAL SYMBOLS: SORTED BY Symbol Address 

page  address   name                             
----  -------   ----                             
0     00000000  code_start                       
0     000000f6  SysCtl_delay                     
0     00000102  __TI_Handler_Table_Base          
0     00000106  __TI_CINIT_Base                  
0     00000106  __TI_Handler_Table_Limit         
0     0000010a  __TI_CINIT_Limit                 
0     0000010a  __TI_CINIT_Warm                  
0     00008000  Device_enableAllPeripherals      
0     000080e0  SysCtl_setClock                  
0     000081a8  SysCtl_isPLLValid                
0     00008265  EPWM_init                        
0     0000838f  SysCtl_getClock                  
0     000083ed  GPIO_setPadConfig                
0     0000843f  Device_init                      
0     00008490  SysCtl_selectOscSource           
0     000085ad  SysCtl_selectXTAL                
0     0000862b  Interrupt_initModule             
0     00008668  GPIO_setAnalogMode               
0     000086a2  GPIO_setControllerCore           
0     000086d9  GPIO_setPinConfig                
0     00008710  GPIO_setQualificationMode        
0     00008747  Interrupt_enable                 
0     0000877e  INT_myEPWM0_ISR                  
0     000087b3  GPIO_setDirectionMode            
0     00008800  __TI_decompress_lzss             
0     00008886  __TI_auto_init_nobinit_nopinit   
0     000088b1  C$$EXIT                          
0     000088b1  abort                            
0     000088b3  exit                             
0     00008929  SysCtl_selectXTALSingleEnded     
0     00008972  PinMux_init                      
0     00008a50  Interrupt_initVectorTable        
0     00008a6e  SYNC_init                        
0     00008a8c  memcpy                           
0     00008ac5  SysCtl_getLowSpeedClock          
0     00008b3d  main                             
0     00008b54  _c_int00                         
0     00008b97  Interrupt_defaultHandler         
0     00008cc8  myGPIO0_init                     
0     00008d31  Device_initGPIO                  
0     00008d5f  Board_init                       
0     00008d6c  INTERRUPT_init                   
0     00008dac  _args_main                       
0     00008dce  Interrupt_illegalOperationHandler
0     00008dd8  Interrupt_nmiHandler             
0     00008de2  _register_unlock                 
0     00008de6  _register_lock                   
0     00008dea  _nop                             
0     00008deb  __TI_decompress_none             
0     00008e02  __error__                        
0     00008e0f  GPIO_init                        
0     00008e12  _system_pre_init                 
0     00008e14  C2000Ware_libraries_init         
0     00008e15  _system_post_cinit               
1     00000400  __stack                          
1     000007f8  __TI_STACK_END                   
1     0000aa88  __TI_enable_exit_profile_output  
1     0000aa8a  __TI_cleanup_ptr                 
1     0000aa8c  __TI_dtors_ptr                   
1     0000aa8e  _lock                            
1     0000aa90  _unlock                          
abs   000003f8  __TI_STACK_SIZE                  
abs   ffffffff  __TI_pprof_out_hndl              
abs   ffffffff  __TI_prof_data_size              
abs   ffffffff  __TI_prof_data_start             
n/a   UNDEFED   __c_args__                       

[66 symbols]
