******************************************************************************
             TMS320C2000 Linker PC v22.6.1                     
******************************************************************************
>> Linked Thu Sep 11 18:42:36 2025

OUTPUT FILE NAME:   <ADC_ePWM_trigger.out>
ENTRY POINT SYMBOL: "code_start"  address: 00000000


MEMORY CONFIGURATION

         name            origin    length      used     unused   attr    fill
----------------------  --------  ---------  --------  --------  ----  --------
PAGE 0:
  BEGIN                 00000000   00000002  00000002  00000000  RWIX
  RAMM0                 000000f6   0000030a  0000001e  000002ec  RWIX
  RAMLS0                00008000   00000800  00000800  00000000  RWIX
  RAMLS1                00008800   00000800  00000800  00000000  RWIX
  RAMLS2                00009000   00000800  000000eb  00000715  RWIX
  RAMLS3                00009800   00000800  00000000  00000800  RWIX
  RAMLS4                0000a000   00000800  00000000  00000800  RWIX
  FLASH_BANK0_SEC0      00080000   00001000  00000000  00001000  RWIX
  FLASH_BANK0_SEC1      00081000   00001000  00000000  00001000  RWIX
  FLASH_BANK0_SEC2      00082000   00001000  00000000  00001000  RWIX
  FLASH_BANK0_SEC3      00083000   00001000  00000000  00001000  RWIX
  FLASH_BANK0_SEC4      00084000   00001000  00000000  00001000  RWIX
  FLASH_BANK0_SEC5      00085000   00001000  00000000  00001000  RWIX
  FLASH_BANK0_SEC6      00086000   00001000  00000000  00001000  RWIX
  FLASH_BANK0_SEC7      00087000   00001000  00000000  00001000  RWIX
  FLASH_BANK0_SEC8      00088000   00001000  00000000  00001000  RWIX
  FLASH_BANK0_SEC9      00089000   00001000  00000000  00001000  RWIX
  FLASH_BANK0_SEC10     0008a000   00001000  00000000  00001000  RWIX
  FLASH_BANK0_SEC11     0008b000   00001000  00000000  00001000  RWIX
  FLASH_BANK0_SEC12     0008c000   00001000  00000000  00001000  RWIX
  FLASH_BANK0_SEC13     0008d000   00001000  00000000  00001000  RWIX
  FLASH_BANK0_SEC14     0008e000   00001000  00000000  00001000  RWIX
  FLASH_BANK0_SEC15     0008f000   00001000  00000000  00001000  RWIX
  FLASH_BANK1_SEC0      00090000   00001000  00000000  00001000  RWIX
  FLASH_BANK1_SEC1      00091000   00001000  00000000  00001000  RWIX
  FLASH_BANK1_SEC2      00092000   00001000  00000000  00001000  RWIX
  FLASH_BANK1_SEC3      00093000   00001000  00000000  00001000  RWIX
  FLASH_BANK1_SEC4      00094000   00001000  00000000  00001000  RWIX
  FLASH_BANK1_SEC5      00095000   00001000  00000000  00001000  RWIX
  FLASH_BANK1_SEC6      00096000   00001000  00000000  00001000  RWIX
  FLASH_BANK1_SEC7      00097000   00001000  00000000  00001000  RWIX
  FLASH_BANK1_SEC8      00098000   00001000  00000000  00001000  RWIX
  FLASH_BANK1_SEC9      00099000   00001000  00000000  00001000  RWIX
  FLASH_BANK1_SEC10     0009a000   00001000  00000000  00001000  RWIX
  FLASH_BANK1_SEC11     0009b000   00001000  00000000  00001000  RWIX
  FLASH_BANK1_SEC12     0009c000   00001000  00000000  00001000  RWIX
  FLASH_BANK1_SEC13     0009d000   00001000  00000000  00001000  RWIX
  FLASH_BANK1_SEC14     0009e000   00001000  00000000  00001000  RWIX
  FLASH_BANK1_SEC15     0009f000   00001000  00000000  00001000  RWIX
  RESET                 003fffc0   00000002  00000000  00000002  RWIX

PAGE 1:
  BOOT_RSVD             00000002   000000f1  00000000  000000f1  RWIX
  RAMM1                 00000400   000003f8  000003f8  00000000  RWIX
  RAMLS5                0000a800   00000800  00000333  000004cd  RWIX
  RAMLS6                0000b000   00000800  00000000  00000800  RWIX
  RAMLS7                0000b800   00000800  00000000  00000800  RWIX
  RAMGS0                0000c000   00002000  00000000  00002000  RWIX
  RAMGS1                0000e000   00002000  00000000  00002000  RWIX
  RAMGS2                00010000   00002000  00000000  00002000  RWIX
  RAMGS3                00012000   00001ff8  00000000  00001ff8  RWIX


SECTION ALLOCATION MAP

 output                                  attributes/
section   page    origin      length       input sections
--------  ----  ----------  ----------   ----------------
codestart 
*          0    00000000    00000002     
                  00000000    00000002     f28004x_codestartbranch.obj (codestart)

.TI.ramfunc 
*          0    000000f6    00000004     
                  000000f6    00000004     driverlib_eabi.lib : sysctl.obj (.TI.ramfunc)

.cinit     0    000000fa    0000001a     
                  000000fa    00000008     (.cinit..data.load) [load image, compression = lzss]
                  00000102    00000006     (__TI_handler_table)
                  00000108    00000004     (.cinit..bss.load) [load image, compression = zero_init]
                  0000010c    00000008     (__TI_cinit_table)

.reset     0    003fffc0    00000000     DSECT

.stack     1    00000400    000003f8     UNINITIALIZED
                  00000400    000003f8     --HOLE--

.bss       1    0000ab32    00000002     UNINITIALIZED
                  0000ab32    00000002     empty_driverlib_main.obj (.bss)

.init_array 
*          0    000000f6    00000000     UNINITIALIZED

.const     1    0000a800    00000327     
                  0000a800    000000d0     board.obj (.const:.string)
                  0000a8d0    000000cc     empty_driverlib_main.obj (.const:.string)
                  0000a99c    0000009a     driverlib_eabi.lib : sysctl.obj (.const:.string)
                  0000aa36    00000098                        : gpio.obj (.const:.string)
                  0000aace    00000059     device.obj (.const:.string)

.data      1    0000ab28    0000000a     UNINITIALIZED
                  0000ab28    00000006     rts2800_fpu32_eabi.lib : exit.c.obj (.data)
                  0000ab2e    00000002                            : _lock.c.obj (.data:_lock)
                  0000ab30    00000002                            : _lock.c.obj (.data:_unlock)

.text.1    0    00008000    00000800     
                  00008000    000000e0     device.obj (.text:Device_enableAllPeripherals)
                  000080e0    000000c0     driverlib_eabi.lib : sysctl.obj (.text:SysCtl_setClock)
                  000081a0    000000bf     board.obj (.text:EPWM_init)
                  0000825f    000000bd     driverlib_eabi.lib : sysctl.obj (.text:SysCtl_isPLLValid)
                  0000831c    00000075     board.obj (.text:EPWM_setADCTriggerSource)
                  00008391    00000073     driverlib_eabi.lib : sysctl.obj (.text:DCC_setCounterSeeds)
                  00008404    0000005e                        : sysctl.obj (.text:SysCtl_getClock)
                  00008462    00000052                        : gpio.obj (.text:GPIO_setPadConfig)
                  000084b4    00000051     device.obj (.text:Device_init)
                  00008505    00000049     empty_driverlib_main.obj (.text:INT_myADC0_1_ISR)
                  0000854e    00000049     driverlib_eabi.lib : sysctl.obj (.text:SysCtl_selectOscSource)
                  00008597    00000047     board.obj (.text:myADC0_init)
                  000085de    00000045     driverlib_eabi.lib : sysctl.obj (.text:SysCtl_pollX1Counter)
                  00008623    00000040     board.obj (.text:EPWM_setActionQualifierAction)
                  00008663    0000003e     board.obj (.text:EPWM_setCounterCompareShadowLoadMode)
                  000086a1    0000003d     driverlib_eabi.lib : interrupt.obj (.text:Interrupt_initModule)
                  000086de    0000003a     board.obj (.text:EPWM_setADCTriggerEventPrescale)
                  00008718    0000003a     driverlib_eabi.lib : gpio.obj (.text:GPIO_setAnalogMode)
                  00008752    00000037                        : gpio.obj (.text:GPIO_setControllerCore)
                  00008789    00000037                        : gpio.obj (.text:GPIO_setPinConfig)
                  000087c0    00000037                        : gpio.obj (.text:GPIO_setQualificationMode)
                  000087f7    00000009     board.obj (.text:ASYSCTL_init)

.text.2    0    00008800    00000800     
                  00008800    00000037     driverlib_eabi.lib : interrupt.obj (.text:Interrupt_enable)
                  00008837    00000036     board.obj (.text:ADC_setupSOC)
                  0000886d    00000036     driverlib_eabi.lib : sysctl.obj (.text:SysCtl_selectXTAL)
                  000088a3    00000031                        : gpio.obj (.text:GPIO_setDirectionMode)
                  000088d4    00000030     rts2800_fpu32_eabi.lib : copy_decompress_lzss.c.obj (.text:decompress:lzss)
                  00008904    0000002f     board.obj (.text:ADC_setInterruptSource)
                  00008933    0000002e     board.obj (.text:ADC_setInterruptSOCTrigger)
                  00008961    0000002b     board.obj (.text:EPWM_isBaseValid)
                  0000898c    0000002b     empty_driverlib_main.obj (.text:EPWM_isBaseValid)
                  000089b7    0000002b     rts2800_fpu32_eabi.lib : autoinit.c.obj (.text:__TI_auto_init_nobinit_nopinit)
                  000089e2    00000029                            : exit.c.obj (.text)
                  00008a0b    00000028     driverlib_eabi.lib : adc.obj (.text:ADC_setOffsetTrimAll)
                  00008a33    00000027     empty_driverlib_main.obj (.text:GPIO_writePin)
                  00008a5a    00000027     board.obj (.text:SysCtl_setSyncInputConfig)
                  00008a81    00000024     driverlib_eabi.lib : sysctl.obj (.text:DCC_enableSingleShotMode)
                  00008aa5    00000024     board.obj (.text:EPWM_disableCounterCompareShadowLoadMode)
                  00008ac9    00000023     board.obj (.text:PinMux_init)
                  00008aec    00000022     board.obj (.text:EPWM_setCounterCompareValue)
                  00008b0e    00000021     board.obj (.text:ADC_disableContinuousMode)
                  00008b2f    00000020     board.obj (.text:ADC_enableInterrupt)
                  00008b4f    00000020     driverlib_eabi.lib : sysctl.obj (.text:SysCtl_selectXTALSingleEnded)
                  00008b6f    0000001f     board.obj (.text:EPWM_setFallingEdgeDelayCountShadowLoadMode)
                  00008b8e    0000001f     board.obj (.text:EPWM_setRisingEdgeDelayCountShadowLoadMode)
                  00008bad    0000001e     driverlib_eabi.lib : sysctl.obj (.text:DCC_setCounter1ClkSource)
                  00008bcb    0000001e     board.obj (.text:EPWM_setPhaseShift)
                  00008be9    0000001e     driverlib_eabi.lib : interrupt.obj (.text:Interrupt_initVectorTable)
                  00008c07    0000001e     board.obj (.text:SYNC_init)
                  00008c25    0000001d     rts2800_fpu32_eabi.lib : memcpy.c.obj (.text)
                  00008c42    0000001c     board.obj (.text:ADC_setSOCPriority)
                  00008c5e    0000001c     driverlib_eabi.lib : sysctl.obj (.text:DCC_setCounter0ClkSource)
                  00008c7a    0000001c     board.obj (.text:EPWM_enableADCTrigger)
                  00008c96    0000001c     board.obj (.text:EPWM_setClockPrescaler)
                  00008cb2    0000001a     empty_driverlib_main.obj (.text:ADC_readResult)
                  00008ccc    0000001a     board.obj (.text:ASysCtl_setAnalogReference1P65)
                  00008ce6    0000001a     driverlib_eabi.lib : sysctl.obj (.text:SysCtl_getLowSpeedClock)
                  00008d00    00000018     board.obj (.text:ASysCtl_setAnalogReferenceInternal)
                  00008d18    00000018     board.obj (.text:EPWM_disableFallingEdgeDelayCountShadowLoadMode)
                  00008d30    00000018     board.obj (.text:EPWM_disableRisingEdgeDelayCountShadowLoadMode)
                  00008d48    00000017     board.obj (.text:ADC_isBaseValid)
                  00008d5f    00000017     empty_driverlib_main.obj (.text:ADC_isBaseValid)
                  00008d76    00000017     device.obj (.text:SysCtl_enablePeripheral)
                  00008d8d    00000017     driverlib_eabi.lib : sysctl.obj (.text:SysCtl_enablePeripheral)
                  00008da4    00000017     empty_driverlib_main.obj (.text:main)
                  00008dbb    00000017     rts2800_fpu32_eabi.lib : boot28.asm.obj (.text)
                  00008dd2    00000016     board.obj (.text:ADC_setInterruptPulseMode)
                  00008de8    00000016     board.obj (.text:ADC_setPrescaler)
                  00008dfe    00000016     driverlib_eabi.lib : sysctl.obj (.text:DCC_disableDoneSignal)
                  00008e14    00000016                        : sysctl.obj (.text:DCC_enableDoneSignal)
                  00008e2a    00000016                        : interrupt.obj (.text:Interrupt_defaultHandler)
                  00008e40    00000015     board.obj (.text:ADC_disableBurstMode)
                  00008e55    00000015     driverlib_eabi.lib : sysctl.obj (.text:DCC_clearDoneFlag)
                  00008e6a    00000015                        : sysctl.obj (.text:DCC_clearErrorFlag)
                  00008e7f    00000015                        : sysctl.obj (.text:DCC_disableErrorSignal)
                  00008e94    00000015                        : sysctl.obj (.text:DCC_enableErrorSignal)
                  00008ea9    00000015     device.obj (.text:GPIO_unlockPortConfig)
                  00008ebe    00000014     board.obj (.text:ADC_clearInterruptStatus)
                  00008ed2    00000014     empty_driverlib_main.obj (.text:ADC_clearInterruptStatus)
                  00008ee6    00000014     driverlib_eabi.lib : sysctl.obj (.text:DCC_disableModule)
                  00008efa    00000014                        : sysctl.obj (.text:DCC_enableModule)
                  00008f0e    00000014     board.obj (.text:EPWM_setTimeBaseCounterMode)
                  00008f22    00000014     board.obj (.text:EPWM_setTimeBasePeriod)
                  00008f36    00000014     driverlib_eabi.lib : gpio.obj (.text:GPIO_isPinValid)
                  00008f4a    00000014     empty_driverlib_main.obj (.text:GPIO_isPinValid)
                  00008f5e    00000014     device.obj (.text:SysCtl_deviceCal)
                  00008f72    00000014     board.obj (.text:myGPIO0_init)
                  00008f86    00000013     board.obj (.text:ADC_enableConverter)
                  00008f99    00000012     board.obj (.text:EPWM_setTimeBaseCounter)
                  00008fab    00000012     board.obj (.text:SysCtl_setSyncOutputConfig)
                  00008fbd    00000011     board.obj (.text:Board_init)
                  00008fce    00000011     board.obj (.text:EPWM_disablePhaseShiftLoad)
                  00008fdf    00000010     driverlib_eabi.lib : sysctl.obj (.text:DCC_isBaseValid)
                  00008fef    00000010     device.obj (.text:Device_initGPIO)
                  00008fff    00000001     c2000ware_libraries.obj (.text:C2000Ware_libraries_init)

.text.3    0    00009000    000000eb     
                  00009000    00000010     empty_driverlib_main.obj (.text:EPWM_getTimeBaseCounterValue)
                  00009010    0000000f     device.obj (.text:ASysCtl_disableDCDC)
                  0000901f    0000000f     board.obj (.text:Interrupt_register)
                  0000902e    0000000d     board.obj (.text:INTERRUPT_init)
                  0000903b    0000000d     driverlib_eabi.lib : interrupt.obj (.text:Interrupt_disableGlobal)
                  00009048    0000000d                        : interrupt.obj (.text:Interrupt_enableGlobal)
                  00009055    0000000d     device.obj (.text:SysCtl_setLowSpeedClock)
                  00009062    0000000d     rts2800_fpu32_eabi.lib : copy_zero_init.c.obj (.text:decompress:ZI:__TI_zero_init_nomemset)
                  0000906f    0000000c     board.obj (.text:SysCtl_enableExtADCSOCSource)
                  0000907b    0000000c     rts2800_fpu32_eabi.lib : args_main.c.obj (.text)
                  00009087    0000000b     driverlib_eabi.lib : sysctl.obj (.text:SysCtl_isMCDClockFailureDetected)
                  00009092    0000000a                        : interrupt.obj (.text:Interrupt_illegalOperationHandler)
                  0000909c    0000000a                        : interrupt.obj (.text:Interrupt_nmiHandler)
                  000090a6    00000009     rts2800_fpu32_eabi.lib : _lock.c.obj (.text)
                  000090af    00000008     device.obj (.text:SysCtl_disableWatchdog)
                  000090b7    00000008     rts2800_fpu32_eabi.lib : copy_decompress_none.c.obj (.text:decompress:none)
                  000090bf    00000008     f28004x_codestartbranch.obj (.text)
                  000090c7    00000007     board.obj (.text:ASysCtl_disableTemperatureSensor)
                  000090ce    00000007     driverlib_eabi.lib : sysctl.obj (.text:SysCtl_resetMCD)
                  000090d5    00000007     device.obj (.text:__error__)
                  000090dc    00000006     empty_driverlib_main.obj (.text:Interrupt_clearACKGroup)
                  000090e2    00000003     board.obj (.text:ADC_init)
                  000090e5    00000003     board.obj (.text:GPIO_init)
                  000090e8    00000002     rts2800_fpu32_eabi.lib : pre_init.c.obj (.text)
                  000090ea    00000001                            : startup.c.obj (.text)

MODULE SUMMARY

       Module                        code   ro data   rw data
       ------                        ----   -------   -------
    .\
       empty_driverlib_main.obj      289    204       2      
    +--+-----------------------------+------+---------+---------+
       Total:                        289    204       2      
                                                             
    .\device\
       device.obj                    428    89        0      
       f28004x_codestartbranch.obj   10     0         0      
    +--+-----------------------------+------+---------+---------+
       Total:                        438    89        0      
                                                             
    .\syscfg\
       board.obj                     1585   208       0      
       c2000ware_libraries.obj       1      0         0      
    +--+-----------------------------+------+---------+---------+
       Total:                        1586   208       0      
                                                             
    C:\ti\c2000\C2000Ware_5_01_00_00\driverlib\f28004x\driverlib\ccs\Debug\driverlib_eabi.lib
       sysctl.obj                    1167   154       0      
       gpio.obj                      374    152       0      
       interrupt.obj                 214    0         0      
       adc.obj                       40     0         0      
    +--+-----------------------------+------+---------+---------+
       Total:                        1795   306       0      
                                                             
    C:\ti\ccs1280\ccs\tools\compiler\ti-cgt-c2000_22.6.1.LTS\lib\rts2800_fpu32_eabi.lib
       copy_decompress_lzss.c.obj    48     0         0      
       exit.c.obj                    41     0         6      
       autoinit.c.obj                43     0         0      
       memcpy.c.obj                  29     0         0      
       boot28.asm.obj                23     0         0      
       _lock.c.obj                   9      0         4      
       copy_zero_init.c.obj          13     0         0      
       args_main.c.obj               12     0         0      
       copy_decompress_none.c.obj    8      0         0      
       pre_init.c.obj                2      0         0      
       startup.c.obj                 1      0         0      
    +--+-----------------------------+------+---------+---------+
       Total:                        229    0         10     
                                                             
       Stack:                        0      0         1016   
       Linker Generated:             0      26        0      
    +--+-----------------------------+------+---------+---------+
       Grand Total:                  4337   833       1028   


LINKER GENERATED COPY TABLES

__TI_cinit_table @ 0000010c records: 2, size/record: 4, table size: 8
	.data: load addr=000000fa, load size=00000008 bytes, run addr=0000ab28, run size=0000000a bytes, compression=lzss
	.bss: load addr=00000108, load size=00000004 bytes, run addr=0000ab32, run size=00000002 bytes, compression=zero_init


LINKER GENERATED HANDLER TABLE

__TI_handler_table @ 00000102 records: 3, size/record: 2, table size: 6
	index: 0, handler: __TI_zero_init
	index: 1, handler: __TI_decompress_lzss
	index: 2, handler: __TI_decompress_none


GLOBAL DATA SYMBOLS: SORTED BY DATA PAGE

address     data page           name
--------    ----------------    ----
00000400      10 (00000400)     __stack

0000ab28     2ac (0000ab00)     __TI_enable_exit_profile_output
0000ab2a     2ac (0000ab00)     __TI_cleanup_ptr
0000ab2c     2ac (0000ab00)     __TI_dtors_ptr
0000ab2e     2ac (0000ab00)     _lock
0000ab30     2ac (0000ab00)     _unlock
0000ab32     2ac (0000ab00)     ADC_soft
0000ab33     2ac (0000ab00)     PWMCNT


GLOBAL SYMBOLS: SORTED ALPHABETICALLY BY Name 

page  address   name                             
----  -------   ----                             
0     000090e2  ADC_init                         
0     00008a0b  ADC_setOffsetTrimAll             
1     0000ab32  ADC_soft                         
0     000087f7  ASYSCTL_init                     
0     00008fbd  Board_init                       
0     000089e2  C$$EXIT                          
0     00008fff  C2000Ware_libraries_init         
0     00008000  Device_enableAllPeripherals      
0     000084b4  Device_init                      
0     00008fef  Device_initGPIO                  
0     000081a0  EPWM_init                        
0     000090e5  GPIO_init                        
0     00008718  GPIO_setAnalogMode               
0     00008752  GPIO_setControllerCore           
0     000088a3  GPIO_setDirectionMode            
0     00008462  GPIO_setPadConfig                
0     00008789  GPIO_setPinConfig                
0     000087c0  GPIO_setQualificationMode        
0     0000902e  INTERRUPT_init                   
0     00008505  INT_myADC0_1_ISR                 
0     00008e2a  Interrupt_defaultHandler         
0     00008800  Interrupt_enable                 
0     00009092  Interrupt_illegalOperationHandler
0     000086a1  Interrupt_initModule             
0     00008be9  Interrupt_initVectorTable        
0     0000909c  Interrupt_nmiHandler             
1     0000ab33  PWMCNT                           
0     00008ac9  PinMux_init                      
0     00008c07  SYNC_init                        
0     000000f6  SysCtl_delay                     
0     00008404  SysCtl_getClock                  
0     00008ce6  SysCtl_getLowSpeedClock          
0     0000825f  SysCtl_isPLLValid                
0     0000854e  SysCtl_selectOscSource           
0     0000886d  SysCtl_selectXTAL                
0     00008b4f  SysCtl_selectXTALSingleEnded     
0     000080e0  SysCtl_setClock                  
0     0000010c  __TI_CINIT_Base                  
0     00000114  __TI_CINIT_Limit                 
0     00000114  __TI_CINIT_Warm                  
0     00000102  __TI_Handler_Table_Base          
0     00000108  __TI_Handler_Table_Limit         
1     000007f8  __TI_STACK_END                   
abs   000003f8  __TI_STACK_SIZE                  
0     000089b7  __TI_auto_init_nobinit_nopinit   
1     0000ab2a  __TI_cleanup_ptr                 
0     000088d4  __TI_decompress_lzss             
0     000090b7  __TI_decompress_none             
1     0000ab2c  __TI_dtors_ptr                   
1     0000ab28  __TI_enable_exit_profile_output  
abs   ffffffff  __TI_pprof_out_hndl              
abs   ffffffff  __TI_prof_data_size              
abs   ffffffff  __TI_prof_data_start             
0     00009062  __TI_zero_init_nomemset          
n/a   UNDEFED   __c_args__                       
0     000090d5  __error__                        
1     00000400  __stack                          
0     0000907b  _args_main                       
0     00008dbb  _c_int00                         
1     0000ab2e  _lock                            
0     000090ae  _nop                             
0     000090aa  _register_lock                   
0     000090a6  _register_unlock                 
0     000090ea  _system_post_cinit               
0     000090e8  _system_pre_init                 
1     0000ab30  _unlock                          
0     000089e2  abort                            
0     00000000  code_start                       
0     000089e4  exit                             
0     00008da4  main                             
0     00008c25  memcpy                           
0     00008597  myADC0_init                      
0     00008f72  myGPIO0_init                     


GLOBAL SYMBOLS: SORTED BY Symbol Address 

page  address   name                             
----  -------   ----                             
0     00000000  code_start                       
0     000000f6  SysCtl_delay                     
0     00000102  __TI_Handler_Table_Base          
0     00000108  __TI_Handler_Table_Limit         
0     0000010c  __TI_CINIT_Base                  
0     00000114  __TI_CINIT_Limit                 
0     00000114  __TI_CINIT_Warm                  
0     00008000  Device_enableAllPeripherals      
0     000080e0  SysCtl_setClock                  
0     000081a0  EPWM_init                        
0     0000825f  SysCtl_isPLLValid                
0     00008404  SysCtl_getClock                  
0     00008462  GPIO_setPadConfig                
0     000084b4  Device_init                      
0     00008505  INT_myADC0_1_ISR                 
0     0000854e  SysCtl_selectOscSource           
0     00008597  myADC0_init                      
0     000086a1  Interrupt_initModule             
0     00008718  GPIO_setAnalogMode               
0     00008752  GPIO_setControllerCore           
0     00008789  GPIO_setPinConfig                
0     000087c0  GPIO_setQualificationMode        
0     000087f7  ASYSCTL_init                     
0     00008800  Interrupt_enable                 
0     0000886d  SysCtl_selectXTAL                
0     000088a3  GPIO_setDirectionMode            
0     000088d4  __TI_decompress_lzss             
0     000089b7  __TI_auto_init_nobinit_nopinit   
0     000089e2  C$$EXIT                          
0     000089e2  abort                            
0     000089e4  exit                             
0     00008a0b  ADC_setOffsetTrimAll             
0     00008ac9  PinMux_init                      
0     00008b4f  SysCtl_selectXTALSingleEnded     
0     00008be9  Interrupt_initVectorTable        
0     00008c07  SYNC_init                        
0     00008c25  memcpy                           
0     00008ce6  SysCtl_getLowSpeedClock          
0     00008da4  main                             
0     00008dbb  _c_int00                         
0     00008e2a  Interrupt_defaultHandler         
0     00008f72  myGPIO0_init                     
0     00008fbd  Board_init                       
0     00008fef  Device_initGPIO                  
0     00008fff  C2000Ware_libraries_init         
0     0000902e  INTERRUPT_init                   
0     00009062  __TI_zero_init_nomemset          
0     0000907b  _args_main                       
0     00009092  Interrupt_illegalOperationHandler
0     0000909c  Interrupt_nmiHandler             
0     000090a6  _register_unlock                 
0     000090aa  _register_lock                   
0     000090ae  _nop                             
0     000090b7  __TI_decompress_none             
0     000090d5  __error__                        
0     000090e2  ADC_init                         
0     000090e5  GPIO_init                        
0     000090e8  _system_pre_init                 
0     000090ea  _system_post_cinit               
1     00000400  __stack                          
1     000007f8  __TI_STACK_END                   
1     0000ab28  __TI_enable_exit_profile_output  
1     0000ab2a  __TI_cleanup_ptr                 
1     0000ab2c  __TI_dtors_ptr                   
1     0000ab2e  _lock                            
1     0000ab30  _unlock                          
1     0000ab32  ADC_soft                         
1     0000ab33  PWMCNT                           
abs   000003f8  __TI_STACK_SIZE                  
abs   ffffffff  __TI_pprof_out_hndl              
abs   ffffffff  __TI_prof_data_size              
abs   ffffffff  __TI_prof_data_start             
n/a   UNDEFED   __c_args__                       

[73 symbols]
