******************************************************************************
             TMS320C2000 Linker PC v22.6.1                     
******************************************************************************
>> Linked Wed Sep 10 14:45:11 2025

OUTPUT FILE NAME:   <ADC_ePWM_trigger.out>
ENTRY POINT SYMBOL: "code_start"  address: 00000000


MEMORY CONFIGURATION

         name            origin    length      used     unused   attr    fill
----------------------  --------  ---------  --------  --------  ----  --------
PAGE 0:
  BEGIN                 00000000   00000002  00000002  00000000  RWIX
  RAMM0                 000000f6   0000030a  0000001e  000002ec  RWIX
  RAMLS0                00008000   00000800  00000800  00000000  RWIX
  RAMLS1                00008800   00000800  00000800  00000000  RWIX
  RAMLS2                00009000   00000800  00000049  000007b7  RWIX
  RAMLS3                00009800   00000800  00000000  00000800  RWIX
  RAMLS4                0000a000   00000800  00000000  00000800  RWIX
  FLASH_BANK0_SEC0      00080000   00001000  00000000  00001000  RWIX
  FLASH_BANK0_SEC1      00081000   00001000  00000000  00001000  RWIX
  FLASH_BANK0_SEC2      00082000   00001000  00000000  00001000  RWIX
  FLASH_BANK0_SEC3      00083000   00001000  00000000  00001000  RWIX
  FLASH_BANK0_SEC4      00084000   00001000  00000000  00001000  RWIX
  FLASH_BANK0_SEC5      00085000   00001000  00000000  00001000  RWIX
  FLASH_BANK0_SEC6      00086000   00001000  00000000  00001000  RWIX
  FLASH_BANK0_SEC7      00087000   00001000  00000000  00001000  RWIX
  FLASH_BANK0_SEC8      00088000   00001000  00000000  00001000  RWIX
  FLASH_BANK0_SEC9      00089000   00001000  00000000  00001000  RWIX
  FLASH_BANK0_SEC10     0008a000   00001000  00000000  00001000  RWIX
  FLASH_BANK0_SEC11     0008b000   00001000  00000000  00001000  RWIX
  FLASH_BANK0_SEC12     0008c000   00001000  00000000  00001000  RWIX
  FLASH_BANK0_SEC13     0008d000   00001000  00000000  00001000  RWIX
  FLASH_BANK0_SEC14     0008e000   00001000  00000000  00001000  RWIX
  FLASH_BANK0_SEC15     0008f000   00001000  00000000  00001000  RWIX
  FLASH_BANK1_SEC0      00090000   00001000  00000000  00001000  RWIX
  FLASH_BANK1_SEC1      00091000   00001000  00000000  00001000  RWIX
  FLASH_BANK1_SEC2      00092000   00001000  00000000  00001000  RWIX
  FLASH_BANK1_SEC3      00093000   00001000  00000000  00001000  RWIX
  FLASH_BANK1_SEC4      00094000   00001000  00000000  00001000  RWIX
  FLASH_BANK1_SEC5      00095000   00001000  00000000  00001000  RWIX
  FLASH_BANK1_SEC6      00096000   00001000  00000000  00001000  RWIX
  FLASH_BANK1_SEC7      00097000   00001000  00000000  00001000  RWIX
  FLASH_BANK1_SEC8      00098000   00001000  00000000  00001000  RWIX
  FLASH_BANK1_SEC9      00099000   00001000  00000000  00001000  RWIX
  FLASH_BANK1_SEC10     0009a000   00001000  00000000  00001000  RWIX
  FLASH_BANK1_SEC11     0009b000   00001000  00000000  00001000  RWIX
  FLASH_BANK1_SEC12     0009c000   00001000  00000000  00001000  RWIX
  FLASH_BANK1_SEC13     0009d000   00001000  00000000  00001000  RWIX
  FLASH_BANK1_SEC14     0009e000   00001000  00000000  00001000  RWIX
  FLASH_BANK1_SEC15     0009f000   00001000  00000000  00001000  RWIX
  RESET                 003fffc0   00000002  00000000  00000002  RWIX

PAGE 1:
  BOOT_RSVD             00000002   000000f1  00000000  000000f1  RWIX
  RAMM1                 00000400   000003f8  000003f8  00000000  RWIX
  RAMLS5                0000a800   00000800  000002ef  00000511  RWIX
  RAMLS6                0000b000   00000800  00000000  00000800  RWIX
  RAMLS7                0000b800   00000800  00000000  00000800  RWIX
  RAMGS0                0000c000   00002000  00000000  00002000  RWIX
  RAMGS1                0000e000   00002000  00000000  00002000  RWIX
  RAMGS2                00010000   00002000  00000000  00002000  RWIX
  RAMGS3                00012000   00001ff8  00000000  00001ff8  RWIX


SECTION ALLOCATION MAP

 output                                  attributes/
section   page    origin      length       input sections
--------  ----  ----------  ----------   ----------------
codestart 
*          0    00000000    00000002     
                  00000000    00000002     f28004x_codestartbranch.obj (codestart)

.TI.ramfunc 
*          0    000000f6    00000004     
                  000000f6    00000004     driverlib_eabi.lib : sysctl.obj (.TI.ramfunc)

.cinit     0    000000fa    0000001a     
                  000000fa    00000008     (.cinit..data.load) [load image, compression = lzss]
                  00000102    00000006     (__TI_handler_table)
                  00000108    00000004     (.cinit..bss.load) [load image, compression = zero_init]
                  0000010c    00000008     (__TI_cinit_table)

.reset     0    003fffc0    00000000     DSECT

.stack     1    00000400    000003f8     UNINITIALIZED
                  00000400    000003f8     --HOLE--

.bss       1    0000aaee    00000002     UNINITIALIZED
                  0000aaee    00000002     empty_driverlib_main.obj (.bss)

.init_array 
*          0    000000f6    00000000     UNINITIALIZED

.const     1    0000a800    000002e3     
                  0000a800    000000d0     board.obj (.const:.string)
                  0000a8d0    0000009a     driverlib_eabi.lib : sysctl.obj (.const:.string)
                  0000a96a    00000098                        : gpio.obj (.const:.string)
                  0000aa02    00000088     empty_driverlib_main.obj (.const:.string)
                  0000aa8a    00000059     device.obj (.const:.string)

.data      1    0000aae4    0000000a     UNINITIALIZED
                  0000aae4    00000006     rts2800_fpu32_eabi.lib : exit.c.obj (.data)
                  0000aaea    00000002                            : _lock.c.obj (.data:_lock)
                  0000aaec    00000002                            : _lock.c.obj (.data:_unlock)

.text.1    0    00008000    00000800     
                  00008000    000000e0     device.obj (.text:Device_enableAllPeripherals)
                  000080e0    000000c0     driverlib_eabi.lib : sysctl.obj (.text:SysCtl_setClock)
                  000081a0    000000bd                        : sysctl.obj (.text:SysCtl_isPLLValid)
                  0000825d    000000bb     board.obj (.text:EPWM_init)
                  00008318    00000075     board.obj (.text:EPWM_setADCTriggerSource)
                  0000838d    00000073     driverlib_eabi.lib : sysctl.obj (.text:DCC_setCounterSeeds)
                  00008400    0000005e                        : sysctl.obj (.text:SysCtl_getClock)
                  0000845e    00000052                        : gpio.obj (.text:GPIO_setPadConfig)
                  000084b0    00000051     device.obj (.text:Device_init)
                  00008501    0000004c     empty_driverlib_main.obj (.text:INT_myADC0_1_ISR)
                  0000854d    00000049     driverlib_eabi.lib : sysctl.obj (.text:SysCtl_selectOscSource)
                  00008596    00000046     board.obj (.text:myADC0_init)
                  000085dc    00000045     driverlib_eabi.lib : sysctl.obj (.text:SysCtl_pollX1Counter)
                  00008621    00000040     board.obj (.text:EPWM_setActionQualifierAction)
                  00008661    0000003e     board.obj (.text:EPWM_setCounterCompareShadowLoadMode)
                  0000869f    0000003d     driverlib_eabi.lib : interrupt.obj (.text:Interrupt_initModule)
                  000086dc    0000003a     board.obj (.text:EPWM_setADCTriggerEventPrescale)
                  00008716    0000003a     driverlib_eabi.lib : gpio.obj (.text:GPIO_setAnalogMode)
                  00008750    00000037                        : gpio.obj (.text:GPIO_setPinConfig)
                  00008787    00000037                        : gpio.obj (.text:GPIO_setQualificationMode)
                  000087be    00000037                        : interrupt.obj (.text:Interrupt_enable)
                  000087f5    0000000b                        : sysctl.obj (.text:SysCtl_isMCDClockFailureDetected)

.text.2    0    00008800    00000800     
                  00008800    00000036     board.obj (.text:ADC_setupSOC)
                  00008836    00000036     driverlib_eabi.lib : sysctl.obj (.text:SysCtl_selectXTAL)
                  0000886c    00000031                        : gpio.obj (.text:GPIO_setDirectionMode)
                  0000889d    00000030     rts2800_fpu32_eabi.lib : copy_decompress_lzss.c.obj (.text:decompress:lzss)
                  000088cd    0000002f     board.obj (.text:ADC_setInterruptSource)
                  000088fc    0000002e     board.obj (.text:ADC_setInterruptSOCTrigger)
                  0000892a    0000002b     board.obj (.text:EPWM_isBaseValid)
                  00008955    0000002b     empty_driverlib_main.obj (.text:EPWM_isBaseValid)
                  00008980    0000002b     rts2800_fpu32_eabi.lib : autoinit.c.obj (.text:__TI_auto_init_nobinit_nopinit)
                  000089ab    00000029                            : exit.c.obj (.text)
                  000089d4    00000028     driverlib_eabi.lib : adc.obj (.text:ADC_setOffsetTrimAll)
                  000089fc    00000027     board.obj (.text:SysCtl_setSyncInputConfig)
                  00008a23    00000024     driverlib_eabi.lib : sysctl.obj (.text:DCC_enableSingleShotMode)
                  00008a47    00000022     board.obj (.text:EPWM_setCounterCompareValue)
                  00008a69    00000021     board.obj (.text:ADC_disableContinuousMode)
                  00008a8a    00000020     board.obj (.text:ADC_enableInterrupt)
                  00008aaa    00000020     driverlib_eabi.lib : sysctl.obj (.text:SysCtl_selectXTALSingleEnded)
                  00008aca    0000001f     board.obj (.text:EPWM_setFallingEdgeDelayCountShadowLoadMode)
                  00008ae9    0000001f     board.obj (.text:EPWM_setRisingEdgeDelayCountShadowLoadMode)
                  00008b08    0000001e     driverlib_eabi.lib : sysctl.obj (.text:DCC_setCounter1ClkSource)
                  00008b26    0000001e     board.obj (.text:EPWM_setPhaseShift)
                  00008b44    0000001e     driverlib_eabi.lib : interrupt.obj (.text:Interrupt_initVectorTable)
                  00008b62    0000001e     board.obj (.text:PinMux_init)
                  00008b80    0000001e     board.obj (.text:SYNC_init)
                  00008b9e    0000001d     empty_driverlib_main.obj (.text:ADC_getInterruptOverflowStatus)
                  00008bbb    0000001d     rts2800_fpu32_eabi.lib : memcpy.c.obj (.text)
                  00008bd8    0000001c     board.obj (.text:ADC_setSOCPriority)
                  00008bf4    0000001c     driverlib_eabi.lib : sysctl.obj (.text:DCC_setCounter0ClkSource)
                  00008c10    0000001c     board.obj (.text:EPWM_enableADCTrigger)
                  00008c2c    0000001c     board.obj (.text:EPWM_setClockPrescaler)
                  00008c48    0000001a     empty_driverlib_main.obj (.text:ADC_readResult)
                  00008c62    0000001a     driverlib_eabi.lib : sysctl.obj (.text:SysCtl_getLowSpeedClock)
                  00008c7c    00000018     board.obj (.text:ASysCtl_setAnalogReferenceExternal)
                  00008c94    00000018     board.obj (.text:EPWM_disableFallingEdgeDelayCountShadowLoadMode)
                  00008cac    00000018     board.obj (.text:EPWM_disableRisingEdgeDelayCountShadowLoadMode)
                  00008cc4    00000017     board.obj (.text:ADC_isBaseValid)
                  00008cdb    00000017     empty_driverlib_main.obj (.text:ADC_isBaseValid)
                  00008cf2    00000017     device.obj (.text:SysCtl_enablePeripheral)
                  00008d09    00000017     driverlib_eabi.lib : sysctl.obj (.text:SysCtl_enablePeripheral)
                  00008d20    00000017     empty_driverlib_main.obj (.text:main)
                  00008d37    00000017     rts2800_fpu32_eabi.lib : boot28.asm.obj (.text)
                  00008d4e    00000016     board.obj (.text:ADC_setInterruptPulseMode)
                  00008d64    00000016     board.obj (.text:ADC_setPrescaler)
                  00008d7a    00000016     driverlib_eabi.lib : sysctl.obj (.text:DCC_disableDoneSignal)
                  00008d90    00000016                        : sysctl.obj (.text:DCC_enableDoneSignal)
                  00008da6    00000016                        : interrupt.obj (.text:Interrupt_defaultHandler)
                  00008dbc    00000015     board.obj (.text:ADC_disableBurstMode)
                  00008dd1    00000015     driverlib_eabi.lib : sysctl.obj (.text:DCC_clearDoneFlag)
                  00008de6    00000015                        : sysctl.obj (.text:DCC_clearErrorFlag)
                  00008dfb    00000015                        : sysctl.obj (.text:DCC_disableErrorSignal)
                  00008e10    00000015                        : sysctl.obj (.text:DCC_enableErrorSignal)
                  00008e25    00000015     device.obj (.text:GPIO_unlockPortConfig)
                  00008e3a    00000014     empty_driverlib_main.obj (.text:ADC_clearInterruptOverflowStatus)
                  00008e4e    00000014     board.obj (.text:ADC_clearInterruptStatus)
                  00008e62    00000014     empty_driverlib_main.obj (.text:ADC_clearInterruptStatus)
                  00008e76    00000014     driverlib_eabi.lib : sysctl.obj (.text:DCC_disableModule)
                  00008e8a    00000014                        : sysctl.obj (.text:DCC_enableModule)
                  00008e9e    00000014     board.obj (.text:EPWM_setTimeBaseCounterMode)
                  00008eb2    00000014     board.obj (.text:EPWM_setTimeBasePeriod)
                  00008ec6    00000014     driverlib_eabi.lib : gpio.obj (.text:GPIO_isPinValid)
                  00008eda    00000014     device.obj (.text:SysCtl_deviceCal)
                  00008eee    00000013     board.obj (.text:ADC_enableConverter)
                  00008f01    00000012     board.obj (.text:EPWM_setTimeBaseCounter)
                  00008f13    00000012     board.obj (.text:SysCtl_setSyncOutputConfig)
                  00008f25    00000011     board.obj (.text:EPWM_disablePhaseShiftLoad)
                  00008f36    00000010     driverlib_eabi.lib : sysctl.obj (.text:DCC_isBaseValid)
                  00008f46    00000010     device.obj (.text:Device_initGPIO)
                  00008f56    00000010     empty_driverlib_main.obj (.text:EPWM_getTimeBaseCounterValue)
                  00008f66    0000000f     device.obj (.text:ASysCtl_disableDCDC)
                  00008f75    0000000f     board.obj (.text:Board_init)
                  00008f84    0000000f     board.obj (.text:Interrupt_register)
                  00008f93    0000000d     board.obj (.text:INTERRUPT_init)
                  00008fa0    0000000d     driverlib_eabi.lib : interrupt.obj (.text:Interrupt_disableGlobal)
                  00008fad    0000000d                        : interrupt.obj (.text:Interrupt_enableGlobal)
                  00008fba    0000000d     device.obj (.text:SysCtl_setLowSpeedClock)
                  00008fc7    0000000d     rts2800_fpu32_eabi.lib : copy_zero_init.c.obj (.text:decompress:ZI:__TI_zero_init_nomemset)
                  00008fd4    0000000c     board.obj (.text:SysCtl_enableExtADCSOCSource)
                  00008fe0    0000000c     rts2800_fpu32_eabi.lib : args_main.c.obj (.text)
                  00008fec    0000000a     driverlib_eabi.lib : interrupt.obj (.text:Interrupt_illegalOperationHandler)
                  00008ff6    0000000a                        : interrupt.obj (.text:Interrupt_nmiHandler)

.text.3    0    00009000    00000049     
                  00009000    00000009     rts2800_fpu32_eabi.lib : _lock.c.obj (.text)
                  00009009    00000008     device.obj (.text:SysCtl_disableWatchdog)
                  00009011    00000008     rts2800_fpu32_eabi.lib : copy_decompress_none.c.obj (.text:decompress:none)
                  00009019    00000008     f28004x_codestartbranch.obj (.text)
                  00009021    00000007     board.obj (.text:ASysCtl_disableTemperatureSensor)
                  00009028    00000007     driverlib_eabi.lib : sysctl.obj (.text:SysCtl_resetMCD)
                  0000902f    00000007     device.obj (.text:__error__)
                  00009036    00000006     board.obj (.text:ASYSCTL_init)
                  0000903c    00000006     empty_driverlib_main.obj (.text:Interrupt_clearACKGroup)
                  00009042    00000003     board.obj (.text:ADC_init)
                  00009045    00000002     rts2800_fpu32_eabi.lib : pre_init.c.obj (.text)
                  00009047    00000001     c2000ware_libraries.obj (.text:C2000Ware_libraries_init)
                  00009048    00000001     rts2800_fpu32_eabi.lib : startup.c.obj (.text)

MODULE SUMMARY

       Module                        code   ro data   rw data
       ------                        ----   -------   -------
    .\
       empty_driverlib_main.obj      282    136       2      
    +--+-----------------------------+------+---------+---------+
       Total:                        282    136       2      
                                                             
    .\device\
       device.obj                    428    89        0      
       f28004x_codestartbranch.obj   10     0         0      
    +--+-----------------------------+------+---------+---------+
       Total:                        438    89        0      
                                                             
    .\syscfg\
       board.obj                     1485   208       0      
       c2000ware_libraries.obj       1      0         0      
    +--+-----------------------------+------+---------+---------+
       Total:                        1486   208       0      
                                                             
    C:\ti\c2000\C2000Ware_5_01_00_00\driverlib\f28004x\driverlib\ccs\Debug\driverlib_eabi.lib
       sysctl.obj                    1167   154       0      
       gpio.obj                      319    152       0      
       interrupt.obj                 214    0         0      
       adc.obj                       40     0         0      
    +--+-----------------------------+------+---------+---------+
       Total:                        1740   306       0      
                                                             
    C:\ti\ccs1280\ccs\tools\compiler\ti-cgt-c2000_22.6.1.LTS\lib\rts2800_fpu32_eabi.lib
       copy_decompress_lzss.c.obj    48     0         0      
       exit.c.obj                    41     0         6      
       autoinit.c.obj                43     0         0      
       memcpy.c.obj                  29     0         0      
       boot28.asm.obj                23     0         0      
       _lock.c.obj                   9      0         4      
       copy_zero_init.c.obj          13     0         0      
       args_main.c.obj               12     0         0      
       copy_decompress_none.c.obj    8      0         0      
       pre_init.c.obj                2      0         0      
       startup.c.obj                 1      0         0      
    +--+-----------------------------+------+---------+---------+
       Total:                        229    0         10     
                                                             
       Stack:                        0      0         1016   
       Linker Generated:             0      26        0      
    +--+-----------------------------+------+---------+---------+
       Grand Total:                  4175   765       1028   


LINKER GENERATED COPY TABLES

__TI_cinit_table @ 0000010c records: 2, size/record: 4, table size: 8
	.data: load addr=000000fa, load size=00000008 bytes, run addr=0000aae4, run size=0000000a bytes, compression=lzss
	.bss: load addr=00000108, load size=00000004 bytes, run addr=0000aaee, run size=00000002 bytes, compression=zero_init


LINKER GENERATED HANDLER TABLE

__TI_handler_table @ 00000102 records: 3, size/record: 2, table size: 6
	index: 0, handler: __TI_zero_init
	index: 1, handler: __TI_decompress_lzss
	index: 2, handler: __TI_decompress_none


GLOBAL DATA SYMBOLS: SORTED BY DATA PAGE

address     data page           name
--------    ----------------    ----
00000400      10 (00000400)     __stack

0000aae4     2ab (0000aac0)     __TI_enable_exit_profile_output
0000aae6     2ab (0000aac0)     __TI_cleanup_ptr
0000aae8     2ab (0000aac0)     __TI_dtors_ptr
0000aaea     2ab (0000aac0)     _lock
0000aaec     2ab (0000aac0)     _unlock
0000aaee     2ab (0000aac0)     ADC_soft
0000aaef     2ab (0000aac0)     PWMCNT


GLOBAL SYMBOLS: SORTED ALPHABETICALLY BY Name 

page  address   name                             
----  -------   ----                             
0     00009042  ADC_init                         
0     000089d4  ADC_setOffsetTrimAll             
1     0000aaee  ADC_soft                         
0     00009036  ASYSCTL_init                     
0     00008f75  Board_init                       
0     000089ab  C$$EXIT                          
0     00009047  C2000Ware_libraries_init         
0     00008000  Device_enableAllPeripherals      
0     000084b0  Device_init                      
0     00008f46  Device_initGPIO                  
0     0000825d  EPWM_init                        
0     00008716  GPIO_setAnalogMode               
0     0000886c  GPIO_setDirectionMode            
0     0000845e  GPIO_setPadConfig                
0     00008750  GPIO_setPinConfig                
0     00008787  GPIO_setQualificationMode        
0     00008f93  INTERRUPT_init                   
0     00008501  INT_myADC0_1_ISR                 
0     00008da6  Interrupt_defaultHandler         
0     000087be  Interrupt_enable                 
0     00008fec  Interrupt_illegalOperationHandler
0     0000869f  Interrupt_initModule             
0     00008b44  Interrupt_initVectorTable        
0     00008ff6  Interrupt_nmiHandler             
1     0000aaef  PWMCNT                           
0     00008b62  PinMux_init                      
0     00008b80  SYNC_init                        
0     000000f6  SysCtl_delay                     
0     00008400  SysCtl_getClock                  
0     00008c62  SysCtl_getLowSpeedClock          
0     000081a0  SysCtl_isPLLValid                
0     0000854d  SysCtl_selectOscSource           
0     00008836  SysCtl_selectXTAL                
0     00008aaa  SysCtl_selectXTALSingleEnded     
0     000080e0  SysCtl_setClock                  
0     0000010c  __TI_CINIT_Base                  
0     00000114  __TI_CINIT_Limit                 
0     00000114  __TI_CINIT_Warm                  
0     00000102  __TI_Handler_Table_Base          
0     00000108  __TI_Handler_Table_Limit         
1     000007f8  __TI_STACK_END                   
abs   000003f8  __TI_STACK_SIZE                  
0     00008980  __TI_auto_init_nobinit_nopinit   
1     0000aae6  __TI_cleanup_ptr                 
0     0000889d  __TI_decompress_lzss             
0     00009011  __TI_decompress_none             
1     0000aae8  __TI_dtors_ptr                   
1     0000aae4  __TI_enable_exit_profile_output  
abs   ffffffff  __TI_pprof_out_hndl              
abs   ffffffff  __TI_prof_data_size              
abs   ffffffff  __TI_prof_data_start             
0     00008fc7  __TI_zero_init_nomemset          
n/a   UNDEFED   __c_args__                       
0     0000902f  __error__                        
1     00000400  __stack                          
0     00008fe0  _args_main                       
0     00008d37  _c_int00                         
1     0000aaea  _lock                            
0     00009008  _nop                             
0     00009004  _register_lock                   
0     00009000  _register_unlock                 
0     00009048  _system_post_cinit               
0     00009045  _system_pre_init                 
1     0000aaec  _unlock                          
0     000089ab  abort                            
0     00000000  code_start                       
0     000089ad  exit                             
0     00008d20  main                             
0     00008bbb  memcpy                           
0     00008596  myADC0_init                      


GLOBAL SYMBOLS: SORTED BY Symbol Address 

page  address   name                             
----  -------   ----                             
0     00000000  code_start                       
0     000000f6  SysCtl_delay                     
0     00000102  __TI_Handler_Table_Base          
0     00000108  __TI_Handler_Table_Limit         
0     0000010c  __TI_CINIT_Base                  
0     00000114  __TI_CINIT_Limit                 
0     00000114  __TI_CINIT_Warm                  
0     00008000  Device_enableAllPeripherals      
0     000080e0  SysCtl_setClock                  
0     000081a0  SysCtl_isPLLValid                
0     0000825d  EPWM_init                        
0     00008400  SysCtl_getClock                  
0     0000845e  GPIO_setPadConfig                
0     000084b0  Device_init                      
0     00008501  INT_myADC0_1_ISR                 
0     0000854d  SysCtl_selectOscSource           
0     00008596  myADC0_init                      
0     0000869f  Interrupt_initModule             
0     00008716  GPIO_setAnalogMode               
0     00008750  GPIO_setPinConfig                
0     00008787  GPIO_setQualificationMode        
0     000087be  Interrupt_enable                 
0     00008836  SysCtl_selectXTAL                
0     0000886c  GPIO_setDirectionMode            
0     0000889d  __TI_decompress_lzss             
0     00008980  __TI_auto_init_nobinit_nopinit   
0     000089ab  C$$EXIT                          
0     000089ab  abort                            
0     000089ad  exit                             
0     000089d4  ADC_setOffsetTrimAll             
0     00008aaa  SysCtl_selectXTALSingleEnded     
0     00008b44  Interrupt_initVectorTable        
0     00008b62  PinMux_init                      
0     00008b80  SYNC_init                        
0     00008bbb  memcpy                           
0     00008c62  SysCtl_getLowSpeedClock          
0     00008d20  main                             
0     00008d37  _c_int00                         
0     00008da6  Interrupt_defaultHandler         
0     00008f46  Device_initGPIO                  
0     00008f75  Board_init                       
0     00008f93  INTERRUPT_init                   
0     00008fc7  __TI_zero_init_nomemset          
0     00008fe0  _args_main                       
0     00008fec  Interrupt_illegalOperationHandler
0     00008ff6  Interrupt_nmiHandler             
0     00009000  _register_unlock                 
0     00009004  _register_lock                   
0     00009008  _nop                             
0     00009011  __TI_decompress_none             
0     0000902f  __error__                        
0     00009036  ASYSCTL_init                     
0     00009042  ADC_init                         
0     00009045  _system_pre_init                 
0     00009047  C2000Ware_libraries_init         
0     00009048  _system_post_cinit               
1     00000400  __stack                          
1     000007f8  __TI_STACK_END                   
1     0000aae4  __TI_enable_exit_profile_output  
1     0000aae6  __TI_cleanup_ptr                 
1     0000aae8  __TI_dtors_ptr                   
1     0000aaea  _lock                            
1     0000aaec  _unlock                          
1     0000aaee  ADC_soft                         
1     0000aaef  PWMCNT                           
abs   000003f8  __TI_STACK_SIZE                  
abs   ffffffff  __TI_pprof_out_hndl              
abs   ffffffff  __TI_prof_data_size              
abs   ffffffff  __TI_prof_data_start             
n/a   UNDEFED   __c_args__                       

[70 symbols]
