<?xml version="1.0" encoding="ISO-8859-1" ?>
<link_info>
   <banner>TMS320C2000 Linker PC v22.6.1.LTS</banner>
   <copyright>Copyright (c) 1996-2018 Texas Instruments Incorporated</copyright>
   <link_time>0x68c11374</link_time>
   <link_errors>0x0</link_errors>
   <output_file>empty_driverlib_project.out</output_file>
   <entry_point>
      <name>code_start</name>
      <address>0x0</address>
   </entry_point>
   <input_file_list>
      <input_file id="fl-2">
         <path>.\syscfg\</path>
         <kind>object</kind>
         <file>board.obj</file>
         <name>board.obj</name>
      </input_file>
      <input_file id="fl-3">
         <path>.\syscfg\</path>
         <kind>object</kind>
         <file>c2000ware_libraries.obj</file>
         <name>c2000ware_libraries.obj</name>
      </input_file>
      <input_file id="fl-4">
         <path>.\</path>
         <kind>object</kind>
         <file>empty_driverlib_main.obj</file>
         <name>empty_driverlib_main.obj</name>
      </input_file>
      <input_file id="fl-5">
         <path>.\device\</path>
         <kind>object</kind>
         <file>device.obj</file>
         <name>device.obj</name>
      </input_file>
      <input_file id="fl-6">
         <path>.\device\</path>
         <kind>object</kind>
         <file>f28004x_codestartbranch.obj</file>
         <name>f28004x_codestartbranch.obj</name>
      </input_file>
      <input_file id="fl-c">
         <kind>object</kind>
         <file>&lt;internal&gt;</file>
         <name>&lt;internal&gt;</name>
      </input_file>
      <input_file id="fl-10">
         <path>C:\ti\c2000\C2000Ware_5_01_00_00\driverlib\f28004x\driverlib\ccs\Debug\</path>
         <kind>archive</kind>
         <file>driverlib_eabi.lib</file>
         <name>adc.obj</name>
      </input_file>
      <input_file id="fl-11">
         <path>C:\ti\c2000\C2000Ware_5_01_00_00\driverlib\f28004x\driverlib\ccs\Debug\</path>
         <kind>archive</kind>
         <file>driverlib_eabi.lib</file>
         <name>dcc.obj</name>
      </input_file>
      <input_file id="fl-12">
         <path>C:\ti\c2000\C2000Ware_5_01_00_00\driverlib\f28004x\driverlib\ccs\Debug\</path>
         <kind>archive</kind>
         <file>driverlib_eabi.lib</file>
         <name>gpio.obj</name>
      </input_file>
      <input_file id="fl-13">
         <path>C:\ti\c2000\C2000Ware_5_01_00_00\driverlib\f28004x\driverlib\ccs\Debug\</path>
         <kind>archive</kind>
         <file>driverlib_eabi.lib</file>
         <name>interrupt.obj</name>
      </input_file>
      <input_file id="fl-14">
         <path>C:\ti\c2000\C2000Ware_5_01_00_00\driverlib\f28004x\driverlib\ccs\Debug\</path>
         <kind>archive</kind>
         <file>driverlib_eabi.lib</file>
         <name>sysctl.obj</name>
      </input_file>
      <input_file id="fl-20">
         <path>C:\ti\ccs1280\ccs\tools\compiler\ti-cgt-c2000_22.6.1.LTS\lib\</path>
         <kind>archive</kind>
         <file>rts2800_fpu32_eabi.lib</file>
         <name>boot28.asm.obj</name>
      </input_file>
      <input_file id="fl-21">
         <path>C:\ti\ccs1280\ccs\tools\compiler\ti-cgt-c2000_22.6.1.LTS\lib\</path>
         <kind>archive</kind>
         <file>rts2800_fpu32_eabi.lib</file>
         <name>fs_div28.asm.obj</name>
      </input_file>
      <input_file id="fl-22">
         <path>C:\ti\ccs1280\ccs\tools\compiler\ti-cgt-c2000_22.6.1.LTS\lib\</path>
         <kind>archive</kind>
         <file>rts2800_fpu32_eabi.lib</file>
         <name>pre_init.c.obj</name>
      </input_file>
      <input_file id="fl-23">
         <path>C:\ti\ccs1280\ccs\tools\compiler\ti-cgt-c2000_22.6.1.LTS\lib\</path>
         <kind>archive</kind>
         <file>rts2800_fpu32_eabi.lib</file>
         <name>autoinit.c.obj</name>
      </input_file>
      <input_file id="fl-24">
         <path>C:\ti\ccs1280\ccs\tools\compiler\ti-cgt-c2000_22.6.1.LTS\lib\</path>
         <kind>archive</kind>
         <file>rts2800_fpu32_eabi.lib</file>
         <name>copy_zero_init.c.obj</name>
      </input_file>
      <input_file id="fl-25">
         <path>C:\ti\ccs1280\ccs\tools\compiler\ti-cgt-c2000_22.6.1.LTS\lib\</path>
         <kind>archive</kind>
         <file>rts2800_fpu32_eabi.lib</file>
         <name>copy_decompress_none.c.obj</name>
      </input_file>
      <input_file id="fl-26">
         <path>C:\ti\ccs1280\ccs\tools\compiler\ti-cgt-c2000_22.6.1.LTS\lib\</path>
         <kind>archive</kind>
         <file>rts2800_fpu32_eabi.lib</file>
         <name>copy_decompress_lzss.c.obj</name>
      </input_file>
      <input_file id="fl-27">
         <path>C:\ti\ccs1280\ccs\tools\compiler\ti-cgt-c2000_22.6.1.LTS\lib\</path>
         <kind>archive</kind>
         <file>rts2800_fpu32_eabi.lib</file>
         <name>exit.c.obj</name>
      </input_file>
      <input_file id="fl-28">
         <path>C:\ti\ccs1280\ccs\tools\compiler\ti-cgt-c2000_22.6.1.LTS\lib\</path>
         <kind>archive</kind>
         <file>rts2800_fpu32_eabi.lib</file>
         <name>_lock.c.obj</name>
      </input_file>
      <input_file id="fl-29">
         <path>C:\ti\ccs1280\ccs\tools\compiler\ti-cgt-c2000_22.6.1.LTS\lib\</path>
         <kind>archive</kind>
         <file>rts2800_fpu32_eabi.lib</file>
         <name>args_main.c.obj</name>
      </input_file>
      <input_file id="fl-2a">
         <path>C:\ti\ccs1280\ccs\tools\compiler\ti-cgt-c2000_22.6.1.LTS\lib\</path>
         <kind>archive</kind>
         <file>rts2800_fpu32_eabi.lib</file>
         <name>memset.c.obj</name>
      </input_file>
      <input_file id="fl-2b">
         <path>C:\ti\ccs1280\ccs\tools\compiler\ti-cgt-c2000_22.6.1.LTS\lib\</path>
         <kind>archive</kind>
         <file>rts2800_fpu32_eabi.lib</file>
         <name>cpy_tbl.c.obj</name>
      </input_file>
      <input_file id="fl-2c">
         <path>C:\ti\ccs1280\ccs\tools\compiler\ti-cgt-c2000_22.6.1.LTS\lib\</path>
         <kind>archive</kind>
         <file>rts2800_fpu32_eabi.lib</file>
         <name>memcpy.c.obj</name>
      </input_file>
      <input_file id="fl-2d">
         <path>C:\ti\ccs1280\ccs\tools\compiler\ti-cgt-c2000_22.6.1.LTS\lib\</path>
         <kind>archive</kind>
         <file>rts2800_fpu32_eabi.lib</file>
         <name>startup.c.obj</name>
      </input_file>
   </input_file_list>
   <object_component_list>
      <object_component id="oc-20">
         <name>codestart</name>
         <load_address>0x0</load_address>
         <run_address>0x0</run_address>
         <size>0x2</size>
         <input_file_ref idref="fl-6"/>
      </object_component>
      <object_component id="oc-1dd">
         <name>.TI.ramfunc</name>
         <load_address>0xf6</load_address>
         <run_address>0xf6</run_address>
         <size>0x4</size>
         <input_file_ref idref="fl-14"/>
      </object_component>
      <object_component id="oc-164">
         <name>.text:Device_enableAllPeripherals</name>
         <load_address>0x8000</load_address>
         <run_address>0x8000</run_address>
         <size>0xe0</size>
         <input_file_ref idref="fl-5"/>
      </object_component>
      <object_component id="oc-13f">
         <name>.text:SysCtl_setClock</name>
         <load_address>0x80e0</load_address>
         <run_address>0x80e0</run_address>
         <size>0xc0</size>
         <input_file_ref idref="fl-14"/>
      </object_component>
      <object_component id="oc-1de">
         <name>.text:SysCtl_isPLLValid</name>
         <load_address>0x81a0</load_address>
         <run_address>0x81a0</run_address>
         <size>0xbd</size>
         <input_file_ref idref="fl-14"/>
      </object_component>
      <object_component id="oc-1aa">
         <name>.text:EPWM_init</name>
         <load_address>0x825d</load_address>
         <run_address>0x825d</run_address>
         <size>0xb5</size>
         <input_file_ref idref="fl-2"/>
      </object_component>
      <object_component id="oc-28b">
         <name>.text:EPWM_setADCTriggerSource</name>
         <load_address>0x8312</load_address>
         <run_address>0x8312</run_address>
         <size>0x75</size>
         <input_file_ref idref="fl-2"/>
      </object_component>
      <object_component id="oc-2d9">
         <name>.text:DCC_setCounterSeeds</name>
         <load_address>0x8387</load_address>
         <run_address>0x8387</run_address>
         <size>0x73</size>
         <input_file_ref idref="fl-14"/>
      </object_component>
      <object_component id="oc-14b">
         <name>.text:SysCtl_getClock</name>
         <load_address>0x83fa</load_address>
         <run_address>0x83fa</run_address>
         <size>0x5e</size>
         <input_file_ref idref="fl-14"/>
      </object_component>
      <object_component id="oc-170">
         <name>.text:GPIO_setPadConfig</name>
         <load_address>0x8458</load_address>
         <run_address>0x8458</run_address>
         <size>0x52</size>
         <input_file_ref idref="fl-12"/>
      </object_component>
      <object_component id="oc-f2">
         <name>.text:Device_init</name>
         <load_address>0x84aa</load_address>
         <run_address>0x84aa</run_address>
         <size>0x51</size>
         <input_file_ref idref="fl-5"/>
      </object_component>
      <object_component id="oc-1d7">
         <name>.text:SysCtl_selectOscSource</name>
         <load_address>0x84fb</load_address>
         <run_address>0x84fb</run_address>
         <size>0x49</size>
         <input_file_ref idref="fl-14"/>
      </object_component>
      <object_component id="oc-230">
         <name>.text:myADC0_init</name>
         <load_address>0x8544</load_address>
         <run_address>0x8544</run_address>
         <size>0x46</size>
         <input_file_ref idref="fl-2"/>
      </object_component>
      <object_component id="oc-366">
         <name>.text:SysCtl_pollX1Counter</name>
         <load_address>0x858a</load_address>
         <run_address>0x858a</run_address>
         <size>0x45</size>
         <input_file_ref idref="fl-14"/>
      </object_component>
      <object_component id="oc-267">
         <name>.text:EPWM_setActionQualifierAction</name>
         <load_address>0x85cf</load_address>
         <run_address>0x85cf</run_address>
         <size>0x40</size>
         <input_file_ref idref="fl-2"/>
      </object_component>
      <object_component id="oc-261">
         <name>.text:EPWM_setCounterCompareShadowLoadMode</name>
         <load_address>0x860f</load_address>
         <run_address>0x860f</run_address>
         <size>0x3e</size>
         <input_file_ref idref="fl-2"/>
      </object_component>
      <object_component id="oc-fe">
         <name>.text:Interrupt_initModule</name>
         <load_address>0x864d</load_address>
         <run_address>0x864d</run_address>
         <size>0x3d</size>
         <input_file_ref idref="fl-13"/>
      </object_component>
      <object_component id="oc-17c">
         <name>.text:GPIO_setAnalogMode</name>
         <load_address>0x868a</load_address>
         <run_address>0x868a</run_address>
         <size>0x3a</size>
         <input_file_ref idref="fl-12"/>
      </object_component>
      <object_component id="oc-203">
         <name>.text:GPIO_setPinConfig</name>
         <load_address>0x86c4</load_address>
         <run_address>0x86c4</run_address>
         <size>0x37</size>
         <input_file_ref idref="fl-12"/>
      </object_component>
      <object_component id="oc-209">
         <name>.text:GPIO_setQualificationMode</name>
         <load_address>0x86fb</load_address>
         <run_address>0x86fb</run_address>
         <size>0x37</size>
         <input_file_ref idref="fl-12"/>
      </object_component>
      <object_component id="oc-32c">
         <name>.text:ADC_setupSOC</name>
         <load_address>0x8732</load_address>
         <run_address>0x8732</run_address>
         <size>0x36</size>
         <input_file_ref idref="fl-2"/>
      </object_component>
      <object_component id="oc-29c">
         <name>.text:SysCtl_selectXTAL</name>
         <load_address>0x8768</load_address>
         <run_address>0x8768</run_address>
         <size>0x36</size>
         <input_file_ref idref="fl-14"/>
      </object_component>
      <object_component id="oc-176">
         <name>.text:GPIO_setDirectionMode</name>
         <load_address>0x879e</load_address>
         <run_address>0x879e</run_address>
         <size>0x31</size>
         <input_file_ref idref="fl-12"/>
      </object_component>
      <object_component id="oc-13">
         <name>.text:decompress:lzss</name>
         <load_address>0x87cf</load_address>
         <run_address>0x87cf</run_address>
         <size>0x30</size>
         <input_file_ref idref="fl-26"/>
      </object_component>
      <object_component id="oc-10a">
         <name>.text:C2000Ware_libraries_init</name>
         <load_address>0x87ff</load_address>
         <run_address>0x87ff</run_address>
         <size>0x1</size>
         <input_file_ref idref="fl-3"/>
      </object_component>
      <object_component id="oc-338">
         <name>.text:ADC_setInterruptSource</name>
         <load_address>0x8800</load_address>
         <run_address>0x8800</run_address>
         <size>0x2f</size>
         <input_file_ref idref="fl-2"/>
      </object_component>
      <object_component id="oc-332">
         <name>.text:ADC_setInterruptSOCTrigger</name>
         <load_address>0x882f</load_address>
         <run_address>0x882f</run_address>
         <size>0x2e</size>
         <input_file_ref idref="fl-2"/>
      </object_component>
      <object_component id="oc-351">
         <name>.text:EPWM_isBaseValid</name>
         <load_address>0x885d</load_address>
         <run_address>0x885d</run_address>
         <size>0x2b</size>
         <input_file_ref idref="fl-2"/>
      </object_component>
      <object_component id="oc-1b6">
         <name>.text:EPWM_isBaseValid</name>
         <load_address>0x8888</load_address>
         <run_address>0x8888</run_address>
         <size>0x2b</size>
         <input_file_ref idref="fl-4"/>
      </object_component>
      <object_component id="oc-9a">
         <name>.text:__TI_auto_init_nobinit_nopinit</name>
         <load_address>0x88b3</load_address>
         <run_address>0x88b3</run_address>
         <size>0x2b</size>
         <input_file_ref idref="fl-23"/>
      </object_component>
      <object_component id="oc-8e">
         <name>.text</name>
         <load_address>0x88de</load_address>
         <run_address>0x88de</run_address>
         <size>0x29</size>
         <input_file_ref idref="fl-27"/>
      </object_component>
      <object_component id="oc-308">
         <name>.text:ADC_setOffsetTrimAll</name>
         <load_address>0x8907</load_address>
         <run_address>0x8907</run_address>
         <size>0x28</size>
         <input_file_ref idref="fl-10"/>
      </object_component>
      <object_component id="oc-216">
         <name>.text:SysCtl_setSyncInputConfig</name>
         <load_address>0x892f</load_address>
         <run_address>0x892f</run_address>
         <size>0x27</size>
         <input_file_ref idref="fl-2"/>
      </object_component>
      <object_component id="oc-2df">
         <name>.text:DCC_enableSingleShotMode</name>
         <load_address>0x8956</load_address>
         <run_address>0x8956</run_address>
         <size>0x24</size>
         <input_file_ref idref="fl-14"/>
      </object_component>
      <object_component id="oc-25b">
         <name>.text:EPWM_setCounterCompareValue</name>
         <load_address>0x897a</load_address>
         <run_address>0x897a</run_address>
         <size>0x22</size>
         <input_file_ref idref="fl-2"/>
      </object_component>
      <object_component id="oc-344">
         <name>.text:ADC_disableContinuousMode</name>
         <load_address>0x899c</load_address>
         <run_address>0x899c</run_address>
         <size>0x21</size>
         <input_file_ref idref="fl-2"/>
      </object_component>
      <object_component id="oc-34a">
         <name>.text:ADC_enableInterrupt</name>
         <load_address>0x89bd</load_address>
         <run_address>0x89bd</run_address>
         <size>0x20</size>
         <input_file_ref idref="fl-2"/>
      </object_component>
      <object_component id="oc-2a2">
         <name>.text:SysCtl_selectXTALSingleEnded</name>
         <load_address>0x89dd</load_address>
         <run_address>0x89dd</run_address>
         <size>0x20</size>
         <input_file_ref idref="fl-14"/>
      </object_component>
      <object_component id="oc-279">
         <name>.text:EPWM_setFallingEdgeDelayCountShadowLoadMode</name>
         <load_address>0x89fd</load_address>
         <run_address>0x89fd</run_address>
         <size>0x1f</size>
         <input_file_ref idref="fl-2"/>
      </object_component>
      <object_component id="oc-26d">
         <name>.text:EPWM_setRisingEdgeDelayCountShadowLoadMode</name>
         <load_address>0x8a1c</load_address>
         <run_address>0x8a1c</run_address>
         <size>0x1f</size>
         <input_file_ref idref="fl-2"/>
      </object_component>
      <object_component id="oc-ca">
         <name>.text:main</name>
         <load_address>0x8a3b</load_address>
         <run_address>0x8a3b</run_address>
         <size>0x1f</size>
         <input_file_ref idref="fl-4"/>
      </object_component>
      <object_component id="oc-2d3">
         <name>.text:DCC_setCounter1ClkSource</name>
         <load_address>0x8a5a</load_address>
         <run_address>0x8a5a</run_address>
         <size>0x1e</size>
         <input_file_ref idref="fl-14"/>
      </object_component>
      <object_component id="oc-255">
         <name>.text:EPWM_setPhaseShift</name>
         <load_address>0x8a78</load_address>
         <run_address>0x8a78</run_address>
         <size>0x1e</size>
         <input_file_ref idref="fl-2"/>
      </object_component>
      <object_component id="oc-27">
         <name>.text:Interrupt_initVectorTable</name>
         <load_address>0x8a96</load_address>
         <run_address>0x8a96</run_address>
         <size>0x1e</size>
         <input_file_ref idref="fl-13"/>
      </object_component>
      <object_component id="oc-192">
         <name>.text:PinMux_init</name>
         <load_address>0x8ab4</load_address>
         <run_address>0x8ab4</run_address>
         <size>0x1e</size>
         <input_file_ref idref="fl-2"/>
      </object_component>
      <object_component id="oc-198">
         <name>.text:SYNC_init</name>
         <load_address>0x8ad2</load_address>
         <run_address>0x8ad2</run_address>
         <size>0x1e</size>
         <input_file_ref idref="fl-2"/>
      </object_component>
      <object_component id="oc-40">
         <name>.text</name>
         <load_address>0x8af0</load_address>
         <run_address>0x8af0</run_address>
         <size>0x1d</size>
         <input_file_ref idref="fl-2c"/>
      </object_component>
      <object_component id="oc-326">
         <name>.text:ADC_setSOCPriority</name>
         <load_address>0x8b0d</load_address>
         <run_address>0x8b0d</run_address>
         <size>0x1c</size>
         <input_file_ref idref="fl-2"/>
      </object_component>
      <object_component id="oc-2cd">
         <name>.text:DCC_setCounter0ClkSource</name>
         <load_address>0x8b29</load_address>
         <run_address>0x8b29</run_address>
         <size>0x1c</size>
         <input_file_ref idref="fl-14"/>
      </object_component>
      <object_component id="oc-285">
         <name>.text:EPWM_enableADCTrigger</name>
         <load_address>0x8b45</load_address>
         <run_address>0x8b45</run_address>
         <size>0x1c</size>
         <input_file_ref idref="fl-2"/>
      </object_component>
      <object_component id="oc-237">
         <name>.text:EPWM_setClockPrescaler</name>
         <load_address>0x8b61</load_address>
         <run_address>0x8b61</run_address>
         <size>0x1c</size>
         <input_file_ref idref="fl-2"/>
      </object_component>
      <object_component id="oc-110">
         <name>.text:ADC_readResult</name>
         <load_address>0x8b7d</load_address>
         <run_address>0x8b7d</run_address>
         <size>0x1a</size>
         <input_file_ref idref="fl-4"/>
      </object_component>
      <object_component id="oc-158">
         <name>.text:SysCtl_getLowSpeedClock</name>
         <load_address>0x8b97</load_address>
         <run_address>0x8b97</run_address>
         <size>0x1a</size>
         <input_file_ref idref="fl-14"/>
      </object_component>
      <object_component id="oc-229">
         <name>.text:ASysCtl_setAnalogReferenceExternal</name>
         <load_address>0x8bb1</load_address>
         <run_address>0x8bb1</run_address>
         <size>0x18</size>
         <input_file_ref idref="fl-2"/>
      </object_component>
      <object_component id="oc-27f">
         <name>.text:EPWM_disableFallingEdgeDelayCountShadowLoadMode</name>
         <load_address>0x8bc9</load_address>
         <run_address>0x8bc9</run_address>
         <size>0x18</size>
         <input_file_ref idref="fl-2"/>
      </object_component>
      <object_component id="oc-273">
         <name>.text:EPWM_disableRisingEdgeDelayCountShadowLoadMode</name>
         <load_address>0x8be1</load_address>
         <run_address>0x8be1</run_address>
         <size>0x18</size>
         <input_file_ref idref="fl-2"/>
      </object_component>
      <object_component id="oc-389">
         <name>.text:ADC_isBaseValid</name>
         <load_address>0x8bf9</load_address>
         <run_address>0x8bf9</run_address>
         <size>0x17</size>
         <input_file_ref idref="fl-2"/>
      </object_component>
      <object_component id="oc-1eb">
         <name>.text:SysCtl_enablePeripheral</name>
         <load_address>0x8c10</load_address>
         <run_address>0x8c10</run_address>
         <size>0x17</size>
         <input_file_ref idref="fl-5"/>
      </object_component>
      <object_component id="oc-2a9">
         <name>.text:SysCtl_enablePeripheral</name>
         <load_address>0x8c27</load_address>
         <run_address>0x8c27</run_address>
         <size>0x17</size>
         <input_file_ref idref="fl-14"/>
      </object_component>
      <object_component id="oc-70">
         <name>.text</name>
         <load_address>0x8c3e</load_address>
         <run_address>0x8c3e</run_address>
         <size>0x17</size>
         <input_file_ref idref="fl-20"/>
      </object_component>
      <object_component id="oc-314">
         <name>.text:ADC_setInterruptPulseMode</name>
         <load_address>0x8c55</load_address>
         <run_address>0x8c55</run_address>
         <size>0x16</size>
         <input_file_ref idref="fl-2"/>
      </object_component>
      <object_component id="oc-30e">
         <name>.text:ADC_setPrescaler</name>
         <load_address>0x8c6b</load_address>
         <run_address>0x8c6b</run_address>
         <size>0x16</size>
         <input_file_ref idref="fl-2"/>
      </object_component>
      <object_component id="oc-2c7">
         <name>.text:DCC_disableDoneSignal</name>
         <load_address>0x8c81</load_address>
         <run_address>0x8c81</run_address>
         <size>0x16</size>
         <input_file_ref idref="fl-14"/>
      </object_component>
      <object_component id="oc-2eb">
         <name>.text:DCC_enableDoneSignal</name>
         <load_address>0x8c97</load_address>
         <run_address>0x8c97</run_address>
         <size>0x16</size>
         <input_file_ref idref="fl-14"/>
      </object_component>
      <object_component id="oc-25">
         <name>.text:Interrupt_defaultHandler</name>
         <load_address>0x8cad</load_address>
         <run_address>0x8cad</run_address>
         <size>0x16</size>
         <input_file_ref idref="fl-13"/>
      </object_component>
      <object_component id="oc-320">
         <name>.text:ADC_disableBurstMode</name>
         <load_address>0x8cc3</load_address>
         <run_address>0x8cc3</run_address>
         <size>0x15</size>
         <input_file_ref idref="fl-2"/>
      </object_component>
      <object_component id="oc-2b5">
         <name>.text:DCC_clearDoneFlag</name>
         <load_address>0x8cd8</load_address>
         <run_address>0x8cd8</run_address>
         <size>0x15</size>
         <input_file_ref idref="fl-14"/>
      </object_component>
      <object_component id="oc-2af">
         <name>.text:DCC_clearErrorFlag</name>
         <load_address>0x8ced</load_address>
         <run_address>0x8ced</run_address>
         <size>0x15</size>
         <input_file_ref idref="fl-14"/>
      </object_component>
      <object_component id="oc-2c1">
         <name>.text:DCC_disableErrorSignal</name>
         <load_address>0x8d02</load_address>
         <run_address>0x8d02</run_address>
         <size>0x15</size>
         <input_file_ref idref="fl-14"/>
      </object_component>
      <object_component id="oc-2e5">
         <name>.text:DCC_enableErrorSignal</name>
         <load_address>0x8d17</load_address>
         <run_address>0x8d17</run_address>
         <size>0x15</size>
         <input_file_ref idref="fl-14"/>
      </object_component>
      <object_component id="oc-184">
         <name>.text:GPIO_unlockPortConfig</name>
         <load_address>0x8d2c</load_address>
         <run_address>0x8d2c</run_address>
         <size>0x15</size>
         <input_file_ref idref="fl-5"/>
      </object_component>
      <object_component id="oc-33e">
         <name>.text:ADC_clearInterruptStatus</name>
         <load_address>0x8d41</load_address>
         <run_address>0x8d41</run_address>
         <size>0x14</size>
         <input_file_ref idref="fl-2"/>
      </object_component>
      <object_component id="oc-2bb">
         <name>.text:DCC_disableModule</name>
         <load_address>0x8d55</load_address>
         <run_address>0x8d55</run_address>
         <size>0x14</size>
         <input_file_ref idref="fl-14"/>
      </object_component>
      <object_component id="oc-2f1">
         <name>.text:DCC_enableModule</name>
         <load_address>0x8d69</load_address>
         <run_address>0x8d69</run_address>
         <size>0x14</size>
         <input_file_ref idref="fl-14"/>
      </object_component>
      <object_component id="oc-249">
         <name>.text:EPWM_setTimeBaseCounterMode</name>
         <load_address>0x8d7d</load_address>
         <run_address>0x8d7d</run_address>
         <size>0x14</size>
         <input_file_ref idref="fl-2"/>
      </object_component>
      <object_component id="oc-23d">
         <name>.text:EPWM_setTimeBasePeriod</name>
         <load_address>0x8d91</load_address>
         <run_address>0x8d91</run_address>
         <size>0x14</size>
         <input_file_ref idref="fl-2"/>
      </object_component>
      <object_component id="oc-1f3">
         <name>.text:GPIO_isPinValid</name>
         <load_address>0x8da5</load_address>
         <run_address>0x8da5</run_address>
         <size>0x14</size>
         <input_file_ref idref="fl-12"/>
      </object_component>
      <object_component id="oc-15e">
         <name>.text:SysCtl_deviceCal</name>
         <load_address>0x8db9</load_address>
         <run_address>0x8db9</run_address>
         <size>0x14</size>
         <input_file_ref idref="fl-5"/>
      </object_component>
      <object_component id="oc-31a">
         <name>.text:ADC_enableConverter</name>
         <load_address>0x8dcd</load_address>
         <run_address>0x8dcd</run_address>
         <size>0x13</size>
         <input_file_ref idref="fl-2"/>
      </object_component>
      <object_component id="oc-243">
         <name>.text:EPWM_setTimeBaseCounter</name>
         <load_address>0x8de0</load_address>
         <run_address>0x8de0</run_address>
         <size>0x12</size>
         <input_file_ref idref="fl-2"/>
      </object_component>
      <object_component id="oc-210">
         <name>.text:SysCtl_setSyncOutputConfig</name>
         <load_address>0x8df2</load_address>
         <run_address>0x8df2</run_address>
         <size>0x12</size>
         <input_file_ref idref="fl-2"/>
      </object_component>
      <object_component id="oc-24f">
         <name>.text:EPWM_disablePhaseShiftLoad</name>
         <load_address>0x8e04</load_address>
         <run_address>0x8e04</run_address>
         <size>0x11</size>
         <input_file_ref idref="fl-2"/>
      </object_component>
      <object_component id="oc-375">
         <name>.text:DCC_isBaseValid</name>
         <load_address>0x8e15</load_address>
         <run_address>0x8e15</run_address>
         <size>0x10</size>
         <input_file_ref idref="fl-14"/>
      </object_component>
      <object_component id="oc-f8">
         <name>.text:Device_initGPIO</name>
         <load_address>0x8e25</load_address>
         <run_address>0x8e25</run_address>
         <size>0x10</size>
         <input_file_ref idref="fl-5"/>
      </object_component>
      <object_component id="oc-116">
         <name>.text:EPWM_getTimeBaseCounterValue</name>
         <load_address>0x8e35</load_address>
         <run_address>0x8e35</run_address>
         <size>0x10</size>
         <input_file_ref idref="fl-4"/>
      </object_component>
      <object_component id="oc-16a">
         <name>.text:ASysCtl_disableDCDC</name>
         <load_address>0x8e45</load_address>
         <run_address>0x8e45</run_address>
         <size>0xf</size>
         <input_file_ref idref="fl-5"/>
      </object_component>
      <object_component id="oc-104">
         <name>.text:Board_init</name>
         <load_address>0x8e54</load_address>
         <run_address>0x8e54</run_address>
         <size>0xd</size>
         <input_file_ref idref="fl-2"/>
      </object_component>
      <object_component id="oc-18b">
         <name>.text:Interrupt_disableGlobal</name>
         <load_address>0x8e61</load_address>
         <run_address>0x8e61</run_address>
         <size>0xd</size>
         <input_file_ref idref="fl-13"/>
      </object_component>
      <object_component id="oc-145">
         <name>.text:SysCtl_setLowSpeedClock</name>
         <load_address>0x8e6e</load_address>
         <run_address>0x8e6e</run_address>
         <size>0xd</size>
         <input_file_ref idref="fl-5"/>
      </object_component>
      <object_component id="oc-48">
         <name>.text:decompress:ZI:__TI_zero_init_nomemset</name>
         <load_address>0x8e7b</load_address>
         <run_address>0x8e7b</run_address>
         <size>0xd</size>
         <input_file_ref idref="fl-24"/>
      </object_component>
      <object_component id="oc-21c">
         <name>.text:SysCtl_enableExtADCSOCSource</name>
         <load_address>0x8e88</load_address>
         <run_address>0x8e88</run_address>
         <size>0xc</size>
         <input_file_ref idref="fl-2"/>
      </object_component>
      <object_component id="oc-88">
         <name>.text</name>
         <load_address>0x8e94</load_address>
         <run_address>0x8e94</run_address>
         <size>0xc</size>
         <input_file_ref idref="fl-29"/>
      </object_component>
      <object_component id="oc-1d1">
         <name>.text:SysCtl_isMCDClockFailureDetected</name>
         <load_address>0x8ea0</load_address>
         <run_address>0x8ea0</run_address>
         <size>0xb</size>
         <input_file_ref idref="fl-14"/>
      </object_component>
      <object_component id="oc-31">
         <name>.text:Interrupt_illegalOperationHandler</name>
         <load_address>0x8eab</load_address>
         <run_address>0x8eab</run_address>
         <size>0xa</size>
         <input_file_ref idref="fl-13"/>
      </object_component>
      <object_component id="oc-37">
         <name>.text:Interrupt_nmiHandler</name>
         <load_address>0x8eb5</load_address>
         <run_address>0x8eb5</run_address>
         <size>0xa</size>
         <input_file_ref idref="fl-13"/>
      </object_component>
      <object_component id="oc-126">
         <name>.text</name>
         <load_address>0x8ebf</load_address>
         <run_address>0x8ebf</run_address>
         <size>0x9</size>
         <input_file_ref idref="fl-28"/>
      </object_component>
      <object_component id="oc-139">
         <name>.text:SysCtl_disableWatchdog</name>
         <load_address>0x8ec8</load_address>
         <run_address>0x8ec8</run_address>
         <size>0x8</size>
         <input_file_ref idref="fl-5"/>
      </object_component>
      <object_component id="oc-19">
         <name>.text:decompress:none</name>
         <load_address>0x8ed0</load_address>
         <run_address>0x8ed0</run_address>
         <size>0x8</size>
         <input_file_ref idref="fl-25"/>
      </object_component>
      <object_component id="oc-54">
         <name>.text</name>
         <load_address>0x8ed8</load_address>
         <run_address>0x8ed8</run_address>
         <size>0x8</size>
         <input_file_ref idref="fl-6"/>
      </object_component>
      <object_component id="oc-223">
         <name>.text:ASysCtl_disableTemperatureSensor</name>
         <load_address>0x8ee0</load_address>
         <run_address>0x8ee0</run_address>
         <size>0x7</size>
         <input_file_ref idref="fl-2"/>
      </object_component>
      <object_component id="oc-36c">
         <name>.text:SysCtl_resetMCD</name>
         <load_address>0x8ee7</load_address>
         <run_address>0x8ee7</run_address>
         <size>0x7</size>
         <input_file_ref idref="fl-14"/>
      </object_component>
      <object_component id="oc-152">
         <name>.text:__error__</name>
         <load_address>0x8eee</load_address>
         <run_address>0x8eee</run_address>
         <size>0x7</size>
         <input_file_ref idref="fl-5"/>
      </object_component>
      <object_component id="oc-19e">
         <name>.text:ASYSCTL_init</name>
         <load_address>0x8ef5</load_address>
         <run_address>0x8ef5</run_address>
         <size>0x6</size>
         <input_file_ref idref="fl-2"/>
      </object_component>
      <object_component id="oc-1a4">
         <name>.text:ADC_init</name>
         <load_address>0x8efb</load_address>
         <run_address>0x8efb</run_address>
         <size>0x3</size>
         <input_file_ref idref="fl-2"/>
      </object_component>
      <object_component id="oc-81">
         <name>.text</name>
         <load_address>0x8efe</load_address>
         <run_address>0x8efe</run_address>
         <size>0x2</size>
         <input_file_ref idref="fl-22"/>
      </object_component>
      <object_component id="oc-dd">
         <name>.text</name>
         <load_address>0x8f00</load_address>
         <run_address>0x8f00</run_address>
         <size>0x1</size>
         <input_file_ref idref="fl-2d"/>
      </object_component>
      <object_component id="oc-3cb">
         <name>.cinit..data.load</name>
         <load_address>0xfa</load_address>
         <run_address>0xfa</run_address>
         <size>0x8</size>
      </object_component>
      <object_component id="oc-3c8">
         <name>__TI_handler_table</name>
         <load_address>0x102</load_address>
         <run_address>0x102</run_address>
         <size>0x6</size>
      </object_component>
      <object_component id="oc-3ca">
         <name>.cinit..bss.load</name>
         <load_address>0x108</load_address>
         <run_address>0x108</run_address>
         <size>0x4</size>
      </object_component>
      <object_component id="oc-3c9">
         <name>__TI_cinit_table</name>
         <load_address>0x10c</load_address>
         <run_address>0x10c</run_address>
         <size>0x8</size>
      </object_component>
      <object_component id="oc-3d">
         <name>.stack</name>
         <uninitialized>true</uninitialized>
         <run_address>0x400</run_address>
         <size>0x0</size>
         <input_file_ref idref="fl-20"/>
      </object_component>
      <object_component id="oc-3cc">
         <name>.stack</name>
         <uninitialized>true</uninitialized>
         <run_address>0x400</run_address>
         <size>0x0</size>
      </object_component>
      <object_component id="oc-11c">
         <name>.bss</name>
         <uninitialized>true</uninitialized>
         <run_address>0xaaee</run_address>
         <size>0x2</size>
         <input_file_ref idref="fl-4"/>
      </object_component>
      <object_component id="oc-306">
         <name>.const:.string</name>
         <load_address>0xa800</load_address>
         <run_address>0xa800</run_address>
         <size>0xd0</size>
         <input_file_ref idref="fl-2"/>
      </object_component>
      <object_component id="oc-1d0">
         <name>.const:.string</name>
         <load_address>0xa8d0</load_address>
         <run_address>0xa8d0</run_address>
         <size>0x9a</size>
         <input_file_ref idref="fl-14"/>
      </object_component>
      <object_component id="oc-1f9">
         <name>.const:.string</name>
         <load_address>0xa96a</load_address>
         <run_address>0xa96a</run_address>
         <size>0x98</size>
         <input_file_ref idref="fl-12"/>
      </object_component>
      <object_component id="oc-1b4">
         <name>.const:.string</name>
         <load_address>0xaa02</load_address>
         <run_address>0xaa02</run_address>
         <size>0x88</size>
         <input_file_ref idref="fl-4"/>
      </object_component>
      <object_component id="oc-151">
         <name>.const:.string</name>
         <load_address>0xaa8a</load_address>
         <run_address>0xaa8a</run_address>
         <size>0x59</size>
         <input_file_ref idref="fl-5"/>
      </object_component>
      <object_component id="oc-d2">
         <name>.data</name>
         <load_address>0xaae4</load_address>
         <run_address>0xaae4</run_address>
         <size>0x6</size>
         <input_file_ref idref="fl-27"/>
      </object_component>
      <object_component id="oc-d5">
         <name>.data:_lock</name>
         <load_address>0xaaea</load_address>
         <run_address>0xaaea</run_address>
         <size>0x2</size>
         <input_file_ref idref="fl-28"/>
      </object_component>
      <object_component id="oc-1c2">
         <name>.data:_unlock</name>
         <load_address>0xaaec</load_address>
         <run_address>0xaaec</run_address>
         <size>0x2</size>
         <input_file_ref idref="fl-28"/>
      </object_component>
      <object_component id="oc-1b1">
         <name>.debug_types</name>
         <load_address>0x0</load_address>
         <run_address>0x0</run_address>
         <size>0x22fb</size>
         <input_file_ref idref="fl-2"/>
      </object_component>
      <object_component id="oc-1b3">
         <name>.debug_types</name>
         <load_address>0x0</load_address>
         <run_address>0x0</run_address>
         <size>0x0</size>
         <input_file_ref idref="fl-3"/>
      </object_component>
      <object_component id="oc-120">
         <name>.debug_types</name>
         <load_address>0x0</load_address>
         <run_address>0x0</run_address>
         <size>0x0</size>
         <input_file_ref idref="fl-4"/>
      </object_component>
      <object_component id="oc-183">
         <name>.debug_types</name>
         <load_address>0x22fb</load_address>
         <run_address>0x22fb</run_address>
         <size>0xcd2</size>
         <input_file_ref idref="fl-5"/>
      </object_component>
      <object_component id="oc-388">
         <name>.debug_types</name>
         <load_address>0x2fcd</load_address>
         <run_address>0x2fcd</run_address>
         <size>0x151</size>
         <input_file_ref idref="fl-10"/>
      </object_component>
      <object_component id="oc-1fb">
         <name>.debug_types</name>
         <load_address>0x311e</load_address>
         <run_address>0x311e</run_address>
         <size>0x2e2</size>
         <input_file_ref idref="fl-12"/>
      </object_component>
      <object_component id="oc-5b">
         <name>.debug_types</name>
         <load_address>0x0</load_address>
         <run_address>0x0</run_address>
         <size>0x0</size>
         <input_file_ref idref="fl-13"/>
      </object_component>
      <object_component id="oc-1e5">
         <name>.debug_types</name>
         <load_address>0x3400</load_address>
         <run_address>0x3400</run_address>
         <size>0x1d4</size>
         <input_file_ref idref="fl-14"/>
      </object_component>
      <object_component id="oc-99">
         <name>.debug_types</name>
         <load_address>0x0</load_address>
         <run_address>0x0</run_address>
         <size>0x0</size>
         <input_file_ref idref="fl-22"/>
      </object_component>
      <object_component id="oc-e4">
         <name>.debug_types</name>
         <load_address>0x35d4</load_address>
         <run_address>0x35d4</run_address>
         <size>0x4e8</size>
         <input_file_ref idref="fl-23"/>
      </object_component>
      <object_component id="oc-68">
         <name>.debug_types</name>
         <load_address>0x3abc</load_address>
         <run_address>0x3abc</run_address>
         <size>0x1f3</size>
         <input_file_ref idref="fl-24"/>
      </object_component>
      <object_component id="oc-47">
         <name>.debug_types</name>
         <load_address>0x0</load_address>
         <run_address>0x0</run_address>
         <size>0x0</size>
         <input_file_ref idref="fl-25"/>
      </object_component>
      <object_component id="oc-3f">
         <name>.debug_types</name>
         <load_address>0x3caf</load_address>
         <run_address>0x3caf</run_address>
         <size>0x191</size>
         <input_file_ref idref="fl-26"/>
      </object_component>
      <object_component id="oc-d9">
         <name>.debug_types</name>
         <load_address>0x3e40</load_address>
         <run_address>0x3e40</run_address>
         <size>0xbf</size>
         <input_file_ref idref="fl-27"/>
      </object_component>
      <object_component id="oc-12e">
         <name>.debug_types</name>
         <load_address>0x3eff</load_address>
         <run_address>0x3eff</run_address>
         <size>0x2f</size>
         <input_file_ref idref="fl-28"/>
      </object_component>
      <object_component id="oc-d1">
         <name>.debug_types</name>
         <load_address>0x3f2e</load_address>
         <run_address>0x3f2e</run_address>
         <size>0xe1</size>
         <input_file_ref idref="fl-29"/>
      </object_component>
      <object_component id="oc-63">
         <name>.debug_types</name>
         <load_address>0x400f</load_address>
         <run_address>0x400f</run_address>
         <size>0xb8</size>
         <input_file_ref idref="fl-2c"/>
      </object_component>
      <object_component id="oc-133">
         <name>.debug_types</name>
         <load_address>0x0</load_address>
         <run_address>0x0</run_address>
         <size>0x0</size>
         <input_file_ref idref="fl-2d"/>
      </object_component>
      <object_component id="oc-38a">
         <name>.debug_info</name>
         <load_address>0x0</load_address>
         <run_address>0x0</run_address>
         <size>0x184</size>
         <input_file_ref idref="fl-2"/>
      </object_component>
      <object_component id="oc-30f">
         <name>.debug_info</name>
         <load_address>0x184</load_address>
         <run_address>0x184</run_address>
         <size>0x1d1</size>
         <input_file_ref idref="fl-2"/>
      </object_component>
      <object_component id="oc-32d">
         <name>.debug_info</name>
         <load_address>0x355</load_address>
         <run_address>0x355</run_address>
         <size>0x23f</size>
         <input_file_ref idref="fl-2"/>
      </object_component>
      <object_component id="oc-333">
         <name>.debug_info</name>
         <load_address>0x594</load_address>
         <run_address>0x594</run_address>
         <size>0x21d</size>
         <input_file_ref idref="fl-2"/>
      </object_component>
      <object_component id="oc-315">
         <name>.debug_info</name>
         <load_address>0x7b1</load_address>
         <run_address>0x7b1</run_address>
         <size>0x1df</size>
         <input_file_ref idref="fl-2"/>
      </object_component>
      <object_component id="oc-31b">
         <name>.debug_info</name>
         <load_address>0x990</load_address>
         <run_address>0x990</run_address>
         <size>0x1a8</size>
         <input_file_ref idref="fl-2"/>
      </object_component>
      <object_component id="oc-33f">
         <name>.debug_info</name>
         <load_address>0xb38</load_address>
         <run_address>0xb38</run_address>
         <size>0x1dd</size>
         <input_file_ref idref="fl-2"/>
      </object_component>
      <object_component id="oc-321">
         <name>.debug_info</name>
         <load_address>0xd15</load_address>
         <run_address>0xd15</run_address>
         <size>0x1aa</size>
         <input_file_ref idref="fl-2"/>
      </object_component>
      <object_component id="oc-327">
         <name>.debug_info</name>
         <load_address>0xebf</load_address>
         <run_address>0xebf</run_address>
         <size>0x1cd</size>
         <input_file_ref idref="fl-2"/>
      </object_component>
      <object_component id="oc-34b">
         <name>.debug_info</name>
         <load_address>0x108c</load_address>
         <run_address>0x108c</run_address>
         <size>0x1ff</size>
         <input_file_ref idref="fl-2"/>
      </object_component>
      <object_component id="oc-339">
         <name>.debug_info</name>
         <load_address>0x128b</load_address>
         <run_address>0x128b</run_address>
         <size>0x241</size>
         <input_file_ref idref="fl-2"/>
      </object_component>
      <object_component id="oc-345">
         <name>.debug_info</name>
         <load_address>0x14cc</load_address>
         <run_address>0x14cc</run_address>
         <size>0x20b</size>
         <input_file_ref idref="fl-2"/>
      </object_component>
      <object_component id="oc-217">
         <name>.debug_info</name>
         <load_address>0x16d7</load_address>
         <run_address>0x16d7</run_address>
         <size>0x1da</size>
         <input_file_ref idref="fl-2"/>
      </object_component>
      <object_component id="oc-211">
         <name>.debug_info</name>
         <load_address>0x18b1</load_address>
         <run_address>0x18b1</run_address>
         <size>0x19b</size>
         <input_file_ref idref="fl-2"/>
      </object_component>
      <object_component id="oc-21d">
         <name>.debug_info</name>
         <load_address>0x1a4c</load_address>
         <run_address>0x1a4c</run_address>
         <size>0x1a3</size>
         <input_file_ref idref="fl-2"/>
      </object_component>
      <object_component id="oc-224">
         <name>.debug_info</name>
         <load_address>0x1bef</load_address>
         <run_address>0x1bef</run_address>
         <size>0x17f</size>
         <input_file_ref idref="fl-2"/>
      </object_component>
      <object_component id="oc-22a">
         <name>.debug_info</name>
         <load_address>0x1d6e</load_address>
         <run_address>0x1d6e</run_address>
         <size>0x1be</size>
         <input_file_ref idref="fl-2"/>
      </object_component>
      <object_component id="oc-352">
         <name>.debug_info</name>
         <load_address>0x1f2c</load_address>
         <run_address>0x1f2c</run_address>
         <size>0x187</size>
         <input_file_ref idref="fl-2"/>
      </object_component>
      <object_component id="oc-244">
         <name>.debug_info</name>
         <load_address>0x20b3</load_address>
         <run_address>0x20b3</run_address>
         <size>0x1d5</size>
         <input_file_ref idref="fl-2"/>
      </object_component>
      <object_component id="oc-238">
         <name>.debug_info</name>
         <load_address>0x2288</load_address>
         <run_address>0x2288</run_address>
         <size>0x218</size>
         <input_file_ref idref="fl-2"/>
      </object_component>
      <object_component id="oc-250">
         <name>.debug_info</name>
         <load_address>0x24a0</load_address>
         <run_address>0x24a0</run_address>
         <size>0x1b8</size>
         <input_file_ref idref="fl-2"/>
      </object_component>
      <object_component id="oc-24a">
         <name>.debug_info</name>
         <load_address>0x2658</load_address>
         <run_address>0x2658</run_address>
         <size>0x1e9</size>
         <input_file_ref idref="fl-2"/>
      </object_component>
      <object_component id="oc-256">
         <name>.debug_info</name>
         <load_address>0x2841</load_address>
         <run_address>0x2841</run_address>
         <size>0x1d5</size>
         <input_file_ref idref="fl-2"/>
      </object_component>
      <object_component id="oc-23e">
         <name>.debug_info</name>
         <load_address>0x2a16</load_address>
         <run_address>0x2a16</run_address>
         <size>0x1df</size>
         <input_file_ref idref="fl-2"/>
      </object_component>
      <object_component id="oc-262">
         <name>.debug_info</name>
         <load_address>0x2bf5</load_address>
         <run_address>0x2bf5</run_address>
         <size>0x290</size>
         <input_file_ref idref="fl-2"/>
      </object_component>
      <object_component id="oc-25c">
         <name>.debug_info</name>
         <load_address>0x2e85</load_address>
         <run_address>0x2e85</run_address>
         <size>0x22d</size>
         <input_file_ref idref="fl-2"/>
      </object_component>
      <object_component id="oc-268">
         <name>.debug_info</name>
         <load_address>0x30b2</load_address>
         <run_address>0x30b2</run_address>
         <size>0x259</size>
         <input_file_ref idref="fl-2"/>
      </object_component>
      <object_component id="oc-26e">
         <name>.debug_info</name>
         <load_address>0x330b</load_address>
         <run_address>0x330b</run_address>
         <size>0x201</size>
         <input_file_ref idref="fl-2"/>
      </object_component>
      <object_component id="oc-274">
         <name>.debug_info</name>
         <load_address>0x350c</load_address>
         <run_address>0x350c</run_address>
         <size>0x1e0</size>
         <input_file_ref idref="fl-2"/>
      </object_component>
      <object_component id="oc-27a">
         <name>.debug_info</name>
         <load_address>0x36ec</load_address>
         <run_address>0x36ec</run_address>
         <size>0x203</size>
         <input_file_ref idref="fl-2"/>
      </object_component>
      <object_component id="oc-280">
         <name>.debug_info</name>
         <load_address>0x38ef</load_address>
         <run_address>0x38ef</run_address>
         <size>0x1e2</size>
         <input_file_ref idref="fl-2"/>
      </object_component>
      <object_component id="oc-286">
         <name>.debug_info</name>
         <load_address>0x3ad1</load_address>
         <run_address>0x3ad1</run_address>
         <size>0x1db</size>
         <input_file_ref idref="fl-2"/>
      </object_component>
      <object_component id="oc-28d">
         <name>.debug_info</name>
         <load_address>0x3cac</load_address>
         <run_address>0x3cac</run_address>
         <size>0x21f</size>
         <input_file_ref idref="fl-2"/>
      </object_component>
      <object_component id="oc-106">
         <name>.debug_info</name>
         <load_address>0x3ecb</load_address>
         <run_address>0x3ecb</run_address>
         <size>0x16a</size>
         <input_file_ref idref="fl-2"/>
      </object_component>
      <object_component id="oc-193">
         <name>.debug_info</name>
         <load_address>0x4035</load_address>
         <run_address>0x4035</run_address>
         <size>0x1b7</size>
         <input_file_ref idref="fl-2"/>
      </object_component>
      <object_component id="oc-1a5">
         <name>.debug_info</name>
         <load_address>0x41ec</load_address>
         <run_address>0x41ec</run_address>
         <size>0x128</size>
         <input_file_ref idref="fl-2"/>
      </object_component>
      <object_component id="oc-231">
         <name>.debug_info</name>
         <load_address>0x4314</load_address>
         <run_address>0x4314</run_address>
         <size>0x26d</size>
         <input_file_ref idref="fl-2"/>
      </object_component>
      <object_component id="oc-19f">
         <name>.debug_info</name>
         <load_address>0x4581</load_address>
         <run_address>0x4581</run_address>
         <size>0x16d</size>
         <input_file_ref idref="fl-2"/>
      </object_component>
      <object_component id="oc-1ac">
         <name>.debug_info</name>
         <load_address>0x46ee</load_address>
         <run_address>0x46ee</run_address>
         <size>0x504</size>
         <input_file_ref idref="fl-2"/>
      </object_component>
      <object_component id="oc-199">
         <name>.debug_info</name>
         <load_address>0x4bf2</load_address>
         <run_address>0x4bf2</run_address>
         <size>0x218</size>
         <input_file_ref idref="fl-2"/>
      </object_component>
      <object_component id="oc-10e">
         <name>.debug_info</name>
         <load_address>0x4e0a</load_address>
         <run_address>0x4e0a</run_address>
         <size>0x153</size>
         <input_file_ref idref="fl-3"/>
      </object_component>
      <object_component id="oc-11d">
         <name>.debug_info</name>
         <load_address>0x4f5d</load_address>
         <run_address>0x4f5d</run_address>
         <size>0x124</size>
         <input_file_ref idref="fl-4"/>
      </object_component>
      <object_component id="oc-111">
         <name>.debug_info</name>
         <load_address>0x5081</load_address>
         <run_address>0x5081</run_address>
         <size>0x1d3</size>
         <input_file_ref idref="fl-4"/>
      </object_component>
      <object_component id="oc-1b7">
         <name>.debug_info</name>
         <load_address>0x5254</load_address>
         <run_address>0x5254</run_address>
         <size>0x192</size>
         <input_file_ref idref="fl-4"/>
      </object_component>
      <object_component id="oc-117">
         <name>.debug_info</name>
         <load_address>0x53e6</load_address>
         <run_address>0x53e6</run_address>
         <size>0x1cf</size>
         <input_file_ref idref="fl-4"/>
      </object_component>
      <object_component id="oc-cc">
         <name>.debug_info</name>
         <load_address>0x55b5</load_address>
         <run_address>0x55b5</run_address>
         <size>0x1e3</size>
         <input_file_ref idref="fl-4"/>
      </object_component>
      <object_component id="oc-162">
         <name>.debug_info</name>
         <load_address>0x5798</load_address>
         <run_address>0x5798</run_address>
         <size>0x169</size>
         <input_file_ref idref="fl-5"/>
      </object_component>
      <object_component id="oc-1ef">
         <name>.debug_info</name>
         <load_address>0x5901</load_address>
         <run_address>0x5901</run_address>
         <size>0x1c9</size>
         <input_file_ref idref="fl-5"/>
      </object_component>
      <object_component id="oc-149">
         <name>.debug_info</name>
         <load_address>0x5aca</load_address>
         <run_address>0x5aca</run_address>
         <size>0x19d</size>
         <input_file_ref idref="fl-5"/>
      </object_component>
      <object_component id="oc-13d">
         <name>.debug_info</name>
         <load_address>0x5c67</load_address>
         <run_address>0x5c67</run_address>
         <size>0x170</size>
         <input_file_ref idref="fl-5"/>
      </object_component>
      <object_component id="oc-16e">
         <name>.debug_info</name>
         <load_address>0x5dd7</load_address>
         <run_address>0x5dd7</run_address>
         <size>0x17d</size>
         <input_file_ref idref="fl-5"/>
      </object_component>
      <object_component id="oc-188">
         <name>.debug_info</name>
         <load_address>0x5f54</load_address>
         <run_address>0x5f54</run_address>
         <size>0x1cc</size>
         <input_file_ref idref="fl-5"/>
      </object_component>
      <object_component id="oc-f6">
         <name>.debug_info</name>
         <load_address>0x6120</load_address>
         <run_address>0x6120</run_address>
         <size>0x2a7</size>
         <input_file_ref idref="fl-5"/>
      </object_component>
      <object_component id="oc-168">
         <name>.debug_info</name>
         <load_address>0x63c7</load_address>
         <run_address>0x63c7</run_address>
         <size>0x811</size>
         <input_file_ref idref="fl-5"/>
      </object_component>
      <object_component id="oc-fb">
         <name>.debug_info</name>
         <load_address>0x6bd8</load_address>
         <run_address>0x6bd8</run_address>
         <size>0x17f</size>
         <input_file_ref idref="fl-5"/>
      </object_component>
      <object_component id="oc-153">
         <name>.debug_info</name>
         <load_address>0x6d57</load_address>
         <run_address>0x6d57</run_address>
         <size>0x16d</size>
         <input_file_ref idref="fl-5"/>
      </object_component>
      <object_component id="oc-23">
         <name>.debug_info</name>
         <load_address>0x6ec4</load_address>
         <run_address>0x6ec4</run_address>
         <size>0x120</size>
         <input_file_ref idref="fl-6"/>
      </object_component>
      <object_component id="oc-55">
         <name>.debug_info</name>
         <load_address>0x6fe4</load_address>
         <run_address>0x6fe4</run_address>
         <size>0x121</size>
         <input_file_ref idref="fl-6"/>
      </object_component>
      <object_component id="oc-30a">
         <name>.debug_info</name>
         <load_address>0x7105</load_address>
         <run_address>0x7105</run_address>
         <size>0x234</size>
         <input_file_ref idref="fl-10"/>
      </object_component>
      <object_component id="oc-1f4">
         <name>.debug_info</name>
         <load_address>0x7339</load_address>
         <run_address>0x7339</run_address>
         <size>0x1cf</size>
         <input_file_ref idref="fl-12"/>
      </object_component>
      <object_component id="oc-177">
         <name>.debug_info</name>
         <load_address>0x7508</load_address>
         <run_address>0x7508</run_address>
         <size>0x247</size>
         <input_file_ref idref="fl-12"/>
      </object_component>
      <object_component id="oc-171">
         <name>.debug_info</name>
         <load_address>0x774f</load_address>
         <run_address>0x774f</run_address>
         <size>0x230</size>
         <input_file_ref idref="fl-12"/>
      </object_component>
      <object_component id="oc-20a">
         <name>.debug_info</name>
         <load_address>0x797f</load_address>
         <run_address>0x797f</run_address>
         <size>0x278</size>
         <input_file_ref idref="fl-12"/>
      </object_component>
      <object_component id="oc-17d">
         <name>.debug_info</name>
         <load_address>0x7bf7</load_address>
         <run_address>0x7bf7</run_address>
         <size>0x22c</size>
         <input_file_ref idref="fl-12"/>
      </object_component>
      <object_component id="oc-204">
         <name>.debug_info</name>
         <load_address>0x7e23</load_address>
         <run_address>0x7e23</run_address>
         <size>0x219</size>
         <input_file_ref idref="fl-12"/>
      </object_component>
      <object_component id="oc-18c">
         <name>.debug_info</name>
         <load_address>0x803c</load_address>
         <run_address>0x803c</run_address>
         <size>0x1ca</size>
         <input_file_ref idref="fl-13"/>
      </object_component>
      <object_component id="oc-100">
         <name>.debug_info</name>
         <load_address>0x8206</load_address>
         <run_address>0x8206</run_address>
         <size>0x1d9</size>
         <input_file_ref idref="fl-13"/>
      </object_component>
      <object_component id="oc-2d">
         <name>.debug_info</name>
         <load_address>0x83df</load_address>
         <run_address>0x83df</run_address>
         <size>0x1e6</size>
         <input_file_ref idref="fl-13"/>
      </object_component>
      <object_component id="oc-32">
         <name>.debug_info</name>
         <load_address>0x85c5</load_address>
         <run_address>0x85c5</run_address>
         <size>0x1cc</size>
         <input_file_ref idref="fl-13"/>
      </object_component>
      <object_component id="oc-38">
         <name>.debug_info</name>
         <load_address>0x8791</load_address>
         <run_address>0x8791</run_address>
         <size>0x1b2</size>
         <input_file_ref idref="fl-13"/>
      </object_component>
      <object_component id="oc-28">
         <name>.debug_info</name>
         <load_address>0x8943</load_address>
         <run_address>0x8943</run_address>
         <size>0x1d6</size>
         <input_file_ref idref="fl-13"/>
      </object_component>
      <object_component id="oc-2ab">
         <name>.debug_info</name>
         <load_address>0x8b19</load_address>
         <run_address>0x8b19</run_address>
         <size>0x215</size>
         <input_file_ref idref="fl-14"/>
      </object_component>
      <object_component id="oc-1d5">
         <name>.debug_info</name>
         <load_address>0x8d2e</load_address>
         <run_address>0x8d2e</run_address>
         <size>0x1d8</size>
         <input_file_ref idref="fl-14"/>
      </object_component>
      <object_component id="oc-36f">
         <name>.debug_info</name>
         <load_address>0x8f06</load_address>
         <run_address>0x8f06</run_address>
         <size>0x1ae</size>
         <input_file_ref idref="fl-14"/>
      </object_component>
      <object_component id="oc-378">
         <name>.debug_info</name>
         <load_address>0x90b4</load_address>
         <run_address>0x90b4</run_address>
         <size>0x1d2</size>
         <input_file_ref idref="fl-14"/>
      </object_component>
      <object_component id="oc-2f5">
         <name>.debug_info</name>
         <load_address>0x9286</load_address>
         <run_address>0x9286</run_address>
         <size>0x1f0</size>
         <input_file_ref idref="fl-14"/>
      </object_component>
      <object_component id="oc-2be">
         <name>.debug_info</name>
         <load_address>0x9476</load_address>
         <run_address>0x9476</run_address>
         <size>0x1f2</size>
         <input_file_ref idref="fl-14"/>
      </object_component>
      <object_component id="oc-2e8">
         <name>.debug_info</name>
         <load_address>0x9668</load_address>
         <run_address>0x9668</run_address>
         <size>0x1fc</size>
         <input_file_ref idref="fl-14"/>
      </object_component>
      <object_component id="oc-2ee">
         <name>.debug_info</name>
         <load_address>0x9864</load_address>
         <run_address>0x9864</run_address>
         <size>0x1fa</size>
         <input_file_ref idref="fl-14"/>
      </object_component>
      <object_component id="oc-2c4">
         <name>.debug_info</name>
         <load_address>0x9a5e</load_address>
         <run_address>0x9a5e</run_address>
         <size>0x1fe</size>
         <input_file_ref idref="fl-14"/>
      </object_component>
      <object_component id="oc-2ca">
         <name>.debug_info</name>
         <load_address>0x9c5c</load_address>
         <run_address>0x9c5c</run_address>
         <size>0x1fc</size>
         <input_file_ref idref="fl-14"/>
      </object_component>
      <object_component id="oc-2e3">
         <name>.debug_info</name>
         <load_address>0x9e58</load_address>
         <run_address>0x9e58</run_address>
         <size>0x223</size>
         <input_file_ref idref="fl-14"/>
      </object_component>
      <object_component id="oc-2b2">
         <name>.debug_info</name>
         <load_address>0xa07b</load_address>
         <run_address>0xa07b</run_address>
         <size>0x1f6</size>
         <input_file_ref idref="fl-14"/>
      </object_component>
      <object_component id="oc-2b8">
         <name>.debug_info</name>
         <load_address>0xa271</load_address>
         <run_address>0xa271</run_address>
         <size>0x1f4</size>
         <input_file_ref idref="fl-14"/>
      </object_component>
      <object_component id="oc-2d6">
         <name>.debug_info</name>
         <load_address>0xa465</load_address>
         <run_address>0xa465</run_address>
         <size>0x227</size>
         <input_file_ref idref="fl-14"/>
      </object_component>
      <object_component id="oc-2d0">
         <name>.debug_info</name>
         <load_address>0xa68c</load_address>
         <run_address>0xa68c</run_address>
         <size>0x227</size>
         <input_file_ref idref="fl-14"/>
      </object_component>
      <object_component id="oc-2db">
         <name>.debug_info</name>
         <load_address>0xa8b3</load_address>
         <run_address>0xa8b3</run_address>
         <size>0x296</size>
         <input_file_ref idref="fl-14"/>
      </object_component>
      <object_component id="oc-368">
         <name>.debug_info</name>
         <load_address>0xab49</load_address>
         <run_address>0xab49</run_address>
         <size>0x212</size>
         <input_file_ref idref="fl-14"/>
      </object_component>
      <object_component id="oc-14d">
         <name>.debug_info</name>
         <load_address>0xad5b</load_address>
         <run_address>0xad5b</run_address>
         <size>0x241</size>
         <input_file_ref idref="fl-14"/>
      </object_component>
      <object_component id="oc-142">
         <name>.debug_info</name>
         <load_address>0xaf9c</load_address>
         <run_address>0xaf9c</run_address>
         <size>0x31b</size>
         <input_file_ref idref="fl-14"/>
      </object_component>
      <object_component id="oc-29e">
         <name>.debug_info</name>
         <load_address>0xb2b7</load_address>
         <run_address>0xb2b7</run_address>
         <size>0x24a</size>
         <input_file_ref idref="fl-14"/>
      </object_component>
      <object_component id="oc-2a4">
         <name>.debug_info</name>
         <load_address>0xb501</load_address>
         <run_address>0xb501</run_address>
         <size>0x21b</size>
         <input_file_ref idref="fl-14"/>
      </object_component>
      <object_component id="oc-1d9">
         <name>.debug_info</name>
         <load_address>0xb71c</load_address>
         <run_address>0xb71c</run_address>
         <size>0x22f</size>
         <input_file_ref idref="fl-14"/>
      </object_component>
      <object_component id="oc-15a">
         <name>.debug_info</name>
         <load_address>0xb94b</load_address>
         <run_address>0xb94b</run_address>
         <size>0x21b</size>
         <input_file_ref idref="fl-14"/>
      </object_component>
      <object_component id="oc-1e1">
         <name>.debug_info</name>
         <load_address>0xbb66</load_address>
         <run_address>0xbb66</run_address>
         <size>0x42e</size>
         <input_file_ref idref="fl-14"/>
      </object_component>
      <object_component id="oc-73">
         <name>.debug_info</name>
         <load_address>0xbf94</load_address>
         <run_address>0xbf94</run_address>
         <size>0x158</size>
         <input_file_ref idref="fl-20"/>
      </object_component>
      <object_component id="oc-83">
         <name>.debug_info</name>
         <load_address>0xc0ec</load_address>
         <run_address>0xc0ec</run_address>
         <size>0x14d</size>
         <input_file_ref idref="fl-22"/>
      </object_component>
      <object_component id="oc-9d">
         <name>.debug_info</name>
         <load_address>0xc239</load_address>
         <run_address>0xc239</run_address>
         <size>0x1bf</size>
         <input_file_ref idref="fl-23"/>
      </object_component>
      <object_component id="oc-49">
         <name>.debug_info</name>
         <load_address>0xc3f8</load_address>
         <run_address>0xc3f8</run_address>
         <size>0x1b6</size>
         <input_file_ref idref="fl-24"/>
      </object_component>
      <object_component id="oc-1c">
         <name>.debug_info</name>
         <load_address>0xc5ae</load_address>
         <run_address>0xc5ae</run_address>
         <size>0x1b7</size>
         <input_file_ref idref="fl-25"/>
      </object_component>
      <object_component id="oc-17">
         <name>.debug_info</name>
         <load_address>0xc765</load_address>
         <run_address>0xc765</run_address>
         <size>0x219</size>
         <input_file_ref idref="fl-26"/>
      </object_component>
      <object_component id="oc-d3">
         <name>.debug_info</name>
         <load_address>0xc97e</load_address>
         <run_address>0xc97e</run_address>
         <size>0x19e</size>
         <input_file_ref idref="fl-27"/>
      </object_component>
      <object_component id="oc-91">
         <name>.debug_info</name>
         <load_address>0xcb1c</load_address>
         <run_address>0xcb1c</run_address>
         <size>0x1a9</size>
         <input_file_ref idref="fl-27"/>
      </object_component>
      <object_component id="oc-d6">
         <name>.debug_info</name>
         <load_address>0xccc5</load_address>
         <run_address>0xccc5</run_address>
         <size>0x107</size>
         <input_file_ref idref="fl-28"/>
      </object_component>
      <object_component id="oc-1c3">
         <name>.debug_info</name>
         <load_address>0xcdcc</load_address>
         <run_address>0xcdcc</run_address>
         <size>0x10b</size>
         <input_file_ref idref="fl-28"/>
      </object_component>
      <object_component id="oc-128">
         <name>.debug_info</name>
         <load_address>0xced7</load_address>
         <run_address>0xced7</run_address>
         <size>0x203</size>
         <input_file_ref idref="fl-28"/>
      </object_component>
      <object_component id="oc-89">
         <name>.debug_info</name>
         <load_address>0xd0da</load_address>
         <run_address>0xd0da</run_address>
         <size>0x15d</size>
         <input_file_ref idref="fl-29"/>
      </object_component>
      <object_component id="oc-41">
         <name>.debug_info</name>
         <load_address>0xd237</load_address>
         <run_address>0xd237</run_address>
         <size>0x19b</size>
         <input_file_ref idref="fl-2c"/>
      </object_component>
      <object_component id="oc-e1">
         <name>.debug_info</name>
         <load_address>0xd3d2</load_address>
         <run_address>0xd3d2</run_address>
         <size>0x147</size>
         <input_file_ref idref="fl-2d"/>
      </object_component>
      <object_component id="oc-3cf">
         <name>.debug_info</name>
         <load_address>0xd519</load_address>
         <run_address>0xd519</run_address>
         <size>0xc0</size>
      </object_component>
      <object_component id="oc-38d">
         <name>.debug_line</name>
         <load_address>0x0</load_address>
         <run_address>0x0</run_address>
         <size>0x7d</size>
         <input_file_ref idref="fl-2"/>
      </object_component>
      <object_component id="oc-312">
         <name>.debug_line</name>
         <load_address>0x7d</load_address>
         <run_address>0x7d</run_address>
         <size>0x80</size>
         <input_file_ref idref="fl-2"/>
      </object_component>
      <object_component id="oc-330">
         <name>.debug_line</name>
         <load_address>0xfd</load_address>
         <run_address>0xfd</run_address>
         <size>0x82</size>
         <input_file_ref idref="fl-2"/>
      </object_component>
      <object_component id="oc-336">
         <name>.debug_line</name>
         <load_address>0x17f</load_address>
         <run_address>0x17f</run_address>
         <size>0x81</size>
         <input_file_ref idref="fl-2"/>
      </object_component>
      <object_component id="oc-318">
         <name>.debug_line</name>
         <load_address>0x200</load_address>
         <run_address>0x200</run_address>
         <size>0x80</size>
         <input_file_ref idref="fl-2"/>
      </object_component>
      <object_component id="oc-31e">
         <name>.debug_line</name>
         <load_address>0x280</load_address>
         <run_address>0x280</run_address>
         <size>0x80</size>
         <input_file_ref idref="fl-2"/>
      </object_component>
      <object_component id="oc-342">
         <name>.debug_line</name>
         <load_address>0x300</load_address>
         <run_address>0x300</run_address>
         <size>0x7e</size>
         <input_file_ref idref="fl-2"/>
      </object_component>
      <object_component id="oc-325">
         <name>.debug_line</name>
         <load_address>0x37e</load_address>
         <run_address>0x37e</run_address>
         <size>0x80</size>
         <input_file_ref idref="fl-2"/>
      </object_component>
      <object_component id="oc-32a">
         <name>.debug_line</name>
         <load_address>0x3fe</load_address>
         <run_address>0x3fe</run_address>
         <size>0x80</size>
         <input_file_ref idref="fl-2"/>
      </object_component>
      <object_component id="oc-34e">
         <name>.debug_line</name>
         <load_address>0x47e</load_address>
         <run_address>0x47e</run_address>
         <size>0x82</size>
         <input_file_ref idref="fl-2"/>
      </object_component>
      <object_component id="oc-33c">
         <name>.debug_line</name>
         <load_address>0x500</load_address>
         <run_address>0x500</run_address>
         <size>0x83</size>
         <input_file_ref idref="fl-2"/>
      </object_component>
      <object_component id="oc-348">
         <name>.debug_line</name>
         <load_address>0x583</load_address>
         <run_address>0x583</run_address>
         <size>0x82</size>
         <input_file_ref idref="fl-2"/>
      </object_component>
      <object_component id="oc-21a">
         <name>.debug_line</name>
         <load_address>0x605</load_address>
         <run_address>0x605</run_address>
         <size>0x89</size>
         <input_file_ref idref="fl-2"/>
      </object_component>
      <object_component id="oc-214">
         <name>.debug_line</name>
         <load_address>0x68e</load_address>
         <run_address>0x68e</run_address>
         <size>0x82</size>
         <input_file_ref idref="fl-2"/>
      </object_component>
      <object_component id="oc-220">
         <name>.debug_line</name>
         <load_address>0x710</load_address>
         <run_address>0x710</run_address>
         <size>0x82</size>
         <input_file_ref idref="fl-2"/>
      </object_component>
      <object_component id="oc-227">
         <name>.debug_line</name>
         <load_address>0x792</load_address>
         <run_address>0x792</run_address>
         <size>0x83</size>
         <input_file_ref idref="fl-2"/>
      </object_component>
      <object_component id="oc-22d">
         <name>.debug_line</name>
         <load_address>0x815</load_address>
         <run_address>0x815</run_address>
         <size>0x84</size>
         <input_file_ref idref="fl-2"/>
      </object_component>
      <object_component id="oc-355">
         <name>.debug_line</name>
         <load_address>0x899</load_address>
         <run_address>0x899</run_address>
         <size>0x82</size>
         <input_file_ref idref="fl-2"/>
      </object_component>
      <object_component id="oc-247">
         <name>.debug_line</name>
         <load_address>0x91b</load_address>
         <run_address>0x91b</run_address>
         <size>0x7f</size>
         <input_file_ref idref="fl-2"/>
      </object_component>
      <object_component id="oc-23b">
         <name>.debug_line</name>
         <load_address>0x99a</load_address>
         <run_address>0x99a</run_address>
         <size>0x7f</size>
         <input_file_ref idref="fl-2"/>
      </object_component>
      <object_component id="oc-253">
         <name>.debug_line</name>
         <load_address>0xa19</load_address>
         <run_address>0xa19</run_address>
         <size>0x7f</size>
         <input_file_ref idref="fl-2"/>
      </object_component>
      <object_component id="oc-24d">
         <name>.debug_line</name>
         <load_address>0xa98</load_address>
         <run_address>0xa98</run_address>
         <size>0x7f</size>
         <input_file_ref idref="fl-2"/>
      </object_component>
      <object_component id="oc-259">
         <name>.debug_line</name>
         <load_address>0xb17</load_address>
         <run_address>0xb17</run_address>
         <size>0x7f</size>
         <input_file_ref idref="fl-2"/>
      </object_component>
      <object_component id="oc-241">
         <name>.debug_line</name>
         <load_address>0xb96</load_address>
         <run_address>0xb96</run_address>
         <size>0x7f</size>
         <input_file_ref idref="fl-2"/>
      </object_component>
      <object_component id="oc-265">
         <name>.debug_line</name>
         <load_address>0xc15</load_address>
         <run_address>0xc15</run_address>
         <size>0x8d</size>
         <input_file_ref idref="fl-2"/>
      </object_component>
      <object_component id="oc-25f">
         <name>.debug_line</name>
         <load_address>0xca2</load_address>
         <run_address>0xca2</run_address>
         <size>0x84</size>
         <input_file_ref idref="fl-2"/>
      </object_component>
      <object_component id="oc-26b">
         <name>.debug_line</name>
         <load_address>0xd26</load_address>
         <run_address>0xd26</run_address>
         <size>0x85</size>
         <input_file_ref idref="fl-2"/>
      </object_component>
      <object_component id="oc-271">
         <name>.debug_line</name>
         <load_address>0xdab</load_address>
         <run_address>0xdab</run_address>
         <size>0x7f</size>
         <input_file_ref idref="fl-2"/>
      </object_component>
      <object_component id="oc-277">
         <name>.debug_line</name>
         <load_address>0xe2a</load_address>
         <run_address>0xe2a</run_address>
         <size>0x7f</size>
         <input_file_ref idref="fl-2"/>
      </object_component>
      <object_component id="oc-27d">
         <name>.debug_line</name>
         <load_address>0xea9</load_address>
         <run_address>0xea9</run_address>
         <size>0x7f</size>
         <input_file_ref idref="fl-2"/>
      </object_component>
      <object_component id="oc-283">
         <name>.debug_line</name>
         <load_address>0xf28</load_address>
         <run_address>0xf28</run_address>
         <size>0x7f</size>
         <input_file_ref idref="fl-2"/>
      </object_component>
      <object_component id="oc-289">
         <name>.debug_line</name>
         <load_address>0xfa7</load_address>
         <run_address>0xfa7</run_address>
         <size>0x83</size>
         <input_file_ref idref="fl-2"/>
      </object_component>
      <object_component id="oc-28c">
         <name>.debug_line</name>
         <load_address>0x102a</load_address>
         <run_address>0x102a</run_address>
         <size>0x9d</size>
         <input_file_ref idref="fl-2"/>
      </object_component>
      <object_component id="oc-105">
         <name>.debug_line</name>
         <load_address>0x10c7</load_address>
         <run_address>0x10c7</run_address>
         <size>0x4c</size>
         <input_file_ref idref="fl-2"/>
      </object_component>
      <object_component id="oc-196">
         <name>.debug_line</name>
         <load_address>0x1113</load_address>
         <run_address>0x1113</run_address>
         <size>0x4e</size>
         <input_file_ref idref="fl-2"/>
      </object_component>
      <object_component id="oc-1a8">
         <name>.debug_line</name>
         <load_address>0x1161</load_address>
         <run_address>0x1161</run_address>
         <size>0x49</size>
         <input_file_ref idref="fl-2"/>
      </object_component>
      <object_component id="oc-234">
         <name>.debug_line</name>
         <load_address>0x11aa</load_address>
         <run_address>0x11aa</run_address>
         <size>0x55</size>
         <input_file_ref idref="fl-2"/>
      </object_component>
      <object_component id="oc-1a2">
         <name>.debug_line</name>
         <load_address>0x11ff</load_address>
         <run_address>0x11ff</run_address>
         <size>0x4a</size>
         <input_file_ref idref="fl-2"/>
      </object_component>
      <object_component id="oc-1ab">
[...]
         <usage_details>
         </usage_details>
      </memory_area>
      <memory_area display="yes" color="green">
         <name>FLASH_BANK1_SEC6</name>
         <page_id>0x0</page_id>
         <origin>0x96000</origin>
         <length>0x1000</length>
         <used_space>0x0</used_space>
         <unused_space>0x1000</unused_space>
         <attributes>RWIX</attributes>
         <usage_details>
         </usage_details>
      </memory_area>
      <memory_area display="yes" color="green">
         <name>FLASH_BANK1_SEC7</name>
         <page_id>0x0</page_id>
         <origin>0x97000</origin>
         <length>0x1000</length>
         <used_space>0x0</used_space>
         <unused_space>0x1000</unused_space>
         <attributes>RWIX</attributes>
         <usage_details>
         </usage_details>
      </memory_area>
      <memory_area display="yes" color="green">
         <name>FLASH_BANK1_SEC8</name>
         <page_id>0x0</page_id>
         <origin>0x98000</origin>
         <length>0x1000</length>
         <used_space>0x0</used_space>
         <unused_space>0x1000</unused_space>
         <attributes>RWIX</attributes>
         <usage_details>
         </usage_details>
      </memory_area>
      <memory_area display="yes" color="green">
         <name>FLASH_BANK1_SEC9</name>
         <page_id>0x0</page_id>
         <origin>0x99000</origin>
         <length>0x1000</length>
         <used_space>0x0</used_space>
         <unused_space>0x1000</unused_space>
         <attributes>RWIX</attributes>
         <usage_details>
         </usage_details>
      </memory_area>
      <memory_area display="yes" color="green">
         <name>FLASH_BANK1_SEC10</name>
         <page_id>0x0</page_id>
         <origin>0x9a000</origin>
         <length>0x1000</length>
         <used_space>0x0</used_space>
         <unused_space>0x1000</unused_space>
         <attributes>RWIX</attributes>
         <usage_details>
         </usage_details>
      </memory_area>
      <memory_area display="yes" color="green">
         <name>FLASH_BANK1_SEC11</name>
         <page_id>0x0</page_id>
         <origin>0x9b000</origin>
         <length>0x1000</length>
         <used_space>0x0</used_space>
         <unused_space>0x1000</unused_space>
         <attributes>RWIX</attributes>
         <usage_details>
         </usage_details>
      </memory_area>
      <memory_area display="yes" color="green">
         <name>FLASH_BANK1_SEC12</name>
         <page_id>0x0</page_id>
         <origin>0x9c000</origin>
         <length>0x1000</length>
         <used_space>0x0</used_space>
         <unused_space>0x1000</unused_space>
         <attributes>RWIX</attributes>
         <usage_details>
         </usage_details>
      </memory_area>
      <memory_area display="yes" color="green">
         <name>FLASH_BANK1_SEC13</name>
         <page_id>0x0</page_id>
         <origin>0x9d000</origin>
         <length>0x1000</length>
         <used_space>0x0</used_space>
         <unused_space>0x1000</unused_space>
         <attributes>RWIX</attributes>
         <usage_details>
         </usage_details>
      </memory_area>
      <memory_area display="yes" color="green">
         <name>FLASH_BANK1_SEC14</name>
         <page_id>0x0</page_id>
         <origin>0x9e000</origin>
         <length>0x1000</length>
         <used_space>0x0</used_space>
         <unused_space>0x1000</unused_space>
         <attributes>RWIX</attributes>
         <usage_details>
         </usage_details>
      </memory_area>
      <memory_area display="yes" color="green">
         <name>FLASH_BANK1_SEC15</name>
         <page_id>0x0</page_id>
         <origin>0x9f000</origin>
         <length>0x1000</length>
         <used_space>0x0</used_space>
         <unused_space>0x1000</unused_space>
         <attributes>RWIX</attributes>
         <usage_details>
         </usage_details>
      </memory_area>
      <memory_area display="no" color="green">
         <name>RESET</name>
         <page_id>0x0</page_id>
         <origin>0x3fffc0</origin>
         <length>0x2</length>
         <used_space>0x0</used_space>
         <unused_space>0x2</unused_space>
         <attributes>RWIX</attributes>
         <usage_details>
         </usage_details>
      </memory_area>
      <memory_area display="yes" color="green">
         <name>BOOT_RSVD</name>
         <page_id>0x1</page_id>
         <origin>0x2</origin>
         <length>0xf1</length>
         <used_space>0x0</used_space>
         <unused_space>0xf1</unused_space>
         <attributes>RWIX</attributes>
         <usage_details>
         </usage_details>
      </memory_area>
      <memory_area display="yes" color="green">
         <name>RAMM1</name>
         <page_id>0x1</page_id>
         <origin>0x400</origin>
         <length>0x3f8</length>
         <used_space>0x3f8</used_space>
         <unused_space>0x0</unused_space>
         <attributes>RWIX</attributes>
         <usage_details>
            <allocated_space>
               <start_address>0x400</start_address>
               <size>0x3f8</size>
               <logical_group_ref idref="lg-8"/>
            </allocated_space>
         </usage_details>
      </memory_area>
      <memory_area display="yes" color="green">
         <name>RAMLS5</name>
         <page_id>0x1</page_id>
         <origin>0xa800</origin>
         <length>0x800</length>
         <used_space>0x2ef</used_space>
         <unused_space>0x511</unused_space>
         <attributes>RWIX</attributes>
         <usage_details>
            <allocated_space>
               <start_address>0xa800</start_address>
               <size>0x2e3</size>
               <logical_group_ref idref="lg-c"/>
            </allocated_space>
            <available_space>
               <start_address>0xaae3</start_address>
               <size>0x1</size>
            </available_space>
            <allocated_space>
               <start_address>0xaae4</start_address>
               <size>0xa</size>
               <logical_group_ref idref="lg-d"/>
            </allocated_space>
            <allocated_space>
               <start_address>0xaaee</start_address>
               <size>0x2</size>
               <logical_group_ref idref="lg-9"/>
            </allocated_space>
            <available_space>
               <start_address>0xaaf0</start_address>
               <size>0x510</size>
            </available_space>
         </usage_details>
      </memory_area>
      <memory_area display="yes" color="green">
         <name>RAMLS6</name>
         <page_id>0x1</page_id>
         <origin>0xb000</origin>
         <length>0x800</length>
         <used_space>0x0</used_space>
         <unused_space>0x800</unused_space>
         <attributes>RWIX</attributes>
         <usage_details>
         </usage_details>
      </memory_area>
      <memory_area display="yes" color="green">
         <name>RAMLS7</name>
         <page_id>0x1</page_id>
         <origin>0xb800</origin>
         <length>0x800</length>
         <used_space>0x0</used_space>
         <unused_space>0x800</unused_space>
         <attributes>RWIX</attributes>
         <usage_details>
         </usage_details>
      </memory_area>
      <memory_area display="yes" color="green">
         <name>RAMGS0</name>
         <page_id>0x1</page_id>
         <origin>0xc000</origin>
         <length>0x2000</length>
         <used_space>0x0</used_space>
         <unused_space>0x2000</unused_space>
         <attributes>RWIX</attributes>
         <usage_details>
         </usage_details>
      </memory_area>
      <memory_area display="yes" color="green">
         <name>RAMGS1</name>
         <page_id>0x1</page_id>
         <origin>0xe000</origin>
         <length>0x2000</length>
         <used_space>0x0</used_space>
         <unused_space>0x2000</unused_space>
         <attributes>RWIX</attributes>
         <usage_details>
         </usage_details>
      </memory_area>
      <memory_area display="yes" color="green">
         <name>RAMGS2</name>
         <page_id>0x1</page_id>
         <origin>0x10000</origin>
         <length>0x2000</length>
         <used_space>0x0</used_space>
         <unused_space>0x2000</unused_space>
         <attributes>RWIX</attributes>
         <usage_details>
         </usage_details>
      </memory_area>
      <memory_area display="yes" color="green">
         <name>RAMGS3</name>
         <page_id>0x1</page_id>
         <origin>0x12000</origin>
         <length>0x1ff8</length>
         <used_space>0x0</used_space>
         <unused_space>0x1ff8</unused_space>
         <attributes>RWIX</attributes>
         <usage_details>
         </usage_details>
      </memory_area>
   </placement_map>
   <cptbl_list>
      <cptbl>
         <name>__TI_cinit_table</name>
         <cprec>
            <name>.data</name>
            <load_address>0xfa</load_address>
            <load_size>0x8</load_size>
            <run_address>0xaae4</run_address>
            <run_size>0xa</run_size>
            <compression>lzss</compression>
         </cprec>
         <cprec>
            <name>.bss</name>
            <load_address>0x108</load_address>
            <load_size>0x4</load_size>
            <run_address>0xaaee</run_address>
            <run_size>0x2</run_size>
            <compression>zero_init</compression>
         </cprec>
      </cptbl>
   </cptbl_list>
   <handler_table>
      <handler_table_name>__TI_handler_table</handler_table_name>
      <handler>
         <index>0x0</index>
         <name>__TI_zero_init</name>
      </handler>
      <handler>
         <index>0x1</index>
         <name>__TI_decompress_lzss</name>
      </handler>
      <handler>
         <index>0x2</index>
         <name>__TI_decompress_none</name>
      </handler>
   </handler_table>
   <symbol_table>
      <symbol id="sm-1">
         <name>__TI_CINIT_Base</name>
         <value>0x10c</value>
      </symbol>
      <symbol id="sm-2">
         <name>__TI_CINIT_Limit</name>
         <value>0x114</value>
      </symbol>
      <symbol id="sm-3">
         <name>__TI_CINIT_Warm</name>
         <value>0x114</value>
      </symbol>
      <symbol id="sm-4">
         <name>__TI_Handler_Table_Base</name>
         <value>0x102</value>
      </symbol>
      <symbol id="sm-5">
         <name>__TI_Handler_Table_Limit</name>
         <value>0x108</value>
      </symbol>
      <symbol id="sm-6">
         <name>__TI_STACK_SIZE</name>
         <value>0x3f8</value>
      </symbol>
      <symbol id="sm-7">
         <name>__TI_STACK_END</name>
         <value>0x7f8</value>
      </symbol>
      <symbol id="sm-8">
         <name>__TI_pprof_out_hndl</name>
         <value>0xffffffff</value>
      </symbol>
      <symbol id="sm-9">
         <name>__TI_prof_data_start</name>
         <value>0xffffffff</value>
      </symbol>
      <symbol id="sm-a">
         <name>__TI_prof_data_size</name>
         <value>0xffffffff</value>
      </symbol>
      <symbol id="sm-1a0">
         <name>PinMux_init</name>
         <value>0x8ab4</value>
         <object_component_ref idref="oc-192"/>
      </symbol>
      <symbol id="sm-1a1">
         <name>Board_init</name>
         <value>0x8e54</value>
         <object_component_ref idref="oc-104"/>
      </symbol>
      <symbol id="sm-1a2">
         <name>ADC_init</name>
         <value>0x8efb</value>
         <object_component_ref idref="oc-1a4"/>
      </symbol>
      <symbol id="sm-1a3">
         <name>myADC0_init</name>
         <value>0x8544</value>
         <object_component_ref idref="oc-230"/>
      </symbol>
      <symbol id="sm-1a4">
         <name>SYNC_init</name>
         <value>0x8ad2</value>
         <object_component_ref idref="oc-198"/>
      </symbol>
      <symbol id="sm-1a5">
         <name>EPWM_init</name>
         <value>0x825d</value>
         <object_component_ref idref="oc-1aa"/>
      </symbol>
      <symbol id="sm-1a6">
         <name>ASYSCTL_init</name>
         <value>0x8ef5</value>
         <object_component_ref idref="oc-19e"/>
      </symbol>
      <symbol id="sm-1b3">
         <name>C2000Ware_libraries_init</name>
         <value>0x87ff</value>
         <object_component_ref idref="oc-10a"/>
      </symbol>
      <symbol id="sm-1e5">
         <name>main</name>
         <value>0x8a3b</value>
         <object_component_ref idref="oc-ca"/>
      </symbol>
      <symbol id="sm-1e6">
         <name>ADC_soft</name>
         <value>0xaaee</value>
         <object_component_ref idref="oc-11c"/>
      </symbol>
      <symbol id="sm-1e7">
         <name>PWMCNT</name>
         <value>0xaaef</value>
         <object_component_ref idref="oc-11c"/>
      </symbol>
      <symbol id="sm-23e">
         <name>Device_enableAllPeripherals</name>
         <value>0x8000</value>
         <object_component_ref idref="oc-164"/>
      </symbol>
      <symbol id="sm-23f">
         <name>Device_initGPIO</name>
         <value>0x8e25</value>
         <object_component_ref idref="oc-f8"/>
      </symbol>
      <symbol id="sm-240">
         <name>Device_init</name>
         <value>0x84aa</value>
         <object_component_ref idref="oc-f2"/>
      </symbol>
      <symbol id="sm-241">
         <name>__error__</name>
         <value>0x8eee</value>
         <object_component_ref idref="oc-152"/>
      </symbol>
      <symbol id="sm-250">
         <name>code_start</name>
         <value>0x0</value>
         <object_component_ref idref="oc-20"/>
      </symbol>
      <symbol id="sm-25f">
         <name>ADC_setOffsetTrimAll</name>
         <value>0x8907</value>
         <object_component_ref idref="oc-308"/>
      </symbol>
      <symbol id="sm-2a6">
         <name>GPIO_setQualificationMode</name>
         <value>0x86fb</value>
         <object_component_ref idref="oc-209"/>
      </symbol>
      <symbol id="sm-2a7">
         <name>GPIO_setPadConfig</name>
         <value>0x8458</value>
         <object_component_ref idref="oc-170"/>
      </symbol>
      <symbol id="sm-2a8">
         <name>GPIO_setAnalogMode</name>
         <value>0x868a</value>
         <object_component_ref idref="oc-17c"/>
      </symbol>
      <symbol id="sm-2a9">
         <name>GPIO_setDirectionMode</name>
         <value>0x879e</value>
         <object_component_ref idref="oc-176"/>
      </symbol>
      <symbol id="sm-2aa">
         <name>GPIO_setPinConfig</name>
         <value>0x86c4</value>
         <object_component_ref idref="oc-203"/>
      </symbol>
      <symbol id="sm-2e4">
         <name>Interrupt_defaultHandler</name>
         <value>0x8cad</value>
         <object_component_ref idref="oc-25"/>
      </symbol>
      <symbol id="sm-2e5">
         <name>Interrupt_initModule</name>
         <value>0x864d</value>
         <object_component_ref idref="oc-fe"/>
      </symbol>
      <symbol id="sm-2e6">
         <name>Interrupt_nmiHandler</name>
         <value>0x8eb5</value>
         <object_component_ref idref="oc-37"/>
      </symbol>
      <symbol id="sm-2e7">
         <name>Interrupt_initVectorTable</name>
         <value>0x8a96</value>
         <object_component_ref idref="oc-27"/>
      </symbol>
      <symbol id="sm-2e8">
         <name>Interrupt_illegalOperationHandler</name>
         <value>0x8eab</value>
         <object_component_ref idref="oc-31"/>
      </symbol>
      <symbol id="sm-3fc">
         <name>SysCtl_isPLLValid</name>
         <value>0x81a0</value>
         <object_component_ref idref="oc-1de"/>
      </symbol>
      <symbol id="sm-3fd">
         <name>SysCtl_delay</name>
         <value>0xf6</value>
         <object_component_ref idref="oc-1dd"/>
      </symbol>
      <symbol id="sm-3fe">
         <name>SysCtl_selectXTALSingleEnded</name>
         <value>0x89dd</value>
         <object_component_ref idref="oc-2a2"/>
      </symbol>
      <symbol id="sm-3ff">
         <name>SysCtl_selectXTAL</name>
         <value>0x8768</value>
         <object_component_ref idref="oc-29c"/>
      </symbol>
      <symbol id="sm-400">
         <name>SysCtl_selectOscSource</name>
         <value>0x84fb</value>
         <object_component_ref idref="oc-1d7"/>
      </symbol>
      <symbol id="sm-401">
         <name>SysCtl_getLowSpeedClock</name>
         <value>0x8b97</value>
         <object_component_ref idref="oc-158"/>
      </symbol>
      <symbol id="sm-402">
         <name>SysCtl_setClock</name>
         <value>0x80e0</value>
         <object_component_ref idref="oc-13f"/>
      </symbol>
      <symbol id="sm-403">
         <name>SysCtl_getClock</name>
         <value>0x83fa</value>
         <object_component_ref idref="oc-14b"/>
      </symbol>
      <symbol id="sm-40d">
         <name>_c_int00</name>
         <value>0x8c3e</value>
         <object_component_ref idref="oc-70"/>
      </symbol>
      <symbol id="sm-40e">
         <name>__stack</name>
         <value>0x400</value>
         <object_component_ref idref="oc-3d"/>
      </symbol>
      <symbol id="sm-41c">
         <name>_system_pre_init</name>
         <value>0x8efe</value>
         <object_component_ref idref="oc-81"/>
      </symbol>
      <symbol id="sm-42b">
         <name>__TI_auto_init_nobinit_nopinit</name>
         <value>0x88b3</value>
         <object_component_ref idref="oc-9a"/>
      </symbol>
      <symbol id="sm-43a">
         <name>__TI_zero_init_nomemset</name>
         <value>0x8e7b</value>
         <object_component_ref idref="oc-48"/>
      </symbol>
      <symbol id="sm-447">
         <name>__TI_decompress_none</name>
         <value>0x8ed0</value>
         <object_component_ref idref="oc-19"/>
      </symbol>
      <symbol id="sm-45b">
         <name>__TI_decompress_lzss</name>
         <value>0x87cf</value>
         <object_component_ref idref="oc-13"/>
      </symbol>
      <symbol id="sm-471">
         <name>C$$EXIT</name>
         <value>0x88de</value>
         <object_component_ref idref="oc-8e"/>
      </symbol>
      <symbol id="sm-472">
         <name>abort</name>
         <value>0x88de</value>
         <object_component_ref idref="oc-8e"/>
      </symbol>
      <symbol id="sm-473">
         <name>exit</name>
         <value>0x88e0</value>
         <object_component_ref idref="oc-8e"/>
      </symbol>
      <symbol id="sm-474">
         <name>__TI_dtors_ptr</name>
         <value>0xaae8</value>
         <object_component_ref idref="oc-d2"/>
      </symbol>
      <symbol id="sm-475">
         <name>__TI_cleanup_ptr</name>
         <value>0xaae6</value>
         <object_component_ref idref="oc-d2"/>
      </symbol>
      <symbol id="sm-476">
         <name>__TI_enable_exit_profile_output</name>
         <value>0xaae4</value>
         <object_component_ref idref="oc-d2"/>
      </symbol>
      <symbol id="sm-48d">
         <name>_nop</name>
         <value>0x8ec7</value>
         <object_component_ref idref="oc-126"/>
      </symbol>
      <symbol id="sm-48e">
         <name>_lock</name>
         <value>0xaaea</value>
         <object_component_ref idref="oc-d5"/>
      </symbol>
      <symbol id="sm-48f">
         <name>_unlock</name>
         <value>0xaaec</value>
         <object_component_ref idref="oc-1c2"/>
      </symbol>
      <symbol id="sm-490">
         <name>_register_lock</name>
         <value>0x8ec3</value>
         <object_component_ref idref="oc-126"/>
      </symbol>
      <symbol id="sm-491">
         <name>_register_unlock</name>
         <value>0x8ebf</value>
         <object_component_ref idref="oc-126"/>
      </symbol>
      <symbol id="sm-4a0">
         <name>_args_main</name>
         <value>0x8e94</value>
         <object_component_ref idref="oc-88"/>
      </symbol>
      <symbol id="sm-4b4">
         <name>memcpy</name>
         <value>0x8af0</value>
         <object_component_ref idref="oc-40"/>
      </symbol>
      <symbol id="sm-4c1">
         <name>_system_post_cinit</name>
         <value>0x8f00</value>
         <object_component_ref idref="oc-dd"/>
      </symbol>
      <symbol id="sm-4c3">
         <name>__c_args__</name>
         <value>0x0</value>
      </symbol>
   </symbol_table>
   <title>Link successful</title>
</link_info>
